Archive member included to satisfy reference by file (symbol)

c:/progra~2/armgnu~1/1213fb~1.2mp/bin/../lib/gcc/arm-none-eabi/12.2.0/thumb/v6-m/nofp\libgcc.a(_dvmd_tls.o)
                              CMakeFiles/flatbox-rev4.dir/C_/Pico/pico-sdk/src/rp2_common/pico_divider/divider.S.obj (__aeabi_idiv0)
c:/progra~2/armgnu~1/1213fb~1.2mp/bin/../lib/gcc/arm-none-eabi/12.2.0/thumb/v6-m/nofp\libg.a(libc_a-calloc.o)
                              CMakeFiles/flatbox-rev4.dir/C_/Pico/pico-sdk/src/rp2_common/pico_malloc/pico_malloc.c.obj (calloc)
c:/progra~2/armgnu~1/1213fb~1.2mp/bin/../lib/gcc/arm-none-eabi/12.2.0/thumb/v6-m/nofp\libg.a(libc_a-callocr.o)
                              c:/progra~2/armgnu~1/1213fb~1.2mp/bin/../lib/gcc/arm-none-eabi/12.2.0/thumb/v6-m/nofp\libg.a(libc_a-calloc.o) (_calloc_r)
c:/progra~2/armgnu~1/1213fb~1.2mp/bin/../lib/gcc/arm-none-eabi/12.2.0/thumb/v6-m/nofp\libg.a(libc_a-malloc.o)
                              CMakeFiles/flatbox-rev4.dir/C_/Pico/pico-sdk/src/rp2_common/pico_malloc/pico_malloc.c.obj (malloc)
c:/progra~2/armgnu~1/1213fb~1.2mp/bin/../lib/gcc/arm-none-eabi/12.2.0/thumb/v6-m/nofp\libg.a(libc_a-mallocr.o)
                              c:/progra~2/armgnu~1/1213fb~1.2mp/bin/../lib/gcc/arm-none-eabi/12.2.0/thumb/v6-m/nofp\libg.a(libc_a-callocr.o) (_malloc_r)
c:/progra~2/armgnu~1/1213fb~1.2mp/bin/../lib/gcc/arm-none-eabi/12.2.0/thumb/v6-m/nofp\libg.a(libc_a-mlock.o)
                              c:/progra~2/armgnu~1/1213fb~1.2mp/bin/../lib/gcc/arm-none-eabi/12.2.0/thumb/v6-m/nofp\libg.a(libc_a-mallocr.o) (__malloc_lock)
c:/progra~2/armgnu~1/1213fb~1.2mp/bin/../lib/gcc/arm-none-eabi/12.2.0/thumb/v6-m/nofp\libg.a(libc_a-realloc.o)
                              CMakeFiles/flatbox-rev4.dir/C_/Pico/pico-sdk/src/rp2_common/pico_malloc/pico_malloc.c.obj (realloc)
c:/progra~2/armgnu~1/1213fb~1.2mp/bin/../lib/gcc/arm-none-eabi/12.2.0/thumb/v6-m/nofp\libg.a(libc_a-reallocr.o)
                              c:/progra~2/armgnu~1/1213fb~1.2mp/bin/../lib/gcc/arm-none-eabi/12.2.0/thumb/v6-m/nofp\libg.a(libc_a-realloc.o) (_realloc_r)
c:/progra~2/armgnu~1/1213fb~1.2mp/bin/../lib/gcc/arm-none-eabi/12.2.0/thumb/v6-m/nofp\libg.a(libc_a-memcmp.o)
                              CMakeFiles/flatbox-rev4.dir/src/flatbox.cpp.obj (memcmp)
c:/progra~2/armgnu~1/1213fb~1.2mp/bin/../lib/gcc/arm-none-eabi/12.2.0/thumb/v6-m/nofp\libg.a(libc_a-memmove.o)
                              c:/progra~2/armgnu~1/1213fb~1.2mp/bin/../lib/gcc/arm-none-eabi/12.2.0/thumb/v6-m/nofp\libg.a(libc_a-reallocr.o) (memmove)
c:/progra~2/armgnu~1/1213fb~1.2mp/bin/../lib/gcc/arm-none-eabi/12.2.0/thumb/v6-m/nofp\libg.a(libc_a-impure.o)
                              c:/progra~2/armgnu~1/1213fb~1.2mp/bin/../lib/gcc/arm-none-eabi/12.2.0/thumb/v6-m/nofp\libg.a(libc_a-calloc.o) (_impure_ptr)
c:/progra~2/armgnu~1/1213fb~1.2mp/bin/../lib/gcc/arm-none-eabi/12.2.0/thumb/v6-m/nofp\libg.a(libc_a-sbrkr.o)
                              c:/progra~2/armgnu~1/1213fb~1.2mp/bin/../lib/gcc/arm-none-eabi/12.2.0/thumb/v6-m/nofp\libg.a(libc_a-mallocr.o) (_sbrk_r)
c:/progra~2/armgnu~1/1213fb~1.2mp/bin/../lib/gcc/arm-none-eabi/12.2.0/thumb/v6-m/nofp\libg.a(libc_a-errno.o)
                              c:/progra~2/armgnu~1/1213fb~1.2mp/bin/../lib/gcc/arm-none-eabi/12.2.0/thumb/v6-m/nofp\libg.a(libc_a-callocr.o) (__errno)
c:/progra~2/armgnu~1/1213fb~1.2mp/bin/../lib/gcc/arm-none-eabi/12.2.0/thumb/v6-m/nofp\libg.a(libc_a-init.o)
                              c:/progra~2/armgnu~1/1213fb~1.2mp/bin/../lib/gcc/arm-none-eabi/12.2.0/thumb/v6-m/nofp/crt0.o (__libc_init_array)
c:/progra~2/armgnu~1/1213fb~1.2mp/bin/../lib/gcc/arm-none-eabi/12.2.0/thumb/v6-m/nofp\libg.a(libc_a-lock.o)
                              c:/progra~2/armgnu~1/1213fb~1.2mp/bin/../lib/gcc/arm-none-eabi/12.2.0/thumb/v6-m/nofp\libg.a(libc_a-mlock.o) (__retarget_lock_acquire_recursive)
c:/progra~2/armgnu~1/1213fb~1.2mp/bin/../lib/gcc/arm-none-eabi/12.2.0/thumb/v6-m/nofp\libg.a(libc_a-strlen-stub.o)
                              CMakeFiles/flatbox-rev4.dir/src/flatbox.cpp.obj (strlen)
c:/progra~2/armgnu~1/1213fb~1.2mp/bin/../lib/gcc/arm-none-eabi/12.2.0/thumb/v6-m/nofp\libg.a(libc_a-freer.o)
                              c:/progra~2/armgnu~1/1213fb~1.2mp/bin/../lib/gcc/arm-none-eabi/12.2.0/thumb/v6-m/nofp\libg.a(libc_a-malloc.o) (_free_r)
c:/progra~2/armgnu~1/1213fb~1.2mp/bin/../lib/gcc/arm-none-eabi/12.2.0/thumb/v6-m/nofp\libg.a(libc_a-findfp.o)
                              c:/progra~2/armgnu~1/1213fb~1.2mp/bin/../lib/gcc/arm-none-eabi/12.2.0/thumb/v6-m/nofp\libg.a(libc_a-impure.o) (__sf)
c:/progra~2/armgnu~1/1213fb~1.2mp/bin/../lib/gcc/arm-none-eabi/12.2.0/thumb/v6-m/nofp\libg.a(libc_a-fwalk.o)
                              c:/progra~2/armgnu~1/1213fb~1.2mp/bin/../lib/gcc/arm-none-eabi/12.2.0/thumb/v6-m/nofp\libg.a(libc_a-findfp.o) (_fwalk_sglue)
c:/progra~2/armgnu~1/1213fb~1.2mp/bin/../lib/gcc/arm-none-eabi/12.2.0/thumb/v6-m/nofp\libg.a(libc_a-stdio.o)
[...]
Memory Configuration

Name             Origin             Length             Attributes
FLASH            0x10000000         0x00200000         xr
RAM              0x20000000         0x00040000         xrw
SCRATCH_X        0x20040000         0x00001000         xrw
SCRATCH_Y        0x20041000         0x00001000         xrw
*default*        0x00000000         0xffffffff

Linker script and memory map

LOAD c:/progra~2/armgnu~1/1213fb~1.2mp/bin/../lib/gcc/arm-none-eabi/12.2.0/thumb/v6-m/nofp/crti.o
LOAD c:/progra~2/armgnu~1/1213fb~1.2mp/bin/../lib/gcc/arm-none-eabi/12.2.0/thumb/v6-m/nofp/crtbegin.o
LOAD c:/progra~2/armgnu~1/1213fb~1.2mp/bin/../lib/gcc/arm-none-eabi/12.2.0/thumb/v6-m/nofp/crt0.o

.flash_begin    0x10000000        0x0
                0x10000000                        __flash_binary_start = .

.boot2          0x10000000      0x100
                0x10000000                        __boot2_start__ = .
 *(.boot2)
 .boot2         0x10000000      0x100 C:\Users\hiroshi\AppData\Local\Temp\ccgR33zM.o
                0x10000100                        __boot2_end__ = .
                0x00000001                        ASSERT (((__boot2_end__ - __boot2_start__) == 0x100), ERROR: Pico second stage bootloader must be 256 bytes in size)

.text           0x10000100     0x8c48
                0x10000100                        __logical_binary_start = .
 *(.vectors)
 .vectors       0x10000100       0xd4 CMakeFiles/flatbox-rev4.dir/C_/Pico/pico-sdk/src/rp2_common/pico_standard_link/crt0.S.obj
                0x10000100                __VECTOR_TABLE
                0x10000100                __vectors
                0x100001c0                isr_invalid
                0x100001c0                __default_isrs_start
                0x100001c2                isr_nmi
                0x100001c4                isr_hardfault
                0x100001c6                isr_svcall
                0x100001c8                isr_pendsv
                0x100001ca                isr_systick
                0x100001cc                isr_irq23
                0x100001cc                isr_irq18
                0x100001cc                isr_irq11
                0x100001cc                isr_irq28
                0x100001cc                isr_irq19
                0x100001cc                isr_irq0
                0x100001cc                isr_irq6
                0x100001cc                isr_irq5
                0x100001cc                isr_irq12
                0x100001cc                isr_irq22
                0x100001cc                isr_irq31
                0x100001cc                isr_irq17
                0x100001cc                isr_irq27
                0x100001cc                isr_irq30
                0x100001cc                isr_irq2
                0x100001cc                isr_irq10
                0x100001cc                isr_irq8
                0x100001cc                isr_irq24
                0x100001cc                isr_irq1
                0x100001cc                isr_irq7
                0x100001cc                isr_irq21
                0x100001cc                isr_irq20
                0x100001cc                isr_irq15
                0x100001cc                isr_irq25
                0x100001cc                isr_irq13
                0x100001cc                __unhandled_user_irq
                0x100001cc                isr_irq4
                0x100001cc                isr_irq16
                0x100001cc                isr_irq29
                0x100001cc                isr_irq26
                0x100001cc                __default_isrs_end
                0x100001cc                isr_irq3
                0x100001cc                isr_irq14
                0x100001cc                isr_irq9
                0x100001d2                unhandled_user_irq_num_in_r0
 *(.binary_info_header)
 .binary_info_header
                0x100001d4       0x14 CMakeFiles/flatbox-rev4.dir/C_/Pico/pico-sdk/src/rp2_common/pico_standard_link/crt0.S.obj
                0x100001e8                        __binary_info_header_end = .
 *(.reset)
 .reset         0x100001e8       0xa0 CMakeFiles/flatbox-rev4.dir/C_/Pico/pico-sdk/src/rp2_common/pico_standard_link/crt0.S.obj
                0x100001e8                _entry_point
 .reset         0x10000288       0x30 CMakeFiles/flatbox-rev4.dir/C_/Pico/pico-sdk/src/rp2_common/pico_standard_link/binary_info.c.obj
 *(.init)
 .init          0x100002b8        0x4 c:/progra~2/armgnu~1/1213fb~1.2mp/bin/../lib/gcc/arm-none-eabi/12.2.0/thumb/v6-m/nofp/crti.o
                0x100002b8                _init
 *(EXCLUDE_FILE(*libm.a: *libc.a:*lib_a-mem*.o *libgcc.a:) .text*)
 .text.register_tm_clones
                0x100002bc       0x28 c:/progra~2/armgnu~1/1213fb~1.2mp/bin/../lib/gcc/arm-none-eabi/12.2.0/thumb/v6-m/nofp/crtbegin.o
 .text.frame_dummy
                0x100002e4       0x24 c:/progra~2/armgnu~1/1213fb~1.2mp/bin/../lib/gcc/arm-none-eabi/12.2.0/thumb/v6-m/nofp/crtbegin.o
 .text._ZL21save_setting_to_flashiii
                0x10000308       0x34 CMakeFiles/flatbox-rev4.dir/src/flatbox.cpp.obj
 .text._Z41__static_initialization_and_destruction_0ii
                0x1000033c       0x3c CMakeFiles/flatbox-rev4.dir/src/flatbox.cpp.obj
 .text._Z23load_setting_from_flashv
                0x10000378       0x30 CMakeFiles/flatbox-rev4.dir/src/flatbox.cpp.obj
                0x10000378                load_setting_from_flash()
 .text._Z5delaym
                0x100003a8        0x8 CMakeFiles/flatbox-rev4.dir/src/flatbox.cpp.obj
                0x100003a8                delay(unsigned long)
 .text._Z5Wheelh
                0x100003b0       0x50 CMakeFiles/flatbox-rev4.dir/src/flatbox.cpp.obj
                0x100003b0                Wheel(unsigned char)
 .text._Z9colorWipemh
                0x10000400       0x34 CMakeFiles/flatbox-rev4.dir/src/flatbox.cpp.obj
                0x10000400                colorWipe(unsigned long, unsigned char)
 .text._Z7rainbowh
                0x10000434       0x4c CMakeFiles/flatbox-rev4.dir/src/flatbox.cpp.obj
                0x10000434                rainbow(unsigned char)
 .text._Z12rainbowCycleh
                0x10000480       0x54 CMakeFiles/flatbox-rev4.dir/src/flatbox.cpp.obj
                0x10000480                rainbowCycle(unsigned char)
 .text._Z10main_core1v
                0x100004d4       0x5c CMakeFiles/flatbox-rev4.dir/src/flatbox.cpp.obj
                0x100004d4                main_core1()
 .text._Z4cpadbbbb
                0x10000530      0x1b8 CMakeFiles/flatbox-rev4.dir/src/flatbox.cpp.obj
                0x10000530                cpad(bool, bool, bool, bool)
 .text._Z5macrov
                0x100006e8      0xbac CMakeFiles/flatbox-rev4.dir/src/flatbox.cpp.obj
                0x100006e8                macro()
 .text._Z4dpadbbbb
                0x10001294      0x7f4 CMakeFiles/flatbox-rev4.dir/src/flatbox.cpp.obj
                0x10001294                dpad(bool, bool, bool, bool)
 .text._Z15send_hid_reportv
                0x10001a88       0x4c CMakeFiles/flatbox-rev4.dir/src/flatbox.cpp.obj
                0x10001a88                send_hid_report()
 .text._Z8hid_taskv
                0x10001ad4      0x338 CMakeFiles/flatbox-rev4.dir/src/flatbox.cpp.obj
                0x10001ad4                hid_task()
 .text._Z8pin_initj
                0x10001e0c       0x1e CMakeFiles/flatbox-rev4.dir/src/flatbox.cpp.obj
                0x10001e0c                pin_init(unsigned int)
 *fill*         0x10001e2a        0x2 
 .text._Z9pins_initv
                0x10001e2c      0x17c CMakeFiles/flatbox-rev4.dir/src/flatbox.cpp.obj
                0x10001e2c                pins_init()
 .text._Z11report_initv
                0x10001fa8       0x54 CMakeFiles/flatbox-rev4.dir/src/flatbox.cpp.obj
                0x10001fa8                report_init()
 .text.main     0x10001ffc       0x2c CMakeFiles/flatbox-rev4.dir/src/flatbox.cpp.obj
                0x10001ffc                main
 .text.tud_descriptor_device_cb
                0x10002028        0x8 CMakeFiles/flatbox-rev4.dir/src/flatbox.cpp.obj
                0x10002028                tud_descriptor_device_cb
 .text.tud_hid_descriptor_report_cb
                0x10002030       0x1c CMakeFiles/flatbox-rev4.dir/src/flatbox.cpp.obj
                0x10002030                tud_hid_descriptor_report_cb
 .text.tud_hid_get_report_cb
                0x1000204c        0x4 CMakeFiles/flatbox-rev4.dir/src/flatbox.cpp.obj
                0x1000204c                tud_hid_get_report_cb
 .text.tud_hid_set_report_cb
                0x10002050        0x2 CMakeFiles/flatbox-rev4.dir/src/flatbox.cpp.obj
                0x10002050                tud_hid_set_report_cb
 *fill*         0x10002052        0x2 
 .text.tud_descriptor_configuration_cb
                0x10002054       0x1c CMakeFiles/flatbox-rev4.dir/src/flatbox.cpp.obj
                0x10002054                tud_descriptor_configuration_cb
 .text.tud_descriptor_string_cb
                0x10002070       0x64 CMakeFiles/flatbox-rev4.dir/src/flatbox.cpp.obj
                0x10002070                tud_descriptor_string_cb
 .text._GLOBAL__sub_I_inputMode
                0x100020d4       0x10 CMakeFiles/flatbox-rev4.dir/src/flatbox.cpp.obj
 .text.gpio_set_function
                0x100020e4       0x30 CMakeFiles/flatbox-rev4.dir/C_/Pico/pico-sdk/src/rp2_common/hardware_gpio/gpio.c.obj
                0x100020e4                gpio_set_function
 .text.gpio_set_pulls
                0x10002114       0x34 CMakeFiles/flatbox-rev4.dir/C_/Pico/pico-sdk/src/rp2_common/hardware_gpio/gpio.c.obj
                0x10002114                gpio_set_pulls
 .text.gpio_init
                0x10002148       0x16 CMakeFiles/flatbox-rev4.dir/C_/Pico/pico-sdk/src/rp2_common/hardware_gpio/gpio.c.obj
                0x10002148                gpio_init
 *fill*         0x1000215e        0x2 
 .text.running_on_fpga
                0x10002160       0x14 CMakeFiles/flatbox-rev4.dir/C_/Pico/pico-sdk/src/rp2_common/pico_platform/platform.c.obj
                0x10002160                running_on_fpga
 .text.hw_claim_lock
                0x10002174       0x18 CMakeFiles/flatbox-rev4.dir/C_/Pico/pico-sdk/src/rp2_common/hardware_claim/claim.c.obj
                0x10002174                hw_claim_lock
 .text.hw_claim_unlock
                0x1000218c       0x14 CMakeFiles/flatbox-rev4.dir/C_/Pico/pico-sdk/src/rp2_common/hardware_claim/claim.c.obj
                0x1000218c                hw_claim_unlock
 .text.hw_claim_or_assert
                0x100021a0       0x32 CMakeFiles/flatbox-rev4.dir/C_/Pico/pico-sdk/src/rp2_common/hardware_claim/claim.c.obj
                0x100021a0                hw_claim_or_assert
 .text.hw_claim_unused_from_range
                0x100021d2       0x50 CMakeFiles/flatbox-rev4.dir/C_/Pico/pico-sdk/src/rp2_common/hardware_claim/claim.c.obj
                0x100021d2                hw_claim_unused_from_range
 *fill*         0x10002222        0x2 
 .text.hw_claim_clear
                0x10002224       0x40 CMakeFiles/flatbox-rev4.dir/C_/Pico/pico-sdk/src/rp2_common/hardware_claim/claim.c.obj
                0x10002224                hw_claim_clear
 .text.spin_locks_reset
                0x10002264       0x20 CMakeFiles/flatbox-rev4.dir/C_/Pico/pico-sdk/src/rp2_common/hardware_sync/sync.c.obj
                0x10002264                spin_locks_reset
 .text.next_striped_spin_lock_num
                0x10002284       0x1c CMakeFiles/flatbox-rev4.dir/C_/Pico/pico-sdk/src/rp2_common/hardware_sync/sync.c.obj
                0x10002284                next_striped_spin_lock_num
 .text.spin_lock_claim_unused
                0x100022a0       0x24 CMakeFiles/flatbox-rev4.dir/C_/Pico/pico-sdk/src/rp2_common/hardware_sync/sync.c.obj
                0x100022a0                spin_lock_claim_unused
 .text.set_raw_irq_handler_and_unlock
                0x100022c4       0x28 CMakeFiles/flatbox-rev4.dir/C_/Pico/pico-sdk/src/rp2_common/hardware_irq/irq.c.obj
 .text.resolve_branch
                0x100022ec       0x30 CMakeFiles/flatbox-rev4.dir/C_/Pico/pico-sdk/src/rp2_common/hardware_irq/irq.c.obj
 .text.make_branch
                0x1000231c       0x48 CMakeFiles/flatbox-rev4.dir/C_/Pico/pico-sdk/src/rp2_common/hardware_irq/irq.c.obj
 .text.insert_branch_and_link
                0x10002364       0x40 CMakeFiles/flatbox-rev4.dir/C_/Pico/pico-sdk/src/rp2_common/hardware_irq/irq.c.obj
 .text.irq_is_enabled
                0x100023a4       0x18 CMakeFiles/flatbox-rev4.dir/C_/Pico/pico-sdk/src/rp2_common/hardware_irq/irq.c.obj
                0x100023a4                irq_is_enabled
 .text.irq_set_mask_enabled
                0x100023bc       0x20 CMakeFiles/flatbox-rev4.dir/C_/Pico/pico-sdk/src/rp2_common/hardware_irq/irq.c.obj
                0x100023bc                irq_set_mask_enabled
 .text.irq_set_enabled
                0x100023dc        0xe CMakeFiles/flatbox-rev4.dir/C_/Pico/pico-sdk/src/rp2_common/hardware_irq/irq.c.obj
                0x100023dc                irq_set_enabled
 *fill*         0x100023ea        0x2 
 .text.irq_get_vtable_handler
                0x100023ec       0x10 CMakeFiles/flatbox-rev4.dir/C_/Pico/pico-sdk/src/rp2_common/hardware_irq/irq.c.obj
                0x100023ec                irq_get_vtable_handler
 .text.irq_set_exclusive_handler
                0x100023fc       0x54 CMakeFiles/flatbox-rev4.dir/C_/Pico/pico-sdk/src/rp2_common/hardware_irq/irq.c.obj
                0x100023fc                irq_set_exclusive_handler
 .text.irq_add_shared_handler
                0x10002450      0x210 CMakeFiles/flatbox-rev4.dir/C_/Pico/pico-sdk/src/rp2_common/hardware_irq/irq.c.obj
                0x10002450                irq_add_shared_handler
 .text.irq_remove_handler
                0x10002660      0x188 CMakeFiles/flatbox-rev4.dir/C_/Pico/pico-sdk/src/rp2_common/hardware_irq/irq.c.obj
                0x10002660                irq_remove_handler
 .text.irq_add_tail_to_free_list
                0x100027e8       0xf0 CMakeFiles/flatbox-rev4.dir/C_/Pico/pico-sdk/src/rp2_common/hardware_irq/irq.c.obj
                0x100027e8                irq_add_tail_to_free_list
 .text.irq_init_priorities
                0x100028d8       0x1c CMakeFiles/flatbox-rev4.dir/C_/Pico/pico-sdk/src/rp2_common/hardware_irq/irq.c.obj
                0x100028d8                irq_init_priorities
 .text.lock_init
                0x100028f4       0x10 CMakeFiles/flatbox-rev4.dir/C_/Pico/pico-sdk/src/common/pico_sync/lock_core.c.obj
                0x100028f4                lock_init
 .text.update_us_since_boot
                0x10002904       0x24 CMakeFiles/flatbox-rev4.dir/C_/Pico/pico-sdk/src/common/pico_sync/mutex.c.obj
 .text.delayed_by_ms
                0x10002928       0x44 CMakeFiles/flatbox-rev4.dir/C_/Pico/pico-sdk/src/common/pico_sync/mutex.c.obj
 .text.get_absolute_time
                0x1000296c       0x22 CMakeFiles/flatbox-rev4.dir/C_/Pico/pico-sdk/src/common/pico_sync/mutex.c.obj
 .text.make_timeout_time_ms
                0x1000298e       0x20 CMakeFiles/flatbox-rev4.dir/C_/Pico/pico-sdk/src/common/pico_sync/mutex.c.obj
 .text.mutex_init
                0x100029ae       0x1a CMakeFiles/flatbox-rev4.dir/C_/Pico/pico-sdk/src/common/pico_sync/mutex.c.obj
                0x100029ae                mutex_init
 .text.recursive_mutex_init
                0x100029c8       0x1e CMakeFiles/flatbox-rev4.dir/C_/Pico/pico-sdk/src/common/pico_sync/mutex.c.obj
                0x100029c8                recursive_mutex_init
 *fill*         0x100029e6        0x2 
 .text.critical_section_init_with_lock_num
                0x100029e8       0x14 CMakeFiles/flatbox-rev4.dir/C_/Pico/pico-sdk/src/common/pico_sync/critical_section.c.obj
                0x100029e8                critical_section_init_with_lock_num
 .text.critical_section_init
                0x100029fc       0x14 CMakeFiles/flatbox-rev4.dir/C_/Pico/pico-sdk/src/common/pico_sync/critical_section.c.obj
                0x100029fc                critical_section_init
 .text.time_reached
                0x10002a10       0x28 CMakeFiles/flatbox-rev4.dir/C_/Pico/pico-sdk/src/common/pico_time/time.c.obj
 .text.get_entry
                0x10002a38       0x38 CMakeFiles/flatbox-rev4.dir/C_/Pico/pico-sdk/src/common/pico_time/time.c.obj
 .text.timer_pool_entry_comparator
                0x10002a70       0x2e CMakeFiles/flatbox-rev4.dir/C_/Pico/pico-sdk/src/common/pico_time/time.c.obj
                0x10002a70                timer_pool_entry_comparator
 *fill*         0x10002a9e        0x2 
 .text.update_us_since_boot
                0x10002aa0       0x24 CMakeFiles/flatbox-rev4.dir/C_/Pico/pico-sdk/src/common/pico_time/time.c.obj
 .text.delayed_by_us
                0x10002ac4       0x34 CMakeFiles/flatbox-rev4.dir/C_/Pico/pico-sdk/src/common/pico_time/time.c.obj
 .text.ph_get_node
                0x10002af8       0x30 CMakeFiles/flatbox-rev4.dir/C_/Pico/pico-sdk/src/common/pico_time/time.c.obj
 .text.ph_contains_node
                0x10002b28       0x1e CMakeFiles/flatbox-rev4.dir/C_/Pico/pico-sdk/src/common/pico_time/time.c.obj
 .text.ph_new_node
                0x10002b46       0x28 CMakeFiles/flatbox-rev4.dir/C_/Pico/pico-sdk/src/common/pico_time/time.c.obj
 *fill*         0x10002b6e        0x2 
 .text.ph_add_child_node
                0x10002b70       0x6c CMakeFiles/flatbox-rev4.dir/C_/Pico/pico-sdk/src/common/pico_time/time.c.obj
 .text.ph_merge_nodes
                0x10002bdc       0x3e CMakeFiles/flatbox-rev4.dir/C_/Pico/pico-sdk/src/common/pico_time/time.c.obj
 *fill*         0x10002c1a        0x2 
 .text.ph_insert_node
                0x10002c1c       0x3c CMakeFiles/flatbox-rev4.dir/C_/Pico/pico-sdk/src/common/pico_time/time.c.obj
 .text.ph_free_node
                0x10002c58       0x5c CMakeFiles/flatbox-rev4.dir/C_/Pico/pico-sdk/src/common/pico_time/time.c.obj
 .text.get_entry_id_high
                0x10002cb4       0x30 CMakeFiles/flatbox-rev4.dir/C_/Pico/pico-sdk/src/common/pico_time/time.c.obj
 .text.alarm_pool_post_alloc_init
                0x10002ce4       0x40 CMakeFiles/flatbox-rev4.dir/C_/Pico/pico-sdk/src/common/pico_time/time.c.obj
 .text.sleep_until_callback
                0x10002d24       0x30 CMakeFiles/flatbox-rev4.dir/C_/Pico/pico-sdk/src/common/pico_time/time.c.obj
 .text.get_absolute_time
                0x10002d54       0x22 CMakeFiles/flatbox-rev4.dir/C_/Pico/pico-sdk/src/common/pico_time/time.c.obj
 .text.make_timeout_time_us
                0x10002d76       0x24 CMakeFiles/flatbox-rev4.dir/C_/Pico/pico-sdk/src/common/pico_time/time.c.obj
 *fill*         0x10002d9a        0x2 
 .text.add_alarm_under_lock
                0x10002d9c       0x94 CMakeFiles/flatbox-rev4.dir/C_/Pico/pico-sdk/src/common/pico_time/time.c.obj
 .text.alarm_pool_alarm_callback
                0x10002e30      0x20c CMakeFiles/flatbox-rev4.dir/C_/Pico/pico-sdk/src/common/pico_time/time.c.obj
 .text.alarm_pool_init_default
                0x1000303c       0x40 CMakeFiles/flatbox-rev4.dir/C_/Pico/pico-sdk/src/common/pico_time/time.c.obj
                0x1000303c                alarm_pool_init_default
 .text.alarm_pool_get_default
                0x1000307c       0x2c CMakeFiles/flatbox-rev4.dir/C_/Pico/pico-sdk/src/common/pico_time/time.c.obj
                0x1000307c                alarm_pool_get_default
 .text.alarm_pool_add_alarm_at
                0x100030a8      0x10e CMakeFiles/flatbox-rev4.dir/C_/Pico/pico-sdk/src/common/pico_time/time.c.obj
                0x100030a8                alarm_pool_add_alarm_at
 .text.add_alarm_at
                0x100031b6       0x2e CMakeFiles/flatbox-rev4.dir/C_/Pico/pico-sdk/src/common/pico_time/time.c.obj
 .text.alarm_pool_cancel_alarm
                0x100031e4       0xa0 CMakeFiles/flatbox-rev4.dir/C_/Pico/pico-sdk/src/common/pico_time/time.c.obj
                0x100031e4                alarm_pool_cancel_alarm
 .text.cancel_alarm
                0x10003284       0x10 CMakeFiles/flatbox-rev4.dir/C_/Pico/pico-sdk/src/common/pico_time/time.c.obj
 .text.sleep_until
                0x10003294       0xb0 CMakeFiles/flatbox-rev4.dir/C_/Pico/pico-sdk/src/common/pico_time/time.c.obj
                0x10003294                sleep_until
 .text.sleep_us
                0x10003344       0x1a CMakeFiles/flatbox-rev4.dir/C_/Pico/pico-sdk/src/common/pico_time/time.c.obj
                0x10003344                sleep_us
 .text.sleep_ms
                0x1000335e       0x14 CMakeFiles/flatbox-rev4.dir/C_/Pico/pico-sdk/src/common/pico_time/time.c.obj
                0x1000335e                sleep_ms
 *fill*         0x10003372        0x2 
 .text.best_effort_wfe_or_timeout
                0x10003374       0x44 CMakeFiles/flatbox-rev4.dir/C_/Pico/pico-sdk/src/common/pico_time/time.c.obj
                0x10003374                best_effort_wfe_or_timeout
 .text.hardware_alarm_irq_handler
                0x100033b8       0x8c CMakeFiles/flatbox-rev4.dir/C_/Pico/pico-sdk/src/rp2_common/hardware_timer/timer.c.obj
 .text.hardware_alarm_claim
                0x10003444       0x18 CMakeFiles/flatbox-rev4.dir/C_/Pico/pico-sdk/src/rp2_common/hardware_timer/timer.c.obj
                0x10003444                hardware_alarm_claim
 .text.time_us_64
                0x1000345c       0x18 CMakeFiles/flatbox-rev4.dir/C_/Pico/pico-sdk/src/rp2_common/hardware_timer/timer.c.obj
                0x1000345c                time_us_64
 .text.busy_wait_until
                0x10003474       0x28 CMakeFiles/flatbox-rev4.dir/C_/Pico/pico-sdk/src/rp2_common/hardware_timer/timer.c.obj
                0x10003474                busy_wait_until
 .text.hardware_alarm_set_callback
                0x1000349c       0x90 CMakeFiles/flatbox-rev4.dir/C_/Pico/pico-sdk/src/rp2_common/hardware_timer/timer.c.obj
                0x1000349c                hardware_alarm_set_callback
 .text.hardware_alarm_set_target
                0x1000352c       0xe8 CMakeFiles/flatbox-rev4.dir/C_/Pico/pico-sdk/src/rp2_common/hardware_timer/timer.c.obj
                0x1000352c                hardware_alarm_set_target
 .text.hardware_alarm_cancel
                0x10003614       0x40 CMakeFiles/flatbox-rev4.dir/C_/Pico/pico-sdk/src/rp2_common/hardware_timer/timer.c.obj
                0x10003614                hardware_alarm_cancel
 .text.ph_get_node
                0x10003654       0x30 CMakeFiles/flatbox-rev4.dir/C_/Pico/pico-sdk/src/common/pico_util/pheap.c.obj
 .text.ph_add_child_node
                0x10003684       0x6c CMakeFiles/flatbox-rev4.dir/C_/Pico/pico-sdk/src/common/pico_util/pheap.c.obj
 .text.ph_merge_nodes
                0x100036f0       0x3e CMakeFiles/flatbox-rev4.dir/C_/Pico/pico-sdk/src/common/pico_util/pheap.c.obj
 .text.ph_clear
                0x1000372e       0x34 CMakeFiles/flatbox-rev4.dir/C_/Pico/pico-sdk/src/common/pico_util/pheap.c.obj
                0x1000372e                ph_clear
 .text.ph_post_alloc_init
                0x10003762        0xe CMakeFiles/flatbox-rev4.dir/C_/Pico/pico-sdk/src/common/pico_util/pheap.c.obj
                0x10003762                ph_post_alloc_init
 .text.ph_merge_two_pass
                0x10003770       0x5c CMakeFiles/flatbox-rev4.dir/C_/Pico/pico-sdk/src/common/pico_util/pheap.c.obj
                0x10003770                ph_merge_two_pass
 .text.ph_remove_any_head
                0x100037cc       0xc0 CMakeFiles/flatbox-rev4.dir/C_/Pico/pico-sdk/src/common/pico_util/pheap.c.obj
 .text.ph_remove_head
                0x1000388c       0x14 CMakeFiles/flatbox-rev4.dir/C_/Pico/pico-sdk/src/common/pico_util/pheap.c.obj
                0x1000388c                ph_remove_head
 .text.ph_remove_and_free_node
                0x100038a0       0xa0 CMakeFiles/flatbox-rev4.dir/C_/Pico/pico-sdk/src/common/pico_util/pheap.c.obj
                0x100038a0                ph_remove_and_free_node
 .text.clock_configure
                0x10003940      0x104 CMakeFiles/flatbox-rev4.dir/C_/Pico/pico-sdk/src/rp2_common/hardware_clocks/clocks.c.obj
                0x10003940                clock_configure
 .text.clocks_init
                0x10003a44      0x100 CMakeFiles/flatbox-rev4.dir/C_/Pico/pico-sdk/src/rp2_common/hardware_clocks/clocks.c.obj
                0x10003a44                clocks_init
 .text.clock_get_hz
                0x10003b44        0xc CMakeFiles/flatbox-rev4.dir/C_/Pico/pico-sdk/src/rp2_common/hardware_clocks/clocks.c.obj
                0x10003b44                clock_get_hz
 .text.pll_init
                0x10003b50      0x12c CMakeFiles/flatbox-rev4.dir/C_/Pico/pico-sdk/src/rp2_common/hardware_pll/pll.c.obj
                0x10003b50                pll_init
 .text.watchdog_start_tick
                0x10003c7c       0x10 CMakeFiles/flatbox-rev4.dir/C_/Pico/pico-sdk/src/rp2_common/hardware_watchdog/watchdog.c.obj
                0x10003c7c                watchdog_start_tick
 .text.xosc_init
                0x10003c8c       0x2c CMakeFiles/flatbox-rev4.dir/C_/Pico/pico-sdk/src/rp2_common/hardware_xosc/xosc.c.obj
                0x10003c8c                xosc_init
 .text._exit    0x10003cb8        0x4 CMakeFiles/flatbox-rev4.dir/C_/Pico/pico-sdk/src/rp2_common/pico_runtime/runtime.c.obj
                0x10003cb8                _exit
 .text._sbrk    0x10003cbc       0x38 CMakeFiles/flatbox-rev4.dir/C_/Pico/pico-sdk/src/rp2_common/pico_runtime/runtime.c.obj
                0x10003cbc                _sbrk
 .text.exit     0x10003cf4        0x6 CMakeFiles/flatbox-rev4.dir/C_/Pico/pico-sdk/src/rp2_common/pico_runtime/runtime.c.obj
                0x10003cf4                exit
 *fill*         0x10003cfa        0x2 
 .text.__assert_func
                0x10003cfc       0x38 CMakeFiles/flatbox-rev4.dir/C_/Pico/pico-sdk/src/rp2_common/pico_runtime/runtime.c.obj
                0x10003cfc                __assert_func
 .text.runtime_init
                0x10003d34       0xf8 CMakeFiles/flatbox-rev4.dir/C_/Pico/pico-sdk/src/rp2_common/pico_runtime/runtime.c.obj
                0x10003d34                runtime_init
 .text.panic    0x10003e2c       0x30 CMakeFiles/flatbox-rev4.dir/C_/Pico/pico-sdk/src/rp2_common/pico_runtime/runtime.c.obj
                0x10003e2c                panic
 .text._out_null
                0x10003e5c        0x2 CMakeFiles/flatbox-rev4.dir/C_/Pico/pico-sdk/src/rp2_common/pico_printf/printf.c.obj
 .text._out_fct
                0x10003e5e        0xe CMakeFiles/flatbox-rev4.dir/C_/Pico/pico-sdk/src/rp2_common/pico_printf/printf.c.obj
 .text._atoi    0x10003e6c       0x24 CMakeFiles/flatbox-rev4.dir/C_/Pico/pico-sdk/src/rp2_common/pico_printf/printf.c.obj
 .text._out_rev
                0x10003e90       0xae CMakeFiles/flatbox-rev4.dir/C_/Pico/pico-sdk/src/rp2_common/pico_printf/printf.c.obj
 .text._ntoa_format
                0x10003f3e      0x110 CMakeFiles/flatbox-rev4.dir/C_/Pico/pico-sdk/src/rp2_common/pico_printf/printf.c.obj
 .text._ntoa_long
                0x1000404e       0xbc CMakeFiles/flatbox-rev4.dir/C_/Pico/pico-sdk/src/rp2_common/pico_printf/printf.c.obj
 .text._ntoa_long_long
                0x1000410a      0x10e CMakeFiles/flatbox-rev4.dir/C_/Pico/pico-sdk/src/rp2_common/pico_printf/printf.c.obj
 .text._etoa    0x10004218      0x420 CMakeFiles/flatbox-rev4.dir/C_/Pico/pico-sdk/src/rp2_common/pico_printf/printf.c.obj
 .text._ftoa    0x10004638      0x354 CMakeFiles/flatbox-rev4.dir/C_/Pico/pico-sdk/src/rp2_common/pico_printf/printf.c.obj
 .text._vsnprintf
                0x1000498c      0x65c CMakeFiles/flatbox-rev4.dir/C_/Pico/pico-sdk/src/rp2_common/pico_printf/printf.c.obj
 .text.vfctprintf
                0x10004fe8       0x20 CMakeFiles/flatbox-rev4.dir/C_/Pico/pico-sdk/src/rp2_common/pico_printf/printf.c.obj
                0x10004fe8                vfctprintf
 .text          0x10005008       0x10 CMakeFiles/flatbox-rev4.dir/C_/Pico/pico-sdk/src/rp2_common/pico_bit_ops/bit_ops_aeabi.S.obj
 .text.rom_func_lookup
                0x10005018       0x10 CMakeFiles/flatbox-rev4.dir/C_/Pico/pico-sdk/src/rp2_common/pico_bootrom/bootrom.c.obj
                0x10005018                rom_func_lookup
 .text.rom_data_lookup
                0x10005028       0x10 CMakeFiles/flatbox-rev4.dir/C_/Pico/pico-sdk/src/rp2_common/pico_bootrom/bootrom.c.obj
                0x10005028                rom_data_lookup
 .text.rom_funcs_lookup
                0x10005038       0x36 CMakeFiles/flatbox-rev4.dir/C_/Pico/pico-sdk/src/rp2_common/pico_bootrom/bootrom.c.obj
                0x10005038                rom_funcs_lookup
 *fill*         0x1000506e        0x2 
 .text.__wrap___aeabi_idiv
                0x10005070       0x50 CMakeFiles/flatbox-rev4.dir/C_/Pico/pico-sdk/src/rp2_common/pico_divider/divider.S.obj
                0x10005070                __wrap___aeabi_idivmod
                0x10005070                divmod_s32s32
                0x10005070                div_s32s32
                0x10005070                __wrap___aeabi_idiv
                0x10005078                divmod_s32s32_unsafe
                0x100050a4                divmod_s32s32_savestate
 .text.__wrap___aeabi_uidiv
                0x100050c0       0x4c CMakeFiles/flatbox-rev4.dir/C_/Pico/pico-sdk/src/rp2_common/pico_divider/divider.S.obj
                0x100050c0                __wrap___aeabi_uidiv
                0x100050c0                __wrap___aeabi_uidivmod
                0x100050c0                div_u32u32
                0x100050c0                divmod_u32u32
                0x100050c8                divmod_u32u32_unsafe
                0x100050f0                divmod_u32u32_savestate
 .text.__wrap___aeabi_ldiv
                0x1000510c      0x424 CMakeFiles/flatbox-rev4.dir/C_/Pico/pico-sdk/src/rp2_common/pico_divider/divider.S.obj
                0x1000510c                div_s64s64
                0x1000510c                divmod_s64s64
                0x1000510c                __wrap___aeabi_ldivmod
                0x1000513c                divmod_u64u64
                0x1000513c                div_u64u64
                0x1000513c                __wrap___aeabi_uldivmod
                0x1000514c                divmod_u64u64_savestate
                0x1000516c                divmod_s64s64_unsafe
                0x100051f4                divmod_u64u64_unsafe
 .text.__wrap___aeabi_darithmetic
                0x10005530       0x60 CMakeFiles/flatbox-rev4.dir/C_/Pico/pico-sdk/src/rp2_common/pico_double/double_aeabi.S.obj
                0x10005530                __wrap___aeabi_drsub
                0x10005536                __wrap___aeabi_dsub
                0x10005540                __wrap___aeabi_dadd
                0x1000554a                __wrap___aeabi_ddiv
                0x1000557e                __wrap___aeabi_dmul
 .text.__wrap___aeabi_cdcmple
                0x10005590       0x6c CMakeFiles/flatbox-rev4.dir/C_/Pico/pico-sdk/src/rp2_common/pico_double/double_aeabi.S.obj
                0x10005590                __wrap___aeabi_cdrcmple
                0x100055a0                __wrap___aeabi_cdcmpeq
                0x100055a0                __wrap___aeabi_cdcmple
 .text.__wrap___aeabi_dcmplt
                0x100055fc        0xc CMakeFiles/flatbox-rev4.dir/C_/Pico/pico-sdk/src/rp2_common/pico_double/double_aeabi.S.obj
                0x100055fc                __wrap___aeabi_dcmplt
 .text.__wrap___aeabi_dcmple
                0x10005608       0x10 CMakeFiles/flatbox-rev4.dir/C_/Pico/pico-sdk/src/rp2_common/pico_double/double_aeabi.S.obj
                0x10005608                __wrap___aeabi_dcmple
 .text.__wrap___aeabi_dcmpge
                0x10005618       0x10 CMakeFiles/flatbox-rev4.dir/C_/Pico/pico-sdk/src/rp2_common/pico_double/double_aeabi.S.obj
                0x10005618                __wrap___aeabi_dcmpge
 .text.__wrap___aeabi_dcmpgt
                0x10005628        0xa CMakeFiles/flatbox-rev4.dir/C_/Pico/pico-sdk/src/rp2_common/pico_double/double_aeabi.S.obj
                0x10005628                __wrap___aeabi_dcmpgt
 .text.__wrap___aeabi_dcmpun
                0x10005632       0x1c CMakeFiles/flatbox-rev4.dir/C_/Pico/pico-sdk/src/rp2_common/pico_double/double_aeabi.S.obj
                0x10005632                __wrap___aeabi_dcmpun
 *fill*         0x1000564e        0x2 
 .text.__wrap___aeabi_i2d
                0x10005650       0x38 CMakeFiles/flatbox-rev4.dir/C_/Pico/pico-sdk/src/rp2_common/pico_double/double_aeabi.S.obj
                0x10005650                __wrap___aeabi_ui2d
                0x10005658                __wrap___aeabi_i2d
 .text.__wrap___aeabi_d2iz
                0x10005688       0x48 CMakeFiles/flatbox-rev4.dir/C_/Pico/pico-sdk/src/rp2_common/pico_double/double_aeabi.S.obj
                0x10005688                double2int_z
                0x10005688                __wrap___aeabi_d2iz
 .text.__wrap___aeabi_d2uiz
                0x100056d0       0x10 CMakeFiles/flatbox-rev4.dir/C_/Pico/pico-sdk/src/rp2_common/pico_double/double_aeabi.S.obj
                0x100056d0                __wrap___aeabi_d2uiz
                0x100056d0                double2uint
 .text.fix642double
                0x100056e0       0x10 CMakeFiles/flatbox-rev4.dir/C_/Pico/pico-sdk/src/rp2_common/pico_double/double_aeabi.S.obj
                0x100056e0                fix642double
 .text.__wrap_sincostan_remainder
                0x100056f0       0x14 CMakeFiles/flatbox-rev4.dir/C_/Pico/pico-sdk/src/rp2_common/pico_double/double_aeabi.S.obj
                0x100056f0                sincostan_remainder
 .text.__wrap_cos
                0x10005704       0x24 CMakeFiles/flatbox-rev4.dir/C_/Pico/pico-sdk/src/rp2_common/pico_double/double_aeabi.S.obj
                0x10005704                __wrap_cos
 .text.__wrap_sin
                0x10005728       0x24 CMakeFiles/flatbox-rev4.dir/C_/Pico/pico-sdk/src/rp2_common/pico_double/double_aeabi.S.obj
                0x10005728                __wrap_sin
 .text.missing_double_func_shim
                0x1000574c        0xc CMakeFiles/flatbox-rev4.dir/C_/Pico/pico-sdk/src/rp2_common/pico_double/double_init_rom.c.obj
 .text.__aeabi_double_init
                0x10005758       0xd0 CMakeFiles/flatbox-rev4.dir/C_/Pico/pico-sdk/src/rp2_common/pico_double/double_init_rom.c.obj
                0x10005758                __aeabi_double_init
 .text.drem_0   0x10005828      0x122 CMakeFiles/flatbox-rev4.dir/C_/Pico/pico-sdk/src/rp2_common/pico_double/double_math.c.obj
 *fill*         0x1000594a        0x2 
 .text.__wrap_remquo
                0x1000594c      0x164 CMakeFiles/flatbox-rev4.dir/C_/Pico/pico-sdk/src/rp2_common/pico_double/double_math.c.obj
                0x1000594c                __wrap_remquo
 .text.__wrap_remainder
                0x10005ab0       0x10 CMakeFiles/flatbox-rev4.dir/C_/Pico/pico-sdk/src/rp2_common/pico_double/double_math.c.obj
                0x10005ab0                __wrap_remainder
 .text.double_table_shim_on_use_helper
                0x10005ac0       0x34 CMakeFiles/flatbox-rev4.dir/C_/Pico/pico-sdk/src/rp2_common/pico_double/double_v1_rom_shim.S.obj
                0x10005ac0                double_table_shim_on_use_helper
 .text.__aeabi_lmul
                0x10005af4       0x32 CMakeFiles/flatbox-rev4.dir/C_/Pico/pico-sdk/src/rp2_common/pico_int64_ops/pico_int64_ops_aeabi.S.obj
                0x10005af4                __wrap___aeabi_lmul
 *fill*         0x10005b26        0x2 
 .text.__wrap___aeabi_farithmetic
                0x10005b28       0x48 CMakeFiles/flatbox-rev4.dir/C_/Pico/pico-sdk/src/rp2_common/pico_float/float_aeabi.S.obj
                0x10005b28                __wrap___aeabi_frsub
                0x10005b2e                __wrap___aeabi_fsub
                0x10005b34                __wrap___aeabi_fadd
                0x10005b3a                __wrap___aeabi_fdiv
                0x10005b62                __wrap___aeabi_fmul
 .text.__wrap___aeabi_ui2f
                0x10005b70        0xa CMakeFiles/flatbox-rev4.dir/C_/Pico/pico-sdk/src/rp2_common/pico_float/float_aeabi.S.obj
                0x10005b70                __wrap___aeabi_ui2f
 *fill*         0x10005b7a        0x2 
 .text.__wrap___aeabi_i2f
                0x10005b7c       0x44 CMakeFiles/flatbox-rev4.dir/C_/Pico/pico-sdk/src/rp2_common/pico_float/float_aeabi.S.obj
                0x10005b7c                __wrap___aeabi_i2f
 .text.__wrap___aeabi_f2uiz
                0x10005bc0        0xc CMakeFiles/flatbox-rev4.dir/C_/Pico/pico-sdk/src/rp2_common/pico_float/float_aeabi.S.obj
                0x10005bc0                __wrap___aeabi_f2uiz
 .text.missing_float_func_shim
                0x10005bcc        0xc CMakeFiles/flatbox-rev4.dir/C_/Pico/pico-sdk/src/rp2_common/pico_float/float_init_rom.c.obj
 .text.__aeabi_float_init
                0x10005bd8       0x88 CMakeFiles/flatbox-rev4.dir/C_/Pico/pico-sdk/src/rp2_common/pico_float/float_init_rom.c.obj
                0x10005bd8                __aeabi_float_init
 .text.check_alloc
                0x10005c60       0x20 CMakeFiles/flatbox-rev4.dir/C_/Pico/pico-sdk/src/rp2_common/pico_malloc/pico_malloc.c.obj
 .text.__wrap_malloc
                0x10005c80       0x2c CMakeFiles/flatbox-rev4.dir/C_/Pico/pico-sdk/src/rp2_common/pico_malloc/pico_malloc.c.obj
                0x10005c80                __wrap_malloc
 .text.__wrap_free
                0x10005cac       0x20 CMakeFiles/flatbox-rev4.dir/C_/Pico/pico-sdk/src/rp2_common/pico_malloc/pico_malloc.c.obj
                0x10005cac                __wrap_free
 .text          0x10005ccc       0x10 CMakeFiles/flatbox-rev4.dir/C_/Pico/pico-sdk/src/rp2_common/pico_mem_ops/mem_ops_aeabi.S.obj
                0x10005ccc                __aeabi_mem_init
 .text.memset   0x10005cdc        0xc CMakeFiles/flatbox-rev4.dir/C_/Pico/pico-sdk/src/rp2_common/pico_mem_ops/mem_ops_aeabi.S.obj
                0x10005cdc                __wrap_memset
 .text.memcpy   0x10005ce8        0xc CMakeFiles/flatbox-rev4.dir/C_/Pico/pico-sdk/src/rp2_common/pico_mem_ops/mem_ops_aeabi.S.obj
                0x10005ce8                __wrap_memcpy
                0x10005ce8                __wrap___aeabi_memcpy
 .text.stdio_out_chars_no_crlf
                0x10005cf4        0xe CMakeFiles/flatbox-rev4.dir/C_/Pico/pico-sdk/src/rp2_common/pico_stdio/stdio.c.obj
 *fill*         0x10005d02        0x2 
 .text.stdio_out_chars_crlf
                0x10005d04       0x80 CMakeFiles/flatbox-rev4.dir/C_/Pico/pico-sdk/src/rp2_common/pico_stdio/stdio.c.obj
 .text.stdio_stack_buffer_flush
                0x10005d84       0x44 CMakeFiles/flatbox-rev4.dir/C_/Pico/pico-sdk/src/rp2_common/pico_stdio/stdio.c.obj
 .text.stdio_buffered_printer
                0x10005dc8       0x20 CMakeFiles/flatbox-rev4.dir/C_/Pico/pico-sdk/src/rp2_common/pico_stdio/stdio.c.obj
 .text.update_us_since_boot
                0x10005de8       0x24 CMakeFiles/flatbox-rev4.dir/C_/Pico/pico-sdk/src/rp2_common/pico_stdio/stdio.c.obj
 .text.get_absolute_time
                0x10005e0c       0x22 CMakeFiles/flatbox-rev4.dir/C_/Pico/pico-sdk/src/rp2_common/pico_stdio/stdio.c.obj
 *fill*         0x10005e2e        0x2 
 .text.delayed_by_ms
                0x10005e30       0x44 CMakeFiles/flatbox-rev4.dir/C_/Pico/pico-sdk/src/rp2_common/pico_stdio/stdio.c.obj
 .text.make_timeout_time_ms
                0x10005e74       0x20 CMakeFiles/flatbox-rev4.dir/C_/Pico/pico-sdk/src/rp2_common/pico_stdio/stdio.c.obj
 .text.stdout_serialize_begin
                0x10005e94       0x20 CMakeFiles/flatbox-rev4.dir/C_/Pico/pico-sdk/src/rp2_common/pico_stdio/stdio.c.obj
                0x10005e94                stdout_serialize_begin
 .text.stdout_serialize_end
                0x10005eb4       0x10 CMakeFiles/flatbox-rev4.dir/C_/Pico/pico-sdk/src/rp2_common/pico_stdio/stdio.c.obj
                0x10005eb4                stdout_serialize_end
 .text.stdio_put_string
                0x10005ec4       0x98 CMakeFiles/flatbox-rev4.dir/C_/Pico/pico-sdk/src/rp2_common/pico_stdio/stdio.c.obj
 .text.stdio_flush
                0x10005f5c       0x20 CMakeFiles/flatbox-rev4.dir/C_/Pico/pico-sdk/src/rp2_common/pico_stdio/stdio.c.obj
                0x10005f5c                stdio_flush
 .text.__wrap_puts
                0x10005f7c       0x1e CMakeFiles/flatbox-rev4.dir/C_/Pico/pico-sdk/src/rp2_common/pico_stdio/stdio.c.obj
                0x10005f7c                __wrap_puts
 *fill*         0x10005f9a        0x2 
 .text.__wrap_vprintf
                0x10005f9c       0x40 CMakeFiles/flatbox-rev4.dir/C_/Pico/pico-sdk/src/rp2_common/pico_stdio/stdio.c.obj
                0x10005f9c                __wrap_vprintf
 .text.__wrap_printf
                0x10005fdc       0x18 CMakeFiles/flatbox-rev4.dir/C_/Pico/pico-sdk/src/rp2_common/pico_stdio/stdio.c.obj
                0x10005fdc                __wrap_printf
 .text.hw_endpoint_get_by_addr
                0x10005ff4       0x18 CMakeFiles/flatbox-rev4.dir/C_/Pico/pico-sdk/lib/tinyusb/src/portable/raspberrypi/rp2040/dcd_rp2040.c.obj
 .text._hw_endpoint_alloc
                0x1000600c       0x70 CMakeFiles/flatbox-rev4.dir/C_/Pico/pico-sdk/lib/tinyusb/src/portable/raspberrypi/rp2040/dcd_rp2040.c.obj
 .text.hw_endpoint_init
                0x1000607c       0x88 CMakeFiles/flatbox-rev4.dir/C_/Pico/pico-sdk/lib/tinyusb/src/portable/raspberrypi/rp2040/dcd_rp2040.c.obj
 .text.dcd_event_sof
                0x10006104       0x2c CMakeFiles/flatbox-rev4.dir/C_/Pico/pico-sdk/lib/tinyusb/src/portable/raspberrypi/rp2040/dcd_rp2040.c.obj
 .text.hw_endpoint_xfer
                0x10006130       0x14 CMakeFiles/flatbox-rev4.dir/C_/Pico/pico-sdk/lib/tinyusb/src/portable/raspberrypi/rp2040/dcd_rp2040.c.obj
 .text.dcd_int_enable
                0x10006144       0x2c CMakeFiles/flatbox-rev4.dir/C_/Pico/pico-sdk/lib/tinyusb/src/portable/raspberrypi/rp2040/dcd_rp2040.c.obj
                0x10006144                dcd_int_enable
 .text.dcd_set_address
                0x10006170       0x2c CMakeFiles/flatbox-rev4.dir/C_/Pico/pico-sdk/lib/tinyusb/src/portable/raspberrypi/rp2040/dcd_rp2040.c.obj
                0x10006170                dcd_set_address
 .text.dcd_connect
                0x1000619c       0x10 CMakeFiles/flatbox-rev4.dir/C_/Pico/pico-sdk/lib/tinyusb/src/portable/raspberrypi/rp2040/dcd_rp2040.c.obj
                0x1000619c                dcd_connect
 .text.dcd_init
                0x100061ac       0x80 CMakeFiles/flatbox-rev4.dir/C_/Pico/pico-sdk/lib/tinyusb/src/portable/raspberrypi/rp2040/dcd_rp2040.c.obj
                0x100061ac                dcd_init
 .text.dcd_edpt0_status_complete
                0x1000622c       0x1c CMakeFiles/flatbox-rev4.dir/C_/Pico/pico-sdk/lib/tinyusb/src/portable/raspberrypi/rp2040/dcd_rp2040.c.obj
                0x1000622c                dcd_edpt0_status_complete
 .text.dcd_edpt_open
                0x10006248       0x40 CMakeFiles/flatbox-rev4.dir/C_/Pico/pico-sdk/lib/tinyusb/src/portable/raspberrypi/rp2040/dcd_rp2040.c.obj
                0x10006248                dcd_edpt_open
 .text.dcd_edpt_close_all
                0x10006288        0x8 CMakeFiles/flatbox-rev4.dir/C_/Pico/pico-sdk/lib/tinyusb/src/portable/raspberrypi/rp2040/dcd_rp2040.c.obj
                0x10006288                dcd_edpt_close_all
 .text.dcd_edpt_xfer
                0x10006290       0x34 CMakeFiles/flatbox-rev4.dir/C_/Pico/pico-sdk/lib/tinyusb/src/portable/raspberrypi/rp2040/dcd_rp2040.c.obj
                0x10006290                dcd_edpt_xfer
 .text.dcd_edpt_stall
                0x100062c4       0x2c CMakeFiles/flatbox-rev4.dir/C_/Pico/pico-sdk/lib/tinyusb/src/portable/raspberrypi/rp2040/dcd_rp2040.c.obj
                0x100062c4                dcd_edpt_stall
 .text.dcd_edpt_clear_stall
                0x100062f0       0x20 CMakeFiles/flatbox-rev4.dir/C_/Pico/pico-sdk/lib/tinyusb/src/portable/raspberrypi/rp2040/dcd_rp2040.c.obj
                0x100062f0                dcd_edpt_clear_stall
 .text.rp2040_usb_init
                0x10006310       0x4c CMakeFiles/flatbox-rev4.dir/C_/Pico/pico-sdk/lib/tinyusb/src/portable/raspberrypi/rp2040/rp2040_usb.c.obj
                0x10006310                rp2040_usb_init
 .text.hw_endpoint_xfer_start
                0x1000635c       0x50 CMakeFiles/flatbox-rev4.dir/C_/Pico/pico-sdk/lib/tinyusb/src/portable/raspberrypi/rp2040/rp2040_usb.c.obj
                0x1000635c                hw_endpoint_xfer_start
 .text.configuration_reset
                0x100063ac       0x84 CMakeFiles/flatbox-rev4.dir/C_/Pico/pico-sdk/lib/tinyusb/src/device/usbd.c.obj
 .text.usbd_reset
                0x10006430        0xc CMakeFiles/flatbox-rev4.dir/C_/Pico/pico-sdk/lib/tinyusb/src/device/usbd.c.obj
 .text.invoke_class_control
                0x1000643c       0x1a CMakeFiles/flatbox-rev4.dir/C_/Pico/pico-sdk/lib/tinyusb/src/device/usbd.c.obj
 *fill*         0x10006456        0x2 
 .text.process_set_config
                0x10006458      0x15c CMakeFiles/flatbox-rev4.dir/C_/Pico/pico-sdk/lib/tinyusb/src/device/usbd.c.obj
 .text.process_get_descriptor
                0x100065b4       0xdc CMakeFiles/flatbox-rev4.dir/C_/Pico/pico-sdk/lib/tinyusb/src/device/usbd.c.obj
 .text.tud_mounted
                0x10006690       0x10 CMakeFiles/flatbox-rev4.dir/C_/Pico/pico-sdk/lib/tinyusb/src/device/usbd.c.obj
                0x10006690                tud_mounted
 .text.tud_suspended
                0x100066a0       0x10 CMakeFiles/flatbox-rev4.dir/C_/Pico/pico-sdk/lib/tinyusb/src/device/usbd.c.obj
                0x100066a0                tud_suspended
 .text.tud_inited
                0x100066b0       0x14 CMakeFiles/flatbox-rev4.dir/C_/Pico/pico-sdk/lib/tinyusb/src/device/usbd.c.obj
                0x100066b0                tud_inited
 .text.tud_init
                0x100066c4       0xcc CMakeFiles/flatbox-rev4.dir/C_/Pico/pico-sdk/lib/tinyusb/src/device/usbd.c.obj
                0x100066c4                tud_init
 .text.usbd_edpt_open
                0x10006790       0x34 CMakeFiles/flatbox-rev4.dir/C_/Pico/pico-sdk/lib/tinyusb/src/device/usbd.c.obj
                0x10006790                usbd_edpt_open
 .text.usbd_open_edpt_pair
                0x100067c4       0x62 CMakeFiles/flatbox-rev4.dir/C_/Pico/pico-sdk/lib/tinyusb/src/device/usbd.c.obj
                0x100067c4                usbd_open_edpt_pair
 *fill*         0x10006826        0x2 
 .text.usbd_edpt_claim
                0x10006828       0x28 CMakeFiles/flatbox-rev4.dir/C_/Pico/pico-sdk/lib/tinyusb/src/device/usbd.c.obj
                0x10006828                usbd_edpt_claim
 .text.usbd_edpt_xfer
                0x10006850       0x78 CMakeFiles/flatbox-rev4.dir/C_/Pico/pico-sdk/lib/tinyusb/src/device/usbd.c.obj
                0x10006850                usbd_edpt_xfer
 .text.usbd_edpt_busy
                0x100068c8       0x1c CMakeFiles/flatbox-rev4.dir/C_/Pico/pico-sdk/lib/tinyusb/src/device/usbd.c.obj
                0x100068c8                usbd_edpt_busy
 .text.usbd_edpt_stall
                0x100068e4       0x48 CMakeFiles/flatbox-rev4.dir/C_/Pico/pico-sdk/lib/tinyusb/src/device/usbd.c.obj
                0x100068e4                usbd_edpt_stall
 .text.usbd_edpt_clear_stall
                0x1000692c       0x48 CMakeFiles/flatbox-rev4.dir/C_/Pico/pico-sdk/lib/tinyusb/src/device/usbd.c.obj
                0x1000692c                usbd_edpt_clear_stall
 .text.usbd_edpt_stalled
                0x10006974       0x1c CMakeFiles/flatbox-rev4.dir/C_/Pico/pico-sdk/lib/tinyusb/src/device/usbd.c.obj
                0x10006974                usbd_edpt_stalled
 .text.process_control_request
                0x10006990      0x374 CMakeFiles/flatbox-rev4.dir/C_/Pico/pico-sdk/lib/tinyusb/src/device/usbd.c.obj
 .text.tud_task_ext
                0x10006d04      0x1b4 CMakeFiles/flatbox-rev4.dir/C_/Pico/pico-sdk/lib/tinyusb/src/device/usbd.c.obj
                0x10006d04                tud_task_ext
 .text._status_stage_xact
                0x10006eb8       0x1a CMakeFiles/flatbox-rev4.dir/C_/Pico/pico-sdk/lib/tinyusb/src/device/usbd_control.c.obj
 *fill*         0x10006ed2        0x2 
 .text._data_stage_xact
                0x10006ed4       0x58 CMakeFiles/flatbox-rev4.dir/C_/Pico/pico-sdk/lib/tinyusb/src/device/usbd_control.c.obj
 .text.tud_control_status
                0x10006f2c       0x28 CMakeFiles/flatbox-rev4.dir/C_/Pico/pico-sdk/lib/tinyusb/src/device/usbd_control.c.obj
                0x10006f2c                tud_control_status
 .text.tud_control_xfer
                0x10006f54       0x68 CMakeFiles/flatbox-rev4.dir/C_/Pico/pico-sdk/lib/tinyusb/src/device/usbd_control.c.obj
                0x10006f54                tud_control_xfer
 .text.usbd_control_reset
                0x10006fbc       0x14 CMakeFiles/flatbox-rev4.dir/C_/Pico/pico-sdk/lib/tinyusb/src/device/usbd_control.c.obj
                0x10006fbc                usbd_control_reset
 .text.usbd_control_set_complete_callback
                0x10006fd0        0xc CMakeFiles/flatbox-rev4.dir/C_/Pico/pico-sdk/lib/tinyusb/src/device/usbd_control.c.obj
                0x10006fd0                usbd_control_set_complete_callback
 .text.usbd_control_set_request
                0x10006fdc       0x1c CMakeFiles/flatbox-rev4.dir/C_/Pico/pico-sdk/lib/tinyusb/src/device/usbd_control.c.obj
                0x10006fdc                usbd_control_set_request
 .text.usbd_control_xfer_cb
                0x10006ff8       0xbc CMakeFiles/flatbox-rev4.dir/C_/Pico/pico-sdk/lib/tinyusb/src/device/usbd_control.c.obj
                0x10006ff8                usbd_control_xfer_cb
 .text.tud_hid_n_ready
                0x100070b4       0x44 CMakeFiles/flatbox-rev4.dir/C_/Pico/pico-sdk/lib/tinyusb/src/class/hid/hid_device.c.obj
                0x100070b4                tud_hid_n_ready
 .text.tud_hid_n_report
                0x100070f8       0x84 CMakeFiles/flatbox-rev4.dir/C_/Pico/pico-sdk/lib/tinyusb/src/class/hid/hid_device.c.obj
                0x100070f8                tud_hid_n_report
 .text.hidd_reset
                0x1000717c       0x14 CMakeFiles/flatbox-rev4.dir/C_/Pico/pico-sdk/lib/tinyusb/src/class/hid/hid_device.c.obj
                0x1000717c                hidd_reset
 .text.hidd_init
                0x10007190        0xa CMakeFiles/flatbox-rev4.dir/C_/Pico/pico-sdk/lib/tinyusb/src/class/hid/hid_device.c.obj
                0x10007190                hidd_init
 *fill*         0x1000719a        0x2 
 .text.hidd_open
                0x1000719c       0xb8 CMakeFiles/flatbox-rev4.dir/C_/Pico/pico-sdk/lib/tinyusb/src/class/hid/hid_device.c.obj
                0x1000719c                hidd_open
 .text.hidd_control_xfer_cb
                0x10007254      0x278 CMakeFiles/flatbox-rev4.dir/C_/Pico/pico-sdk/lib/tinyusb/src/class/hid/hid_device.c.obj
                0x10007254                hidd_control_xfer_cb
 .text.hidd_xfer_cb
                0x100074cc       0x84 CMakeFiles/flatbox-rev4.dir/C_/Pico/pico-sdk/lib/tinyusb/src/class/hid/hid_device.c.obj
                0x100074cc                hidd_xfer_cb
 .text.tusb_init
                0x10007550        0xa CMakeFiles/flatbox-rev4.dir/C_/Pico/pico-sdk/lib/tinyusb/src/tusb.c.obj
                0x10007550                tusb_init
 .text.tusb_inited
                0x1000755a        0xe CMakeFiles/flatbox-rev4.dir/C_/Pico/pico-sdk/lib/tinyusb/src/tusb.c.obj
                0x1000755a                tusb_inited
 .text.tu_edpt_claim
                0x10007568       0x50 CMakeFiles/flatbox-rev4.dir/C_/Pico/pico-sdk/lib/tinyusb/src/tusb.c.obj
                0x10007568                tu_edpt_claim
 .text.tu_edpt_validate
                0x100075b8       0x78 CMakeFiles/flatbox-rev4.dir/C_/Pico/pico-sdk/lib/tinyusb/src/tusb.c.obj
                0x100075b8                tu_edpt_validate
 .text.tu_edpt_bind_driver
                0x10007630       0x26 CMakeFiles/flatbox-rev4.dir/C_/Pico/pico-sdk/lib/tinyusb/src/tusb.c.obj
                0x10007630                tu_edpt_bind_driver
 .text.advance_index
                0x10007656       0x1a CMakeFiles/flatbox-rev4.dir/C_/Pico/pico-sdk/lib/tinyusb/src/common/tusb_fifo.c.obj
 .text._tu_fifo_peek
                0x10007670       0x56 CMakeFiles/flatbox-rev4.dir/C_/Pico/pico-sdk/lib/tinyusb/src/common/tusb_fifo.c.obj
 .text.tu_fifo_full
                0x100076c6       0x28 CMakeFiles/flatbox-rev4.dir/C_/Pico/pico-sdk/lib/tinyusb/src/common/tusb_fifo.c.obj
                0x100076c6                tu_fifo_full
 .text.tu_fifo_read
                0x100076ee       0x42 CMakeFiles/flatbox-rev4.dir/C_/Pico/pico-sdk/lib/tinyusb/src/common/tusb_fifo.c.obj
                0x100076ee                tu_fifo_read
 .text.tu_fifo_write
                0x10007730       0x64 CMakeFiles/flatbox-rev4.dir/C_/Pico/pico-sdk/lib/tinyusb/src/common/tusb_fifo.c.obj
                0x10007730                tu_fifo_write
 .text.tu_fifo_clear
                0x10007794       0x3e CMakeFiles/flatbox-rev4.dir/C_/Pico/pico-sdk/lib/tinyusb/src/common/tusb_fifo.c.obj
                0x10007794                tu_fifo_clear
 .text.board_init
                0x100077d2        0x2 CMakeFiles/flatbox-rev4.dir/C_/Pico/pico-sdk/lib/tinyusb/hw/bsp/rp2040/family.c.obj
                0x100077d2                board_init
 .text.sm_config_set_clkdiv
                0x100077d4       0x3c CMakeFiles/flatbox-rev4.dir/lib/pico_neopixels/Adafruit_NeoPixel.cpp.obj
 .text._ZL37ws2812byte_program_get_default_configj
                0x10007810       0x44 CMakeFiles/flatbox-rev4.dir/lib/pico_neopixels/Adafruit_NeoPixel.cpp.obj
 .text._ZL20update_us_since_bootP15absolute_time_ty
                0x10007854       0x24 CMakeFiles/flatbox-rev4.dir/lib/pico_neopixels/Adafruit_NeoPixel.cpp.obj
 .text.get_absolute_time
                0x10007878       0x16 CMakeFiles/flatbox-rev4.dir/lib/pico_neopixels/Adafruit_NeoPixel.cpp.obj
 *fill*         0x1000788e        0x2 
 .text._ZL23ws2812byte_program_initP8pio_hw_tjjjfj
                0x10007890       0xc0 CMakeFiles/flatbox-rev4.dir/lib/pico_neopixels/Adafruit_NeoPixel.cpp.obj
 .text._ZN17Adafruit_NeoPixel5beginEv
                0x10007950        0x2 CMakeFiles/flatbox-rev4.dir/lib/pico_neopixels/Adafruit_NeoPixel.cpp.obj
                0x10007950                Adafruit_NeoPixel::begin()
 .text._ZN17Adafruit_NeoPixel12updateLengthEt
                0x10007952       0x6c CMakeFiles/flatbox-rev4.dir/lib/pico_neopixels/Adafruit_NeoPixel.cpp.obj
                0x10007952                Adafruit_NeoPixel::updateLength(unsigned short)
 .text._ZN17Adafruit_NeoPixel10updateTypeEt
                0x100079be       0x4c CMakeFiles/flatbox-rev4.dir/lib/pico_neopixels/Adafruit_NeoPixel.cpp.obj
                0x100079be                Adafruit_NeoPixel::updateType(unsigned short)
 *fill*         0x10007a0a        0x2 
 .text._ZN17Adafruit_NeoPixel10rp2040InitEh
                0x10007a0c      0x118 CMakeFiles/flatbox-rev4.dir/lib/pico_neopixels/Adafruit_NeoPixel.cpp.obj
                0x10007a0c                Adafruit_NeoPixel::rp2040Init(unsigned char)
 .text._ZN17Adafruit_NeoPixel15rp2040changepinEh
                0x10007b24       0x74 CMakeFiles/flatbox-rev4.dir/lib/pico_neopixels/Adafruit_NeoPixel.cpp.obj
                0x10007b24                Adafruit_NeoPixel::rp2040changepin(unsigned char)
 .text._ZN17Adafruit_NeoPixel10rp2040ShowEhPhmb
                0x10007b98       0x4c CMakeFiles/flatbox-rev4.dir/lib/pico_neopixels/Adafruit_NeoPixel.cpp.obj
                0x10007b98                Adafruit_NeoPixel::rp2040Show(unsigned char, unsigned char*, unsigned long, bool)
 .text._ZN17Adafruit_NeoPixel4showEv
                0x10007be4       0x1a CMakeFiles/flatbox-rev4.dir/lib/pico_neopixels/Adafruit_NeoPixel.cpp.obj
                0x10007be4                Adafruit_NeoPixel::show()
 *fill*         0x10007bfe        0x2 
 .text._ZN17Adafruit_NeoPixelD2Ev
                0x10007c00       0x94 CMakeFiles/flatbox-rev4.dir/lib/pico_neopixels/Adafruit_NeoPixel.cpp.obj
                0x10007c00                Adafruit_NeoPixel::~Adafruit_NeoPixel()
                0x10007c00                Adafruit_NeoPixel::~Adafruit_NeoPixel()
 .text._ZN17Adafruit_NeoPixel6setPinEt
                0x10007c94       0x14 CMakeFiles/flatbox-rev4.dir/lib/pico_neopixels/Adafruit_NeoPixel.cpp.obj
                0x10007c94                Adafruit_NeoPixel::setPin(unsigned short)
 .text._ZN17Adafruit_NeoPixelC2Ettt
                0x10007ca8       0x4a CMakeFiles/flatbox-rev4.dir/lib/pico_neopixels/Adafruit_NeoPixel.cpp.obj
                0x10007ca8                Adafruit_NeoPixel::Adafruit_NeoPixel(unsigned short, unsigned short, unsigned short)
                0x10007ca8                Adafruit_NeoPixel::Adafruit_NeoPixel(unsigned short, unsigned short, unsigned short)
 .text._ZN17Adafruit_NeoPixel13setPixelColorEthhhh
                0x10007cf2       0xe2 CMakeFiles/flatbox-rev4.dir/lib/pico_neopixels/Adafruit_NeoPixel.cpp.obj
                0x10007cf2                Adafruit_NeoPixel::setPixelColor(unsigned short, unsigned char, unsigned char, unsigned char, unsigned char)
 .text._ZN17Adafruit_NeoPixel13setPixelColorEtm
                0x10007dd4       0x1e CMakeFiles/flatbox-rev4.dir/lib/pico_neopixels/Adafruit_NeoPixel.cpp.obj
                0x10007dd4                Adafruit_NeoPixel::setPixelColor(unsigned short, unsigned long)
 *fill*         0x10007df2        0x2 
 .text._ZN17Adafruit_NeoPixel13setBrightnessEh
                0x10007df4       0x58 CMakeFiles/flatbox-rev4.dir/lib/pico_neopixels/Adafruit_NeoPixel.cpp.obj
                0x10007df4                Adafruit_NeoPixel::setBrightness(unsigned char)
 .text.pio_get_default_sm_config
                0x10007e4c       0x28 CMakeFiles/flatbox-rev4.dir/C_/Pico/pico-sdk/src/rp2_common/hardware_pio/pio.c.obj
 .text._pio_can_add_program_at_offset
                0x10007e74       0x3c CMakeFiles/flatbox-rev4.dir/C_/Pico/pico-sdk/src/rp2_common/hardware_pio/pio.c.obj
 .text._pio_find_offset_for_program
                0x10007eb0       0x7c CMakeFiles/flatbox-rev4.dir/C_/Pico/pico-sdk/src/rp2_common/hardware_pio/pio.c.obj
 .text._pio_add_program_at_offset
                0x10007f2c       0x7c CMakeFiles/flatbox-rev4.dir/C_/Pico/pico-sdk/src/rp2_common/hardware_pio/pio.c.obj
 .text.pio_sm_unclaim
                0x10007fa8       0x20 CMakeFiles/flatbox-rev4.dir/C_/Pico/pico-sdk/src/rp2_common/hardware_pio/pio.c.obj
                0x10007fa8                pio_sm_unclaim
 .text.pio_claim_unused_sm
                0x10007fc8       0x3c CMakeFiles/flatbox-rev4.dir/C_/Pico/pico-sdk/src/rp2_common/hardware_pio/pio.c.obj
                0x10007fc8                pio_claim_unused_sm
 .text.pio_can_add_program
                0x10008004       0x26 CMakeFiles/flatbox-rev4.dir/C_/Pico/pico-sdk/src/rp2_common/hardware_pio/pio.c.obj
                0x10008004                pio_can_add_program
 *fill*         0x1000802a        0x2 
 .text.pio_add_program
                0x1000802c       0x38 CMakeFiles/flatbox-rev4.dir/C_/Pico/pico-sdk/src/rp2_common/hardware_pio/pio.c.obj
                0x1000802c                pio_add_program
 .text.pio_remove_program
                0x10008064       0x58 CMakeFiles/flatbox-rev4.dir/C_/Pico/pico-sdk/src/rp2_common/hardware_pio/pio.c.obj
                0x10008064                pio_remove_program
 .text.pio_sm_set_consecutive_pindirs
                0x100080bc       0xa4 CMakeFiles/flatbox-rev4.dir/C_/Pico/pico-sdk/src/rp2_common/hardware_pio/pio.c.obj
                0x100080bc                pio_sm_set_consecutive_pindirs
 .text.pio_sm_init
                0x10008160       0xb0 CMakeFiles/flatbox-rev4.dir/C_/Pico/pico-sdk/src/rp2_common/hardware_pio/pio.c.obj
                0x10008160                pio_sm_init
 .text.core1_trampoline
                0x10008210        0x2 CMakeFiles/flatbox-rev4.dir/C_/Pico/pico-sdk/src/rp2_common/pico_multicore/multicore.c.obj
 .text.core1_wrapper
                0x10008212        0xc CMakeFiles/flatbox-rev4.dir/C_/Pico/pico-sdk/src/rp2_common/pico_multicore/multicore.c.obj
                0x10008212                core1_wrapper
 *fill*         0x1000821e        0x2 
 .text.check_lockout_mutex_init
                0x10008220       0x24 CMakeFiles/flatbox-rev4.dir/C_/Pico/pico-sdk/src/rp2_common/pico_multicore/multicore.c.obj
 .text.multicore_fifo_push_blocking
                0x10008244       0x14 CMakeFiles/flatbox-rev4.dir/C_/Pico/pico-sdk/src/rp2_common/pico_multicore/multicore.c.obj
                0x10008244                multicore_fifo_push_blocking
 .text.multicore_fifo_pop_blocking
                0x10008258       0x16 CMakeFiles/flatbox-rev4.dir/C_/Pico/pico-sdk/src/rp2_common/pico_multicore/multicore.c.obj
                0x10008258                multicore_fifo_pop_blocking
 .text.multicore_launch_core1_raw
                0x1000826e       0x70 CMakeFiles/flatbox-rev4.dir/C_/Pico/pico-sdk/src/rp2_common/pico_multicore/multicore.c.obj
                0x1000826e                multicore_launch_core1_raw
 *fill*         0x100082de        0x2 
 .text.multicore_launch_core1_with_stack
                0x100082e0       0x50 CMakeFiles/flatbox-rev4.dir/C_/Pico/pico-sdk/src/rp2_common/pico_multicore/multicore.c.obj
                0x100082e0                multicore_launch_core1_with_stack
 .text.multicore_launch_core1
                0x10008330       0x24 CMakeFiles/flatbox-rev4.dir/C_/Pico/pico-sdk/src/rp2_common/pico_multicore/multicore.c.obj
                0x10008330                multicore_launch_core1
 .text.multicore_lockout_victim_init
                0x10008354       0x24 CMakeFiles/flatbox-rev4.dir/C_/Pico/pico-sdk/src/rp2_common/pico_multicore/multicore.c.obj
                0x10008354                multicore_lockout_victim_init
 .text.malloc   0x10008378       0x14 c:/progra~2/armgnu~1/1213fb~1.2mp/bin/../lib/gcc/arm-none-eabi/12.2.0/thumb/v6-m/nofp\libg.a(libc_a-malloc.o)
                0x10008378                malloc
 .text.free     0x1000838c       0x14 c:/progra~2/armgnu~1/1213fb~1.2mp/bin/../lib/gcc/arm-none-eabi/12.2.0/thumb/v6-m/nofp\libg.a(libc_a-malloc.o)
                0x1000838c                free
 .text._malloc_r
                0x100083a0      0x55c c:/progra~2/armgnu~1/1213fb~1.2mp/bin/../lib/gcc/arm-none-eabi/12.2.0/thumb/v6-m/nofp\libg.a(libc_a-mallocr.o)
                0x100083a0                _malloc_r
 .text.__malloc_lock
                0x100088fc       0x10 c:/progra~2/armgnu~1/1213fb~1.2mp/bin/../lib/gcc/arm-none-eabi/12.2.0/thumb/v6-m/nofp\libg.a(libc_a-mlock.o)
                0x100088fc                __malloc_lock
 .text.__malloc_unlock
                0x1000890c       0x10 c:/progra~2/armgnu~1/1213fb~1.2mp/bin/../lib/gcc/arm-none-eabi/12.2.0/thumb/v6-m/nofp\libg.a(libc_a-mlock.o)
                0x1000890c                __malloc_unlock
 .text.memcmp   0x1000891c       0x44 c:/progra~2/armgnu~1/1213fb~1.2mp/bin/../lib/gcc/arm-none-eabi/12.2.0/thumb/v6-m/nofp\libg.a(libc_a-memcmp.o)
                0x1000891c                memcmp
 .text._sbrk_r  0x10008960       0x24 c:/progra~2/armgnu~1/1213fb~1.2mp/bin/../lib/gcc/arm-none-eabi/12.2.0/thumb/v6-m/nofp\libg.a(libc_a-sbrkr.o)
                0x10008960                _sbrk_r
 .text.__retarget_lock_acquire_recursive
                0x10008984        0x4 c:/progra~2/armgnu~1/1213fb~1.2mp/bin/../lib/gcc/arm-none-eabi/12.2.0/thumb/v6-m/nofp\libg.a(libc_a-lock.o)
                0x10008984                __retarget_lock_acquire_recursive
 .text.__retarget_lock_release_recursive
                0x10008988        0x4 c:/progra~2/armgnu~1/1213fb~1.2mp/bin/../lib/gcc/arm-none-eabi/12.2.0/thumb/v6-m/nofp\libg.a(libc_a-lock.o)
                0x10008988                __retarget_lock_release_recursive
 .text.strlen   0x1000898c       0x5c c:/progra~2/armgnu~1/1213fb~1.2mp/bin/../lib/gcc/arm-none-eabi/12.2.0/thumb/v6-m/nofp\libg.a(libc_a-strlen-stub.o)
                0x1000898c                strlen
 .text._malloc_trim_r
                0x100089e8       0xa8 c:/progra~2/armgnu~1/1213fb~1.2mp/bin/../lib/gcc/arm-none-eabi/12.2.0/thumb/v6-m/nofp\libg.a(libc_a-freer.o)
                0x100089e8                _malloc_trim_r
 .text._free_r  0x10008a90      0x1c0 c:/progra~2/armgnu~1/1213fb~1.2mp/bin/../lib/gcc/arm-none-eabi/12.2.0/thumb/v6-m/nofp\libg.a(libc_a-freer.o)
                0x10008a90                _free_r
 *(.fini)
 .fini          0x10008c50        0x4 c:/progra~2/armgnu~1/1213fb~1.2mp/bin/../lib/gcc/arm-none-eabi/12.2.0/thumb/v6-m/nofp/crti.o
                0x10008c50                _fini
 *fill*         0x10008c54        0x4 
 .fini.__stub   0x10008c58       0xf0 linker stubs
 *crtbegin.o(.ctors)
 *crtbegin?.o(.ctors)
 *(EXCLUDE_FILE(*crtend.o *crtend?.o) .ctors)
 *(SORT_BY_NAME(.ctors.*))
 *(.ctors)
 *crtbegin.o(.dtors)
 *crtbegin?.o(.dtors)
 *(EXCLUDE_FILE(*crtend.o *crtend?.o) .dtors)
 *(SORT_BY_NAME(.dtors.*))
 *(.dtors)
 *(.eh_frame*)
 .eh_frame      0x10008d48        0x0 c:/progra~2/armgnu~1/1213fb~1.2mp/bin/../lib/gcc/arm-none-eabi/12.2.0/thumb/v6-m/nofp/crtbegin.o
                0x10008d48                        . = ALIGN (0x4)

.glue_7         0x10008d48        0x0
 .glue_7        0x10008d48        0x0 linker stubs

.glue_7t        0x10008d48        0x0
 .glue_7t       0x10008d48        0x0 linker stubs

.vfp11_veneer   0x10008d48        0x0
 .vfp11_veneer  0x10008d48        0x0 linker stubs

.v4_bx          0x10008d48        0x0
 .v4_bx         0x10008d48        0x0 linker stubs

.iplt           0x10008d48        0x0
 .iplt          0x10008d48        0x0 c:/progra~2/armgnu~1/1213fb~1.2mp/bin/../lib/gcc/arm-none-eabi/12.2.0/thumb/v6-m/nofp/crtbegin.o

.rodata         0x10008d48     0x171c
 *(EXCLUDE_FILE(*libm.a: *libc.a:*lib_a-mem*.o *libgcc.a:) .rodata*)
 .rodata.._anon_145
                0x10008d48        0x2 CMakeFiles/flatbox-rev4.dir/src/flatbox.cpp.obj
 *fill*         0x10008d4a        0x2 
 .rodata.str1.4
                0x10008d4c       0x15 CMakeFiles/flatbox-rev4.dir/src/flatbox.cpp.obj
 *fill*         0x10008d61        0x3 
 .rodata._ZL25switch_desc_configuration
                0x10008d64       0x22 CMakeFiles/flatbox-rev4.dir/src/flatbox.cpp.obj
 *fill*         0x10008d86        0x2 
 .rodata._ZL22ps3_desc_configuration
                0x10008d88       0x22 CMakeFiles/flatbox-rev4.dir/src/flatbox.cpp.obj
 *fill*         0x10008daa        0x2 
 .rodata._ZL22switch_desc_hid_report
                0x10008dac       0x56 CMakeFiles/flatbox-rev4.dir/src/flatbox.cpp.obj
 *fill*         0x10008e02        0x2 
 .rodata._ZL19ps3_desc_hid_report
                0x10008e04       0x7d CMakeFiles/flatbox-rev4.dir/src/flatbox.cpp.obj
 *fill*         0x10008e81        0x3 
 .rodata._ZL11desc_device
                0x10008e84       0x12 CMakeFiles/flatbox-rev4.dir/src/flatbox.cpp.obj
 *fill*         0x10008e96        0x2 
 .rodata.hw_claim_clear.str1.4
                0x10008e98       0x57 CMakeFiles/flatbox-rev4.dir/C_/Pico/pico-sdk/src/rp2_common/hardware_claim/claim.c.obj
 *fill*         0x10008eef        0x1 
 .rodata.__func__.0
                0x10008ef0        0xf CMakeFiles/flatbox-rev4.dir/C_/Pico/pico-sdk/src/rp2_common/hardware_claim/claim.c.obj
 *fill*         0x10008eff        0x1 
 .rodata.spin_lock_claim_unused.str1.4
                0x10008f00       0x1b CMakeFiles/flatbox-rev4.dir/C_/Pico/pico-sdk/src/rp2_common/hardware_sync/sync.c.obj
 *fill*         0x10008f1b        0x1 
 .rodata.resolve_branch.str1.4
                0x10008f1c       0x4b CMakeFiles/flatbox-rev4.dir/C_/Pico/pico-sdk/src/rp2_common/hardware_irq/irq.c.obj
 *fill*         0x10008f67        0x1 
 .rodata.make_branch.str1.4
                0x10008f68       0x30 CMakeFiles/flatbox-rev4.dir/C_/Pico/pico-sdk/src/rp2_common/hardware_irq/irq.c.obj
 .rodata.insert_branch_and_link.str1.4
                0x10008f98       0x10 CMakeFiles/flatbox-rev4.dir/C_/Pico/pico-sdk/src/rp2_common/hardware_irq/irq.c.obj
 .rodata.irq_set_exclusive_handler.str1.4
                0x10008fa8       0x36 CMakeFiles/flatbox-rev4.dir/C_/Pico/pico-sdk/src/rp2_common/hardware_irq/irq.c.obj
 *fill*         0x10008fde        0x2 
 .rodata.irq_add_shared_handler.str1.4
                0x10008fe0       0xc2 CMakeFiles/flatbox-rev4.dir/C_/Pico/pico-sdk/src/rp2_common/hardware_irq/irq.c.obj
 *fill*         0x100090a2        0x2 
 .rodata.irq_remove_handler.str1.4
                0x100090a4       0x3a CMakeFiles/flatbox-rev4.dir/C_/Pico/pico-sdk/src/rp2_common/hardware_irq/irq.c.obj
 *fill*         0x100090de        0x2 
 .rodata.irq_add_tail_to_free_list.str1.4
                0x100090e0       0x3a CMakeFiles/flatbox-rev4.dir/C_/Pico/pico-sdk/src/rp2_common/hardware_irq/irq.c.obj
 *fill*         0x1000911a        0x2 
 .rodata.__func__.0
                0x1000911c       0x1a CMakeFiles/flatbox-rev4.dir/C_/Pico/pico-sdk/src/rp2_common/hardware_irq/irq.c.obj
 *fill*         0x10009136        0x2 
 .rodata.__func__.1
                0x10009138       0x17 CMakeFiles/flatbox-rev4.dir/C_/Pico/pico-sdk/src/rp2_common/hardware_irq/irq.c.obj
 *fill*         0x1000914f        0x1 
 .rodata.__func__.2
                0x10009150       0x13 CMakeFiles/flatbox-rev4.dir/C_/Pico/pico-sdk/src/rp2_common/hardware_irq/irq.c.obj
 *fill*         0x10009163        0x1 
 .rodata.__func__.3
                0x10009164        0xc CMakeFiles/flatbox-rev4.dir/C_/Pico/pico-sdk/src/rp2_common/hardware_irq/irq.c.obj
 .rodata.__func__.4
                0x10009170        0xf CMakeFiles/flatbox-rev4.dir/C_/Pico/pico-sdk/src/rp2_common/hardware_irq/irq.c.obj
 *fill*         0x1000917f        0x1 
 .rodata.__func__.5
                0x10009180       0x17 CMakeFiles/flatbox-rev4.dir/C_/Pico/pico-sdk/src/rp2_common/hardware_irq/irq.c.obj
 *fill*         0x10009197        0x1 
 .rodata.__func__.6
                0x10009198       0x1a CMakeFiles/flatbox-rev4.dir/C_/Pico/pico-sdk/src/rp2_common/hardware_irq/irq.c.obj
 *fill*         0x100091b2        0x2 
 .rodata.update_us_since_boot.str1.4
                0x100091b4       0x57 CMakeFiles/flatbox-rev4.dir/C_/Pico/pico-sdk/src/common/pico_sync/mutex.c.obj
 *fill*         0x1000920b        0x1 
 .rodata.str1.4
                0x1000920c       0x81 CMakeFiles/flatbox-rev4.dir/C_/Pico/pico-sdk/src/common/pico_sync/mutex.c.obj
 *fill*         0x1000928d        0x3 
 .rodata.__func__.1
                0x10009290        0xb CMakeFiles/flatbox-rev4.dir/C_/Pico/pico-sdk/src/common/pico_sync/mutex.c.obj
 *fill*         0x1000929b        0x1 
 .rodata.__func__.3
                0x1000929c       0x18 CMakeFiles/flatbox-rev4.dir/C_/Pico/pico-sdk/src/common/pico_sync/mutex.c.obj
 .rodata.__func__.4
                0x100092b4       0x15 CMakeFiles/flatbox-rev4.dir/C_/Pico/pico-sdk/src/common/pico_sync/mutex.c.obj
 *fill*         0x100092c9        0x3 
 .rodata.get_entry.str1.4
                0x100092cc       0x51 CMakeFiles/flatbox-rev4.dir/C_/Pico/pico-sdk/src/common/pico_time/time.c.obj
 .rodata.update_us_since_boot.str1.4
                0x1000931d       0x57 CMakeFiles/flatbox-rev4.dir/C_/Pico/pico-sdk/src/common/pico_time/time.c.obj
 *fill*         0x1000931d        0x3 
 .rodata.ph_get_node.str1.4
                0x10009320       0x5c CMakeFiles/flatbox-rev4.dir/C_/Pico/pico-sdk/src/common/pico_time/time.c.obj
 .rodata.ph_add_child_node.str1.4
                0x1000937c       0x2e CMakeFiles/flatbox-rev4.dir/C_/Pico/pico-sdk/src/common/pico_time/time.c.obj
 *fill*         0x100093aa        0x2 
 .rodata.ph_insert_node.str1.4
                0x100093ac        0x3 CMakeFiles/flatbox-rev4.dir/C_/Pico/pico-sdk/src/common/pico_time/time.c.obj
 *fill*         0x100093af        0x1 
 .rodata.ph_free_node.str1.4
                0x100093b0       0x38 CMakeFiles/flatbox-rev4.dir/C_/Pico/pico-sdk/src/common/pico_time/time.c.obj
 .rodata.add_alarm_under_lock.str1.4
                0x100093e8       0x28 CMakeFiles/flatbox-rev4.dir/C_/Pico/pico-sdk/src/common/pico_time/time.c.obj
 .rodata.alarm_pool_alarm_callback.str1.4
                0x10009410       0x60 CMakeFiles/flatbox-rev4.dir/C_/Pico/pico-sdk/src/common/pico_time/time.c.obj
 .rodata.alarm_pool_get_default.str1.4
                0x10009470       0x21 CMakeFiles/flatbox-rev4.dir/C_/Pico/pico-sdk/src/common/pico_time/time.c.obj
 *fill*         0x10009491        0x3 
 .rodata.alarm_pool_cancel_alarm.str1.4
                0x10009494       0x27 CMakeFiles/flatbox-rev4.dir/C_/Pico/pico-sdk/src/common/pico_time/time.c.obj
 *fill*         0x100094bb        0x1 
 .rodata.sleep_until.str1.4
                0x100094bc       0x4d CMakeFiles/flatbox-rev4.dir/C_/Pico/pico-sdk/src/common/pico_time/time.c.obj
 *fill*         0x10009509        0x3 
 .rodata.__func__.1
                0x1000950c       0x18 CMakeFiles/flatbox-rev4.dir/C_/Pico/pico-sdk/src/common/pico_time/time.c.obj
 .rodata.__func__.3
                0x10009524       0x17 CMakeFiles/flatbox-rev4.dir/C_/Pico/pico-sdk/src/common/pico_time/time.c.obj
 *fill*         0x1000953b        0x1 
 .rodata.__func__.4
                0x1000953c       0x12 CMakeFiles/flatbox-rev4.dir/C_/Pico/pico-sdk/src/common/pico_time/time.c.obj
 *fill*         0x1000954e        0x2 
 .rodata.__func__.5
                0x10009550        0xd CMakeFiles/flatbox-rev4.dir/C_/Pico/pico-sdk/src/common/pico_time/time.c.obj
 *fill*         0x1000955d        0x3 
 .rodata.__func__.6
                0x10009560       0x12 CMakeFiles/flatbox-rev4.dir/C_/Pico/pico-sdk/src/common/pico_time/time.c.obj
 *fill*         0x10009572        0x2 
 .rodata.__func__.7
                0x10009574        0xf CMakeFiles/flatbox-rev4.dir/C_/Pico/pico-sdk/src/common/pico_time/time.c.obj
 *fill*         0x10009583        0x1 
 .rodata.__func__.8
                0x10009584        0xc CMakeFiles/flatbox-rev4.dir/C_/Pico/pico-sdk/src/common/pico_time/time.c.obj
 .rodata.__func__.9
                0x10009590       0x15 CMakeFiles/flatbox-rev4.dir/C_/Pico/pico-sdk/src/common/pico_time/time.c.obj
 *fill*         0x100095a5        0x3 
 .rodata.__func__.10
                0x100095a8       0x15 CMakeFiles/flatbox-rev4.dir/C_/Pico/pico-sdk/src/common/pico_time/time.c.obj
 *fill*         0x100095bd        0x3 
 .rodata.__func__.11
                0x100095c0       0x1a CMakeFiles/flatbox-rev4.dir/C_/Pico/pico-sdk/src/common/pico_time/time.c.obj
 *fill*         0x100095da        0x2 
 .rodata.__func__.12
                0x100095dc        0xa CMakeFiles/flatbox-rev4.dir/C_/Pico/pico-sdk/src/common/pico_time/time.c.obj
 *fill*         0x100095e6        0x2 
 .rodata.hardware_alarm_claim.str1.4
                0x100095e8       0x22 CMakeFiles/flatbox-rev4.dir/C_/Pico/pico-sdk/src/rp2_common/hardware_timer/timer.c.obj
 *fill*         0x1000960a        0x2 
 .rodata.hardware_alarm_set_target.str1.4
                0x1000960c       0x5b CMakeFiles/flatbox-rev4.dir/C_/Pico/pico-sdk/src/rp2_common/hardware_timer/timer.c.obj
 *fill*         0x10009667        0x1 
 .rodata.__func__.0
                0x10009668       0x1a CMakeFiles/flatbox-rev4.dir/C_/Pico/pico-sdk/src/rp2_common/hardware_timer/timer.c.obj
 .rodata.ph_get_node.str1.4
                0x10009682       0x5c CMakeFiles/flatbox-rev4.dir/C_/Pico/pico-sdk/src/common/pico_util/pheap.c.obj
 .rodata.ph_add_child_node.str1.4
                0x10009682       0x2e CMakeFiles/flatbox-rev4.dir/C_/Pico/pico-sdk/src/common/pico_util/pheap.c.obj
 *fill*         0x10009682        0x2 
 .rodata.ph_remove_any_head.str1.4
                0x10009684       0x84 CMakeFiles/flatbox-rev4.dir/C_/Pico/pico-sdk/src/common/pico_util/pheap.c.obj
                                 0x98 (size before relaxing)
 .rodata.ph_remove_and_free_node.str1.4
                0x10009708       0x1e CMakeFiles/flatbox-rev4.dir/C_/Pico/pico-sdk/src/common/pico_util/pheap.c.obj
                                 0x26 (size before relaxing)
 *fill*         0x10009726        0x2 
 .rodata.__func__.0
                0x10009728       0x18 CMakeFiles/flatbox-rev4.dir/C_/Pico/pico-sdk/src/common/pico_util/pheap.c.obj
 .rodata.__func__.1
                0x10009740       0x13 CMakeFiles/flatbox-rev4.dir/C_/Pico/pico-sdk/src/common/pico_util/pheap.c.obj
 *fill*         0x10009753        0x1 
 .rodata.__func__.2
                0x10009754       0x12 CMakeFiles/flatbox-rev4.dir/C_/Pico/pico-sdk/src/common/pico_util/pheap.c.obj
 *fill*         0x10009766        0x2 
 .rodata.__func__.3
                0x10009768        0xc CMakeFiles/flatbox-rev4.dir/C_/Pico/pico-sdk/src/common/pico_util/pheap.c.obj
 .rodata.clock_configure.str1.4
                0x10009774       0x4d CMakeFiles/flatbox-rev4.dir/C_/Pico/pico-sdk/src/rp2_common/hardware_clocks/clocks.c.obj
 *fill*         0x100097c1        0x3 
 .rodata.__func__.1
                0x100097c4       0x10 CMakeFiles/flatbox-rev4.dir/C_/Pico/pico-sdk/src/rp2_common/hardware_clocks/clocks.c.obj
 .rodata.pll_init.str1.4
                0x100097d4      0x117 CMakeFiles/flatbox-rev4.dir/C_/Pico/pico-sdk/src/rp2_common/hardware_pll/pll.c.obj
 *fill*         0x100098eb        0x1 
 .rodata.__func__.0
                0x100098ec        0x9 CMakeFiles/flatbox-rev4.dir/C_/Pico/pico-sdk/src/rp2_common/hardware_pll/pll.c.obj
 *fill*         0x100098f5        0x3 
 .rodata.__assert_func.str1.4
                0x100098f8       0x3f CMakeFiles/flatbox-rev4.dir/C_/Pico/pico-sdk/src/rp2_common/pico_runtime/runtime.c.obj
                                 0x43 (size before relaxing)
 *fill*         0x10009937        0x1 
 .rodata.runtime_init.str1.4
                0x10009938       0x57 CMakeFiles/flatbox-rev4.dir/C_/Pico/pico-sdk/src/rp2_common/pico_runtime/runtime.c.obj
 *fill*         0x1000998f        0x1 
 .rodata.panic.str1.4
                0x10009990       0x12 CMakeFiles/flatbox-rev4.dir/C_/Pico/pico-sdk/src/rp2_common/pico_runtime/runtime.c.obj
 *fill*         0x100099a2        0x2 
 .rodata.__func__.2
                0x100099a4        0xd CMakeFiles/flatbox-rev4.dir/C_/Pico/pico-sdk/src/rp2_common/pico_runtime/runtime.c.obj
 *fill*         0x100099b1        0x3 
 .rodata._ftoa.str1.4
                0x100099b4       0x15 CMakeFiles/flatbox-rev4.dir/C_/Pico/pico-sdk/src/rp2_common/pico_printf/printf.c.obj
 *fill*         0x100099c9        0x3 
 .rodata._vsnprintf
                0x100099cc      0x19c CMakeFiles/flatbox-rev4.dir/C_/Pico/pico-sdk/src/rp2_common/pico_printf/printf.c.obj
 .rodata.pow10.0
                0x10009b68       0x50 CMakeFiles/flatbox-rev4.dir/C_/Pico/pico-sdk/src/rp2_common/pico_printf/printf.c.obj
 .rodata.missing_double_func_shim.str1.4
                0x10009bb8       0x18 CMakeFiles/flatbox-rev4.dir/C_/Pico/pico-sdk/src/rp2_common/pico_double/double_init_rom.c.obj
 .rodata.__aeabi_double_init.str1.4
                0x10009bd0       0x9e CMakeFiles/flatbox-rev4.dir/C_/Pico/pico-sdk/src/rp2_common/pico_double/double_init_rom.c.obj
 *fill*         0x10009c6e        0x2 
 .rodata.__func__.0
                0x10009c70       0x14 CMakeFiles/flatbox-rev4.dir/C_/Pico/pico-sdk/src/rp2_common/pico_double/double_init_rom.c.obj
 .rodata.missing_float_func_shim.str1.4
                0x10009c84        0x1 CMakeFiles/flatbox-rev4.dir/C_/Pico/pico-sdk/src/rp2_common/pico_float/float_init_rom.c.obj
 .rodata.__aeabi_float_init.str1.4
                0x10009c84       0x70 CMakeFiles/flatbox-rev4.dir/C_/Pico/pico-sdk/src/rp2_common/pico_float/float_init_rom.c.obj
 .rodata.__func__.0
                0x10009cf4       0x13 CMakeFiles/flatbox-rev4.dir/C_/Pico/pico-sdk/src/rp2_common/pico_float/float_init_rom.c.obj
 *fill*         0x10009d07        0x1 
 .rodata.check_alloc.str1.4
                0x10009d08        0xe CMakeFiles/flatbox-rev4.dir/C_/Pico/pico-sdk/src/rp2_common/pico_malloc/pico_malloc.c.obj
 *fill*         0x10009d16        0x2 
 .rodata.str1.4
                0x10009d18       0x44 CMakeFiles/flatbox-rev4.dir/C_/Pico/pico-sdk/src/rp2_common/pico_standard_link/binary_info.c.obj
 .rodata.__bi_81
                0x10009d5c        0xc CMakeFiles/flatbox-rev4.dir/C_/Pico/pico-sdk/src/rp2_common/pico_standard_link/binary_info.c.obj
 .rodata.__bi_75
                0x10009d68        0xc CMakeFiles/flatbox-rev4.dir/C_/Pico/pico-sdk/src/rp2_common/pico_standard_link/binary_info.c.obj
 .rodata.__bi_44
                0x10009d74        0xc CMakeFiles/flatbox-rev4.dir/C_/Pico/pico-sdk/src/rp2_common/pico_standard_link/binary_info.c.obj
 .rodata.update_us_since_boot.str1.4
                0x10009d80       0x57 CMakeFiles/flatbox-rev4.dir/C_/Pico/pico-sdk/src/rp2_common/pico_stdio/stdio.c.obj
 .rodata.crlf_str.2
                0x10009d80        0x2 CMakeFiles/flatbox-rev4.dir/C_/Pico/pico-sdk/src/rp2_common/pico_stdio/stdio.c.obj
 *fill*         0x10009d82        0x2 
 .rodata.__func__.3
                0x10009d84       0x15 CMakeFiles/flatbox-rev4.dir/C_/Pico/pico-sdk/src/rp2_common/pico_stdio/stdio.c.obj
 *fill*         0x10009d99        0x3 
 .rodata._hw_endpoint_alloc.str1.4
                0x10009d9c       0xad CMakeFiles/flatbox-rev4.dir/C_/Pico/pico-sdk/lib/tinyusb/src/portable/raspberrypi/rp2040/dcd_rp2040.c.obj
 *fill*         0x10009e49        0x3 
 .rodata.str1.4
                0x10009e4c       0x14 CMakeFiles/flatbox-rev4.dir/C_/Pico/pico-sdk/lib/tinyusb/src/portable/raspberrypi/rp2040/dcd_rp2040.c.obj
 .rodata.dcd_int_enable.str1.4
                0x10009e60        0xc CMakeFiles/flatbox-rev4.dir/C_/Pico/pico-sdk/lib/tinyusb/src/portable/raspberrypi/rp2040/dcd_rp2040.c.obj
 .rodata.__func__.0
                0x10009e6c        0xe CMakeFiles/flatbox-rev4.dir/C_/Pico/pico-sdk/lib/tinyusb/src/portable/raspberrypi/rp2040/dcd_rp2040.c.obj
 *fill*         0x10009e7a        0x2 
 .rodata.__func__.1
                0x10009e7c        0xe CMakeFiles/flatbox-rev4.dir/C_/Pico/pico-sdk/lib/tinyusb/src/portable/raspberrypi/rp2040/dcd_rp2040.c.obj
 *fill*         0x10009e8a        0x2 
 .rodata.__func__.3
                0x10009e8c       0x10 CMakeFiles/flatbox-rev4.dir/C_/Pico/pico-sdk/lib/tinyusb/src/portable/raspberrypi/rp2040/dcd_rp2040.c.obj
 .rodata.__func__.5
                0x10009e9c        0xf CMakeFiles/flatbox-rev4.dir/C_/Pico/pico-sdk/lib/tinyusb/src/portable/raspberrypi/rp2040/dcd_rp2040.c.obj
 *fill*         0x10009eab        0x1 
 .rodata.__func__.6
                0x10009eac       0x13 CMakeFiles/flatbox-rev4.dir/C_/Pico/pico-sdk/lib/tinyusb/src/portable/raspberrypi/rp2040/dcd_rp2040.c.obj
 *fill*         0x10009ebf        0x1 
 .rodata.__func__.7
                0x10009ec0        0x9 CMakeFiles/flatbox-rev4.dir/C_/Pico/pico-sdk/lib/tinyusb/src/portable/raspberrypi/rp2040/dcd_rp2040.c.obj
 *fill*         0x10009ec9        0x3 
 .rodata.str1.4
                0x10009ecc       0xdf CMakeFiles/flatbox-rev4.dir/C_/Pico/pico-sdk/lib/tinyusb/src/portable/raspberrypi/rp2040/rp2040_usb.c.obj
 *fill*         0x10009fab        0x1 
 .rodata.__func__.0
                0x10009fac        0xf CMakeFiles/flatbox-rev4.dir/C_/Pico/pico-sdk/lib/tinyusb/src/portable/raspberrypi/rp2040/rp2040_usb.c.obj
 *fill*         0x10009fbb        0x1 
 .rodata.process_get_descriptor
                0x10009fbc       0x40 CMakeFiles/flatbox-rev4.dir/C_/Pico/pico-sdk/lib/tinyusb/src/device/usbd.c.obj
 .rodata.process_control_request
                0x10009ffc       0x28 CMakeFiles/flatbox-rev4.dir/C_/Pico/pico-sdk/lib/tinyusb/src/device/usbd.c.obj
 .rodata.tud_task_ext
                0x1000a024       0x24 CMakeFiles/flatbox-rev4.dir/C_/Pico/pico-sdk/lib/tinyusb/src/device/usbd.c.obj
 .rodata._usbd_driver
                0x1000a048       0x18 CMakeFiles/flatbox-rev4.dir/C_/Pico/pico-sdk/lib/tinyusb/src/device/usbd.c.obj
 .rodata.hidd_control_xfer_cb
                0x1000a060       0x30 CMakeFiles/flatbox-rev4.dir/C_/Pico/pico-sdk/lib/tinyusb/src/class/hid/hid_device.c.obj
 .rodata._ZL20update_us_since_bootP15absolute_time_ty.str1.4
                0x1000a090       0x99 CMakeFiles/flatbox-rev4.dir/lib/pico_neopixels/Adafruit_NeoPixel.cpp.obj
                                 0xb5 (size before relaxing)
 *fill*         0x1000a129        0x3 
 .rodata._ZL18ws2812byte_program
                0x1000a12c        0x6 CMakeFiles/flatbox-rev4.dir/lib/pico_neopixels/Adafruit_NeoPixel.cpp.obj
 *fill*         0x1000a132        0x2 
 .rodata._ZL31ws2812byte_program_instructions
                0x1000a134        0x8 CMakeFiles/flatbox-rev4.dir/lib/pico_neopixels/Adafruit_NeoPixel.cpp.obj
 .rodata._pio_find_offset_for_program.str1.4
                0x1000a13c       0x5f CMakeFiles/flatbox-rev4.dir/C_/Pico/pico-sdk/src/rp2_common/hardware_pio/pio.c.obj
 *fill*         0x1000a19b        0x1 
 .rodata._pio_add_program_at_offset.str1.4
                0x1000a19c       0x11 CMakeFiles/flatbox-rev4.dir/C_/Pico/pico-sdk/src/rp2_common/hardware_pio/pio.c.obj
 *fill*         0x1000a1ad        0x3 
 .rodata.pio_claim_unused_sm.str1.4
                0x1000a1b0       0x24 CMakeFiles/flatbox-rev4.dir/C_/Pico/pico-sdk/src/rp2_common/hardware_pio/pio.c.obj
 .rodata.pio_remove_program.str1.4
                0x1000a1d4       0x4d CMakeFiles/flatbox-rev4.dir/C_/Pico/pico-sdk/src/rp2_common/hardware_pio/pio.c.obj
 *fill*         0x1000a221        0x3 
 .rodata.__func__.0
                0x1000a224       0x13 CMakeFiles/flatbox-rev4.dir/C_/Pico/pico-sdk/src/rp2_common/hardware_pio/pio.c.obj
 *fill*         0x1000a237        0x1 
 .rodata.__func__.1
                0x1000a238       0x1d CMakeFiles/flatbox-rev4.dir/C_/Pico/pico-sdk/src/rp2_common/hardware_pio/pio.c.obj
 *fill*         0x1000a255        0x3 
 .rodata.str1.4
                0x1000a258      0x14e CMakeFiles/flatbox-rev4.dir/C_/Pico/pico-sdk/src/rp2_common/hardware_flash/flash.c.obj
 *fill*         0x1000a3a6        0x2 
 .rodata.__func__.1
                0x1000a3a8       0x14 CMakeFiles/flatbox-rev4.dir/C_/Pico/pico-sdk/src/rp2_common/hardware_flash/flash.c.obj
 .rodata.__func__.2
                0x1000a3bc       0x12 CMakeFiles/flatbox-rev4.dir/C_/Pico/pico-sdk/src/rp2_common/hardware_flash/flash.c.obj
 *fill*         0x1000a3ce        0x2 
 .rodata.multicore_lockout_start_block_until.str1.4
                0x1000a3d0       0x53 CMakeFiles/flatbox-rev4.dir/C_/Pico/pico-sdk/src/rp2_common/pico_multicore/multicore.c.obj
 *fill*         0x1000a423        0x1 
 .rodata.multicore_launch_core1_with_stack.str1.4
                0x1000a424       0x19 CMakeFiles/flatbox-rev4.dir/C_/Pico/pico-sdk/src/rp2_common/pico_multicore/multicore.c.obj
 *fill*         0x1000a43d        0x3 
 .rodata.__func__.2
                0x1000a440       0x22 CMakeFiles/flatbox-rev4.dir/C_/Pico/pico-sdk/src/rp2_common/pico_multicore/multicore.c.obj
                0x1000a464                        . = ALIGN (0x4)
 *fill*         0x1000a462        0x2 
 *(SORT_BY_ALIGNMENT(SORT_BY_NAME(.flashdata*)))
                0x1000a464                        . = ALIGN (0x4)

.rel.dyn        0x1000a464        0x0
 .rel.iplt      0x1000a464        0x0 c:/progra~2/armgnu~1/1213fb~1.2mp/bin/../lib/gcc/arm-none-eabi/12.2.0/thumb/v6-m/nofp/crtbegin.o

.ARM.extab
 *(.ARM.extab* .gnu.linkonce.armextab.*)
                0x1000a464                        __exidx_start = .

.ARM.exidx
 *(.ARM.exidx* .gnu.linkonce.armexidx.*)
                0x1000a464                        __exidx_end = .
                0x1000a464                        . = ALIGN (0x4)
                0x1000a464                        __binary_info_start = .

.binary_info    0x1000a464       0x1c
 *(.binary_info.keep.*)
 .binary_info.keep.__bi_ptr81
                0x1000a464        0x4 CMakeFiles/flatbox-rev4.dir/C_/Pico/pico-sdk/src/rp2_common/pico_standard_link/binary_info.c.obj
 .binary_info.keep.__bi_ptr75
                0x1000a468        0x4 CMakeFiles/flatbox-rev4.dir/C_/Pico/pico-sdk/src/rp2_common/pico_standard_link/binary_info.c.obj
 .binary_info.keep.__bi_ptr50
                0x1000a46c        0x4 CMakeFiles/flatbox-rev4.dir/C_/Pico/pico-sdk/src/rp2_common/pico_standard_link/binary_info.c.obj
 .binary_info.keep.__bi_ptr44
                0x1000a470        0x4 CMakeFiles/flatbox-rev4.dir/C_/Pico/pico-sdk/src/rp2_common/pico_standard_link/binary_info.c.obj
 .binary_info.keep.__bi_ptr38
                0x1000a474        0x4 CMakeFiles/flatbox-rev4.dir/C_/Pico/pico-sdk/src/rp2_common/pico_standard_link/binary_info.c.obj
 .binary_info.keep.__bi_ptr30
                0x1000a478        0x4 CMakeFiles/flatbox-rev4.dir/C_/Pico/pico-sdk/src/rp2_common/pico_standard_link/binary_info.c.obj
 .binary_info.keep.__bi_ptr22
                0x1000a47c        0x4 CMakeFiles/flatbox-rev4.dir/C_/Pico/pico-sdk/src/rp2_common/pico_standard_link/binary_info.c.obj
 *(.binary_info.*)
                0x1000a480                        __binary_info_end = .
                0x1000a480                        . = ALIGN (0x4)
                0x1000a480                        __etext = .

.ram_vector_table
                0x20000000       0xc0
 *(.ram_vector_table)
 .ram_vector_table
                0x20000000       0xc0 CMakeFiles/flatbox-rev4.dir/C_/Pico/pico-sdk/src/rp2_common/pico_runtime/runtime.c.obj
                0x20000000                ram_vector_table

.data           0x200000c0     0x11f0 load address 0x1000a480
                0x200000c0                        __data_start__ = .
 *(vtable)
 *(.time_critical*)
 .time_critical.mutex_enter_blocking
                0x200000c0       0x48 CMakeFiles/flatbox-rev4.dir/C_/Pico/pico-sdk/src/common/pico_sync/mutex.c.obj
                0x200000c0                mutex_enter_blocking
 .time_critical.mutex_try_enter
                0x20000108       0x46 CMakeFiles/flatbox-rev4.dir/C_/Pico/pico-sdk/src/common/pico_sync/mutex.c.obj
                0x20000108                mutex_try_enter
 *fill*         0x2000014e        0x2 
 .time_critical.mutex_enter_block_until
                0x20000150       0x8c CMakeFiles/flatbox-rev4.dir/C_/Pico/pico-sdk/src/common/pico_sync/mutex.c.obj
                0x20000150                mutex_enter_block_until
 .time_critical.mutex_try_enter_block_until
                0x200001dc       0x34 CMakeFiles/flatbox-rev4.dir/C_/Pico/pico-sdk/src/common/pico_sync/mutex.c.obj
                0x200001dc                mutex_try_enter_block_until
 .time_critical.mutex_enter_timeout_ms
                0x20000210       0x1a CMakeFiles/flatbox-rev4.dir/C_/Pico/pico-sdk/src/common/pico_sync/mutex.c.obj
                0x20000210                mutex_enter_timeout_ms
 *fill*         0x2000022a        0x2 
 .time_critical.mutex_exit
                0x2000022c       0x4c CMakeFiles/flatbox-rev4.dir/C_/Pico/pico-sdk/src/common/pico_sync/mutex.c.obj
                0x2000022c                mutex_exit
 .time_critical.reset_non_control_endpoints
                0x20000278       0x40 CMakeFiles/flatbox-rev4.dir/C_/Pico/pico-sdk/lib/tinyusb/src/portable/raspberrypi/rp2040/dcd_rp2040.c.obj
 .time_critical.hw_handle_buff_status
                0x200002b8       0xa4 CMakeFiles/flatbox-rev4.dir/C_/Pico/pico-sdk/lib/tinyusb/src/portable/raspberrypi/rp2040/dcd_rp2040.c.obj
 .time_critical.dcd_rp2040_irq
                0x2000035c      0x1b8 CMakeFiles/flatbox-rev4.dir/C_/Pico/pico-sdk/lib/tinyusb/src/portable/raspberrypi/rp2040/dcd_rp2040.c.obj
 .time_critical.e15_is_bulkin_ep
                0x20000514       0x2c CMakeFiles/flatbox-rev4.dir/C_/Pico/pico-sdk/lib/tinyusb/src/portable/raspberrypi/rp2040/rp2040_usb.c.obj
 .time_critical.e15_is_critical_frame_period
                0x20000540       0x30 CMakeFiles/flatbox-rev4.dir/C_/Pico/pico-sdk/lib/tinyusb/src/portable/raspberrypi/rp2040/rp2040_usb.c.obj
 .time_critical.prepare_ep_buffer
                0x20000570       0x6c CMakeFiles/flatbox-rev4.dir/C_/Pico/pico-sdk/lib/tinyusb/src/portable/raspberrypi/rp2040/rp2040_usb.c.obj
 .time_critical.sync_ep_buffer
                0x200005dc       0x7c CMakeFiles/flatbox-rev4.dir/C_/Pico/pico-sdk/lib/tinyusb/src/portable/raspberrypi/rp2040/rp2040_usb.c.obj
 .time_critical._hw_endpoint_xfer_sync
                0x20000658       0x28 CMakeFiles/flatbox-rev4.dir/C_/Pico/pico-sdk/lib/tinyusb/src/portable/raspberrypi/rp2040/rp2040_usb.c.obj
 .time_critical.hw_endpoint_reset_transfer
                0x20000680        0xc CMakeFiles/flatbox-rev4.dir/C_/Pico/pico-sdk/lib/tinyusb/src/portable/raspberrypi/rp2040/rp2040_usb.c.obj
                0x20000680                hw_endpoint_reset_transfer
 .time_critical._hw_endpoint_buffer_control_update32
                0x2000068c       0x58 CMakeFiles/flatbox-rev4.dir/C_/Pico/pico-sdk/lib/tinyusb/src/portable/raspberrypi/rp2040/rp2040_usb.c.obj
                0x2000068c                _hw_endpoint_buffer_control_update32
 .time_critical.hw_endpoint_start_next_buffer
                0x200006e4       0x7c CMakeFiles/flatbox-rev4.dir/C_/Pico/pico-sdk/lib/tinyusb/src/portable/raspberrypi/rp2040/rp2040_usb.c.obj
                0x200006e4                hw_endpoint_start_next_buffer
 .time_critical.hw_endpoint_xfer_continue
                0x20000760       0x50 CMakeFiles/flatbox-rev4.dir/C_/Pico/pico-sdk/lib/tinyusb/src/portable/raspberrypi/rp2040/rp2040_usb.c.obj
                0x20000760                hw_endpoint_xfer_continue
 .time_critical.tinyusb
                0x200007b0      0x1e8 CMakeFiles/flatbox-rev4.dir/C_/Pico/pico-sdk/lib/tinyusb/src/device/usbd.c.obj
                0x200007b0                dcd_event_handler
 .time_critical.flash_init_boot2_copyout
                0x20000998       0x30 CMakeFiles/flatbox-rev4.dir/C_/Pico/pico-sdk/src/rp2_common/hardware_flash/flash.c.obj
 .time_critical.flash_enable_xip_via_boot2
                0x200009c8        0xc CMakeFiles/flatbox-rev4.dir/C_/Pico/pico-sdk/src/rp2_common/hardware_flash/flash.c.obj
 .time_critical.flash_range_erase