Archive member included to satisfy reference by file (symbol)

/usr/lib/gcc/arm-none-eabi/13.2.1/thumb/v6-m/nofp/libgcc.a(_dvmd_tls.o)
                              CMakeFiles/flatbox-rev4.dir/_deps/pico_sdk-src/src/rp2_common/pico_divider/divider_hardware.S.o (__aeabi_idiv0)
/usr/lib/gcc/arm-none-eabi/13.2.1/../../../arm-none-eabi/lib/thumb/v6-m/nofp/libg.a(libc_a-calloc.o)
                              CMakeFiles/flatbox-rev4.dir/_deps/pico_sdk-src/src/rp2_common/pico_malloc/malloc.c.o (calloc)
/usr/lib/gcc/arm-none-eabi/13.2.1/../../../arm-none-eabi/lib/thumb/v6-m/nofp/libg.a(libc_a-impure.o)
                              /usr/lib/gcc/arm-none-eabi/13.2.1/../../../arm-none-eabi/lib/thumb/v6-m/nofp/libg.a(libc_a-calloc.o) (_impure_ptr)
/usr/lib/gcc/arm-none-eabi/13.2.1/../../../arm-none-eabi/lib/thumb/v6-m/nofp/libg.a(libc_a-callocr.o)
                              /usr/lib/gcc/arm-none-eabi/13.2.1/../../../arm-none-eabi/lib/thumb/v6-m/nofp/libg.a(libc_a-calloc.o) (_calloc_r)
/usr/lib/gcc/arm-none-eabi/13.2.1/../../../arm-none-eabi/lib/thumb/v6-m/nofp/libg.a(libc_a-realloc.o)
                              CMakeFiles/flatbox-rev4.dir/_deps/pico_sdk-src/src/rp2_common/pico_malloc/malloc.c.o (realloc)
/usr/lib/gcc/arm-none-eabi/13.2.1/../../../arm-none-eabi/lib/thumb/v6-m/nofp/libg.a(libc_a-mallocr.o)
                              /usr/lib/gcc/arm-none-eabi/13.2.1/../../../arm-none-eabi/lib/thumb/v6-m/nofp/libg.a(libc_a-callocr.o) (_malloc_r)
/usr/lib/gcc/arm-none-eabi/13.2.1/../../../arm-none-eabi/lib/thumb/v6-m/nofp/libg.a(libc_a-freer.o)
                              /usr/lib/gcc/arm-none-eabi/13.2.1/../../../arm-none-eabi/lib/thumb/v6-m/nofp/libg.a(libc_a-mallocr.o) (_free_r)
/usr/lib/gcc/arm-none-eabi/13.2.1/../../../arm-none-eabi/lib/thumb/v6-m/nofp/libg.a(libc_a-memcmp.o)
                              CMakeFiles/flatbox-rev4.dir/src/flatbox.cpp.o (memcmp)
/usr/lib/gcc/arm-none-eabi/13.2.1/../../../arm-none-eabi/lib/thumb/v6-m/nofp/libg.a(libc_a-malloc.o)
                              CMakeFiles/flatbox-rev4.dir/_deps/pico_sdk-src/src/rp2_common/pico_malloc/malloc.c.o (malloc)
/usr/lib/gcc/arm-none-eabi/13.2.1/../../../arm-none-eabi/lib/thumb/v6-m/nofp/libg.a(libc_a-sysconf.o)
                              /usr/lib/gcc/arm-none-eabi/13.2.1/../../../arm-none-eabi/lib/thumb/v6-m/nofp/libg.a(libc_a-mallocr.o) (sysconf)
/usr/lib/gcc/arm-none-eabi/13.2.1/../../../arm-none-eabi/lib/thumb/v6-m/nofp/libg.a(libc_a-init.o)
                              /usr/lib/gcc/arm-none-eabi/13.2.1/../../../arm-none-eabi/lib/thumb/v6-m/nofp/crt0.o (__libc_init_array)
/usr/lib/gcc/arm-none-eabi/13.2.1/../../../arm-none-eabi/lib/thumb/v6-m/nofp/libg.a(libc_a-reallocr.o)
                              /usr/lib/gcc/arm-none-eabi/13.2.1/../../../arm-none-eabi/lib/thumb/v6-m/nofp/libg.a(libc_a-realloc.o) (_realloc_r)
/usr/lib/gcc/arm-none-eabi/13.2.1/../../../arm-none-eabi/lib/thumb/v6-m/nofp/libg.a(libc_a-mktime.o)
                              CMakeFiles/flatbox-rev4.dir/_deps/pico_sdk-src/src/common/pico_util/datetime.c.o (mktime)
/usr/lib/gcc/arm-none-eabi/13.2.1/../../../arm-none-eabi/lib/thumb/v6-m/nofp/libg.a(libc_a-mlock.o)
                              /usr/lib/gcc/arm-none-eabi/13.2.1/../../../arm-none-eabi/lib/thumb/v6-m/nofp/libg.a(libc_a-mallocr.o) (__malloc_lock)
/usr/lib/gcc/arm-none-eabi/13.2.1/../../../arm-none-eabi/lib/thumb/v6-m/nofp/libg.a(libc_a-findfp.o)
                              /usr/lib/gcc/arm-none-eabi/13.2.1/../../../arm-none-eabi/lib/thumb/v6-m/nofp/libg.a(libc_a-impure.o) (__sf)
/usr/lib/gcc/arm-none-eabi/13.2.1/../../../arm-none-eabi/lib/thumb/v6-m/nofp/libg.a(libc_a-tzlock.o)
                              /usr/lib/gcc/arm-none-eabi/13.2.1/../../../arm-none-eabi/lib/thumb/v6-m/nofp/libg.a(libc_a-mktime.o) (__tz_lock)
/usr/lib/gcc/arm-none-eabi/13.2.1/../../../arm-none-eabi/lib/thumb/v6-m/nofp/libg.a(libc_a-atexit.o)
                              /usr/lib/gcc/arm-none-eabi/13.2.1/../../../arm-none-eabi/lib/thumb/v6-m/nofp/crt0.o (atexit)
/usr/lib/gcc/arm-none-eabi/13.2.1/../../../arm-none-eabi/lib/thumb/v6-m/nofp/libg.a(libc_a-lcltime_r.o)
                              CMakeFiles/flatbox-rev4.dir/_deps/pico_sdk-src/src/common/pico_util/datetime.c.o (localtime_r)
/usr/lib/gcc/arm-none-eabi/13.2.1/../../../arm-none-eabi/lib/thumb/v6-m/nofp/libg.a(libc_a-strlen-stub.o)
                              CMakeFiles/flatbox-rev4.dir/src/flatbox.cpp.o (strlen)
/usr/lib/gcc/arm-none-eabi/13.2.1/../../../arm-none-eabi/lib/thumb/v6-m/nofp/libg.a(libc_a-sbrkr.o)
                              /usr/lib/gcc/arm-none-eabi/13.2.1/../../../arm-none-eabi/lib/thumb/v6-m/nofp/libg.a(libc_a-mallocr.o) (_sbrk_r)
/usr/lib/gcc/arm-none-eabi/13.2.1/../../../arm-none-eabi/lib/thumb/v6-m/nofp/libg.a(libc_a-fini.o)
                              /usr/lib/gcc/arm-none-eabi/13.2.1/../../../arm-none-eabi/lib/thumb/v6-m/nofp/crt0.o (__libc_fini_array)
[...]
Memory Configuration

Name             Origin             Length             Attributes
FLASH            0x10000000         0x00200000         xr
RAM              0x20000000         0x00040000         xrw
SCRATCH_X        0x20040000         0x00001000         xrw
SCRATCH_Y        0x20041000         0x00001000         xrw
*default*        0x00000000         0xffffffff

Linker script and memory map

LOAD /usr/lib/gcc/arm-none-eabi/13.2.1/thumb/v6-m/nofp/crti.o
LOAD /usr/lib/gcc/arm-none-eabi/13.2.1/thumb/v6-m/nofp/crtbegin.o
LOAD /usr/lib/gcc/arm-none-eabi/13.2.1/../../../arm-none-eabi/lib/thumb/v6-m/nofp/crt0.o

.flash_begin    0x10000000        0x0
                0x10000000                        __flash_binary_start = .

.boot2          0x10000000      0x100
                0x10000000                        __boot2_start__ = .
 *(.boot2)
 .boot2         0x10000000      0x100 pico-sdk/src/rp2040/boot_stage2/CMakeFiles/bs2_default_library.dir/./bs2_default_padded_checksummed.S.o
                0x10000100                        __boot2_end__ = .
                0x00000001                        ASSERT (((__boot2_end__ - __boot2_start__) == 0x100), ERROR: Pico second stage bootloader must be 256 bytes in size)

.text           0x10000100     0x7524
                0x10000100                        __logical_binary_start = .
 *(.vectors)
 .vectors       0x10000100       0xd4 CMakeFiles/flatbox-rev4.dir/_deps/pico_sdk-src/src/rp2_common/pico_crt0/crt0.S.o
                0x10000100                __vectors
                0x10000100                __VECTOR_TABLE
                0x100001c0                isr_irq30
                0x100001c0                __unhandled_user_irq
                0x100001c0                isr_irq13
                0x100001c0                isr_irq27
                0x100001c0                isr_irq31
                0x100001c0                isr_irq5
                0x100001c0                isr_irq11
                0x100001c0                isr_irq23
                0x100001c0                isr_irq18
                0x100001c0                isr_irq28
                0x100001c0                isr_irq19
                0x100001c0                isr_irq0
                0x100001c0                isr_irq6
                0x100001c0                isr_irq22
                0x100001c0                isr_irq17
                0x100001c0                isr_irq14
                0x100001c0                __vectors_end
                0x100001c0                __default_isrs_start
                0x100001c0                isr_irq2
                0x100001c0                isr_irq10
                0x100001c0                isr_irq8
                0x100001c0                isr_irq24
                0x100001c0                isr_irq1
                0x100001c0                isr_irq7
                0x100001c0                isr_irq21
                0x100001c0                isr_irq20
                0x100001c0                isr_irq15
                0x100001c0                isr_irq25
                0x100001c0                isr_irq4
                0x100001c0                isr_irq16
                0x100001c0                isr_irq29
                0x100001c0                isr_irq26
                0x100001c0                isr_irq3
                0x100001c0                isr_irq12
                0x100001c0                isr_irq9
                0x100001c6                unhandled_user_irq_num_in_r0
                0x100001c8                isr_invalid
                0x100001ca                isr_nmi
                0x100001cc                isr_hardfault
                0x100001ce                isr_svcall
                0x100001d0                isr_pendsv
                0x100001d2                isr_systick
                0x100001d4                __default_isrs_end
 *(.binary_info_header)
 .binary_info_header
                0x100001d4       0x14 CMakeFiles/flatbox-rev4.dir/_deps/pico_sdk-src/src/rp2_common/pico_crt0/crt0.S.o
                0x100001e8                        __binary_info_header_end = .
 *(.embedded_block)
                0x100001e8                        __embedded_block_end = .
 *(.reset)
 .reset         0x100001e8       0x9c CMakeFiles/flatbox-rev4.dir/_deps/pico_sdk-src/src/rp2_common/pico_crt0/crt0.S.o
                0x100001e8                _entry_point
 *(.init)
 .init          0x10000284        0x4 /usr/lib/gcc/arm-none-eabi/13.2.1/thumb/v6-m/nofp/crti.o
                0x10000284                _init
 *(EXCLUDE_FILE(*libm.a: *libc.a:*lib_a-mem*.o *libgcc.a:) .text*)
 .text          0x10000288       0x98 /usr/lib/gcc/arm-none-eabi/13.2.1/thumb/v6-m/nofp/crtbegin.o
 .text._Z7rainbowh.constprop.0
                0x10000320       0xa8 CMakeFiles/flatbox-rev4.dir/src/flatbox.cpp.o
 .text._Z10main_core1v
                0x100003c8      0x118 CMakeFiles/flatbox-rev4.dir/src/flatbox.cpp.o
                0x100003c8                main_core1()
 .text._Z4cpadbbbb
                0x100004e0      0x1f0 CMakeFiles/flatbox-rev4.dir/src/flatbox.cpp.o
                0x100004e0                cpad(bool, bool, bool, bool)
 .text._Z5macrov
                0x100006d0      0xf98 CMakeFiles/flatbox-rev4.dir/src/flatbox.cpp.o
                0x100006d0                macro()
 .text._Z4dpadbbbb
                0x10001668      0xcdc CMakeFiles/flatbox-rev4.dir/src/flatbox.cpp.o
                0x10001668                dpad(bool, bool, bool, bool)
 .text._Z15send_hid_reportv
                0x10002344       0x94 CMakeFiles/flatbox-rev4.dir/src/flatbox.cpp.o
                0x10002344                send_hid_report()
 .text._Z8hid_taskv
                0x100023d8      0x3a4 CMakeFiles/flatbox-rev4.dir/src/flatbox.cpp.o
                0x100023d8                hid_task()
 .text._Z9pins_initv
                0x1000277c      0x324 CMakeFiles/flatbox-rev4.dir/src/flatbox.cpp.o
                0x1000277c                pins_init()
 .text._Z11report_initv
                0x10002aa0       0x70 CMakeFiles/flatbox-rev4.dir/src/flatbox.cpp.o
                0x10002aa0                report_init()
 .text.startup.main
                0x10002b10       0x30 CMakeFiles/flatbox-rev4.dir/src/flatbox.cpp.o
                0x10002b10                main
 .text.tud_descriptor_device_cb
                0x10002b40        0x8 CMakeFiles/flatbox-rev4.dir/src/flatbox.cpp.o
                0x10002b40                tud_descriptor_device_cb
 .text.tud_hid_descriptor_report_cb
                0x10002b48       0x1c CMakeFiles/flatbox-rev4.dir/src/flatbox.cpp.o
                0x10002b48                tud_hid_descriptor_report_cb
 .text.tud_hid_get_report_cb
                0x10002b64        0x4 CMakeFiles/flatbox-rev4.dir/src/flatbox.cpp.o
                0x10002b64                tud_hid_get_report_cb
 .text.tud_hid_set_report_cb
                0x10002b68        0x4 CMakeFiles/flatbox-rev4.dir/src/flatbox.cpp.o
                0x10002b68                tud_hid_set_report_cb
 .text.tud_descriptor_configuration_cb
                0x10002b6c       0x1c CMakeFiles/flatbox-rev4.dir/src/flatbox.cpp.o
                0x10002b6c                tud_descriptor_configuration_cb
 .text.tud_descriptor_string_cb
                0x10002b88       0x70 CMakeFiles/flatbox-rev4.dir/src/flatbox.cpp.o
                0x10002b88                tud_descriptor_string_cb
 .text.startup._GLOBAL__sub_I_input_mode
                0x10002bf8       0x14 CMakeFiles/flatbox-rev4.dir/src/flatbox.cpp.o
 .text.gpio_set_function
                0x10002c0c       0x34 CMakeFiles/flatbox-rev4.dir/_deps/pico_sdk-src/src/rp2_common/hardware_gpio/gpio.c.o
                0x10002c0c                gpio_set_function
 .text.gpio_set_pulls
                0x10002c40       0x28 CMakeFiles/flatbox-rev4.dir/_deps/pico_sdk-src/src/rp2_common/hardware_gpio/gpio.c.o
                0x10002c40                gpio_set_pulls
 .text.gpio_init
                0x10002c68       0x40 CMakeFiles/flatbox-rev4.dir/_deps/pico_sdk-src/src/rp2_common/hardware_gpio/gpio.c.o
                0x10002c68                gpio_init
 .text.rp2040_chip_version
                0x10002ca8        0xc CMakeFiles/flatbox-rev4.dir/_deps/pico_sdk-src/src/rp2040/pico_platform/platform.c.o
                0x10002ca8                rp2040_chip_version
 .text.panic    0x10002cb4       0x30 CMakeFiles/flatbox-rev4.dir/_deps/pico_sdk-src/src/rp2_common/pico_platform_panic/panic.c.o
                0x10002cb4                panic
 .text.hw_claim_lock
                0x10002ce4       0x18 CMakeFiles/flatbox-rev4.dir/_deps/pico_sdk-src/src/common/hardware_claim/claim.c.o
                0x10002ce4                hw_claim_lock
 .text.hw_claim_unlock
                0x10002cfc       0x14 CMakeFiles/flatbox-rev4.dir/_deps/pico_sdk-src/src/common/hardware_claim/claim.c.o
                0x10002cfc                hw_claim_unlock
 .text.hw_claim_or_assert
                0x10002d10       0x44 CMakeFiles/flatbox-rev4.dir/_deps/pico_sdk-src/src/common/hardware_claim/claim.c.o
                0x10002d10                hw_claim_or_assert
 .text.hw_claim_unused_from_range
                0x10002d54       0x9c CMakeFiles/flatbox-rev4.dir/_deps/pico_sdk-src/src/common/hardware_claim/claim.c.o
                0x10002d54                hw_claim_unused_from_range
 .text.next_striped_spin_lock_num
                0x10002df0       0x18 CMakeFiles/flatbox-rev4.dir/_deps/pico_sdk-src/src/rp2_common/hardware_sync/sync.c.o
                0x10002df0                next_striped_spin_lock_num
 .text.spin_lock_claim_unused
                0x10002e08       0x24 CMakeFiles/flatbox-rev4.dir/_deps/pico_sdk-src/src/rp2_common/hardware_sync/sync.c.o
                0x10002e08                spin_lock_claim_unused
 .text.spin_locks_reset
                0x10002e2c       0x1c CMakeFiles/flatbox-rev4.dir/_deps/pico_sdk-src/src/rp2_common/hardware_sync_spin_lock/sync_spin_lock.c.o
                0x10002e2c                spin_locks_reset
 .text.runtime_init_per_core_irq_priorities
                0x10002e48       0x24 CMakeFiles/flatbox-rev4.dir/_deps/pico_sdk-src/src/rp2_common/hardware_irq/irq.c.o
                0x10002e48                runtime_init_per_core_irq_priorities
 .text.irq_set_enabled
                0x10002e6c       0x24 CMakeFiles/flatbox-rev4.dir/_deps/pico_sdk-src/src/rp2_common/hardware_irq/irq.c.o
                0x10002e6c                irq_set_enabled
 .text.irq_is_enabled
                0x10002e90       0x18 CMakeFiles/flatbox-rev4.dir/_deps/pico_sdk-src/src/rp2_common/hardware_irq/irq.c.o
                0x10002e90                irq_is_enabled
 .text.irq_set_exclusive_handler
                0x10002ea8       0x54 CMakeFiles/flatbox-rev4.dir/_deps/pico_sdk-src/src/rp2_common/hardware_irq/irq.c.o
                0x10002ea8                irq_set_exclusive_handler
 .text.irq_add_shared_handler
                0x10002efc      0x1f4 CMakeFiles/flatbox-rev4.dir/_deps/pico_sdk-src/src/rp2_common/hardware_irq/irq.c.o
                0x10002efc                irq_add_shared_handler
 .text.irq_add_tail_to_free_list
                0x100030f0       0xb4 CMakeFiles/flatbox-rev4.dir/_deps/pico_sdk-src/src/rp2_common/hardware_irq/irq.c.o
                0x100030f0                irq_add_tail_to_free_list
 .text.lock_init
                0x100031a4       0x10 CMakeFiles/flatbox-rev4.dir/_deps/pico_sdk-src/src/common/pico_sync/lock_core.c.o
                0x100031a4                lock_init
 .text.runtime_init_mutex
                0x100031b4       0x50 CMakeFiles/flatbox-rev4.dir/_deps/pico_sdk-src/src/common/pico_sync/mutex.c.o
                0x100031b4                runtime_init_mutex
 .text.mutex_init
                0x10003204       0x1c CMakeFiles/flatbox-rev4.dir/_deps/pico_sdk-src/src/common/pico_sync/mutex.c.o
                0x10003204                mutex_init
 .text.critical_section_init
                0x10003220       0x1c CMakeFiles/flatbox-rev4.dir/_deps/pico_sdk-src/src/common/pico_sync/critical_section.c.o
                0x10003220                critical_section_init
 .text.sleep_until_callback
                0x1000323c       0x30 CMakeFiles/flatbox-rev4.dir/_deps/pico_sdk-src/src/common/pico_time/time.c.o
 .text.alarm_pool_irq_handler
                0x1000326c      0x2fc CMakeFiles/flatbox-rev4.dir/_deps/pico_sdk-src/src/common/pico_time/time.c.o
 .text.runtime_init_default_alarm_pool
                0x10003568       0xdc CMakeFiles/flatbox-rev4.dir/_deps/pico_sdk-src/src/common/pico_time/time.c.o
                0x10003568                runtime_init_default_alarm_pool
 .text.alarm_pool_add_alarm_at_force_in_context
                0x10003644       0xb0 CMakeFiles/flatbox-rev4.dir/_deps/pico_sdk-src/src/common/pico_time/time.c.o
                0x10003644                alarm_pool_add_alarm_at_force_in_context
 .text.alarm_pool_cancel_alarm
                0x100036f4       0x74 CMakeFiles/flatbox-rev4.dir/_deps/pico_sdk-src/src/common/pico_time/time.c.o
                0x100036f4                alarm_pool_cancel_alarm
 .text.sleep_until
                0x10003768       0xd8 CMakeFiles/flatbox-rev4.dir/_deps/pico_sdk-src/src/common/pico_time/time.c.o
                0x10003768                sleep_until
 .text.sleep_ms
                0x10003840       0x38 CMakeFiles/flatbox-rev4.dir/_deps/pico_sdk-src/src/common/pico_time/time.c.o
                0x10003840                sleep_ms
 .text.best_effort_wfe_or_timeout
                0x10003878       0xf8 CMakeFiles/flatbox-rev4.dir/_deps/pico_sdk-src/src/common/pico_time/time.c.o
                0x10003878                best_effort_wfe_or_timeout
 .text.timer_hardware_alarm_claim
                0x10003970       0x14 CMakeFiles/flatbox-rev4.dir/_deps/pico_sdk-src/src/rp2_common/hardware_timer/timer.c.o
                0x10003970                timer_hardware_alarm_claim
 .text.timer_time_us_64
                0x10003984       0x10 CMakeFiles/flatbox-rev4.dir/_deps/pico_sdk-src/src/rp2_common/hardware_timer/timer.c.o
                0x10003984                timer_time_us_64
 .text.time_us_64
                0x10003994       0x14 CMakeFiles/flatbox-rev4.dir/_deps/pico_sdk-src/src/rp2_common/hardware_timer/timer.c.o
                0x10003994                time_us_64
 .text.busy_wait_until
                0x100039a8       0x20 CMakeFiles/flatbox-rev4.dir/_deps/pico_sdk-src/src/rp2_common/hardware_timer/timer.c.o
                0x100039a8                busy_wait_until
 .text.clock_configure_int_divider
                0x100039c8       0xf4 CMakeFiles/flatbox-rev4.dir/_deps/pico_sdk-src/src/rp2_common/hardware_clocks/clocks.c.o
                0x100039c8                clock_configure_int_divider
 .text.clock_configure_undivided
                0x10003abc       0xe8 CMakeFiles/flatbox-rev4.dir/_deps/pico_sdk-src/src/rp2_common/hardware_clocks/clocks.c.o
                0x10003abc                clock_configure_undivided
 .text.clock_get_hz
                0x10003ba4        0xc CMakeFiles/flatbox-rev4.dir/_deps/pico_sdk-src/src/rp2_common/hardware_clocks/clocks.c.o
                0x10003ba4                clock_get_hz
 .text.pll_init
                0x10003bb0       0xa4 CMakeFiles/flatbox-rev4.dir/_deps/pico_sdk-src/src/rp2_common/hardware_pll/pll.c.o
                0x10003bb0                pll_init
 .text.tick_start
                0x10003c54       0x10 CMakeFiles/flatbox-rev4.dir/_deps/pico_sdk-src/src/rp2_common/hardware_ticks/ticks.c.o
                0x10003c54                tick_start
 .text.rom_func_lookup
                0x10003c64       0x10 CMakeFiles/flatbox-rev4.dir/_deps/pico_sdk-src/src/rp2_common/pico_bootrom/bootrom.c.o
                0x10003c64                rom_func_lookup
 .text.rom_data_lookup
                0x10003c74       0x10 CMakeFiles/flatbox-rev4.dir/_deps/pico_sdk-src/src/rp2_common/pico_bootrom/bootrom.c.o
                0x10003c74                rom_data_lookup
 .text.rom_funcs_lookup
                0x10003c84       0x44 CMakeFiles/flatbox-rev4.dir/_deps/pico_sdk-src/src/rp2_common/pico_bootrom/bootrom.c.o
                0x10003c84                rom_funcs_lookup
 .text.xosc_init
                0x10003cc8       0x28 CMakeFiles/flatbox-rev4.dir/_deps/pico_sdk-src/src/rp2_common/hardware_xosc/xosc.c.o
                0x10003cc8                xosc_init
 .text.first_per_core_initializer
                0x10003cf0        0x4 CMakeFiles/flatbox-rev4.dir/_deps/pico_sdk-src/src/rp2_common/pico_runtime/runtime.c.o
 .text.hard_assertion_failure
                0x10003cf4        0xc CMakeFiles/flatbox-rev4.dir/_deps/pico_sdk-src/src/rp2_common/pico_runtime/runtime.c.o
                0x10003cf4                hard_assertion_failure
 .text.runtime_run_initializers
                0x10003d00       0x28 CMakeFiles/flatbox-rev4.dir/_deps/pico_sdk-src/src/rp2_common/pico_runtime/runtime.c.o
                0x10003d00                runtime_run_initializers
 .text.runtime_run_per_core_initializers
                0x10003d28       0x28 CMakeFiles/flatbox-rev4.dir/_deps/pico_sdk-src/src/rp2_common/pico_runtime/runtime.c.o
                0x10003d28                runtime_run_per_core_initializers
 .text.runtime_init_early_resets
                0x10003d50       0x2c CMakeFiles/flatbox-rev4.dir/_deps/pico_sdk-src/src/rp2_common/pico_runtime_init/runtime_init.c.o
                0x10003d50                runtime_init_early_resets
 .text.runtime_init_usb_power_down
                0x10003d7c       0x1c CMakeFiles/flatbox-rev4.dir/_deps/pico_sdk-src/src/rp2_common/pico_runtime_init/runtime_init.c.o
                0x10003d7c                runtime_init_usb_power_down
 .text.runtime_init_post_clock_resets
                0x10003d98       0x20 CMakeFiles/flatbox-rev4.dir/_deps/pico_sdk-src/src/rp2_common/pico_runtime_init/runtime_init.c.o
                0x10003d98                runtime_init_post_clock_resets
 .text.runtime_init_rp2040_gpio_ie_disable
                0x10003db8       0x14 CMakeFiles/flatbox-rev4.dir/_deps/pico_sdk-src/src/rp2_common/pico_runtime_init/runtime_init.c.o
                0x10003db8                runtime_init_rp2040_gpio_ie_disable
 .text.runtime_init_spin_locks_reset
                0x10003dcc        0x8 CMakeFiles/flatbox-rev4.dir/_deps/pico_sdk-src/src/rp2_common/pico_runtime_init/runtime_init.c.o
                0x10003dcc                runtime_init_spin_locks_reset
 .text.runtime_init_install_ram_vector_table
                0x10003dd4       0xb4 CMakeFiles/flatbox-rev4.dir/_deps/pico_sdk-src/src/rp2_common/pico_runtime_init/runtime_init.c.o
                0x10003dd4                runtime_init_install_ram_vector_table
 .text.runtime_init_clocks
                0x10003e88       0xd8 CMakeFiles/flatbox-rev4.dir/_deps/pico_sdk-src/src/rp2_common/pico_runtime_init/runtime_init_clocks.c.o
                0x10003e88                runtime_init_clocks
 .text          0x10003f60       0x10 CMakeFiles/flatbox-rev4.dir/_deps/pico_sdk-src/src/rp2_common/pico_bit_ops/bit_ops_aeabi.S.o
 .text.__wrap___aeabi_idiv
                0x10003f70       0x50 CMakeFiles/flatbox-rev4.dir/_deps/pico_sdk-src/src/rp2_common/pico_divider/divider_hardware.S.o
                0x10003f70                __wrap___aeabi_idivmod
                0x10003f70                divmod_s32s32
                0x10003f70                div_s32s32
                0x10003f70                __wrap___aeabi_idiv
                0x10003f78                divmod_s32s32_unsafe
                0x10003fa4                divmod_s32s32_savestate
 .text.__wrap___aeabi_uidiv
                0x10003fc0       0x4c CMakeFiles/flatbox-rev4.dir/_deps/pico_sdk-src/src/rp2_common/pico_divider/divider_hardware.S.o
                0x10003fc0                __wrap___aeabi_uidiv
                0x10003fc0                __wrap___aeabi_uidivmod
                0x10003fc0                div_u32u32
                0x10003fc0                divmod_u32u32
                0x10003fc8                divmod_u32u32_unsafe
                0x10003ff0                divmod_u32u32_savestate
 .text.__wrap___aeabi_darithmetic
                0x1000400c       0x60 CMakeFiles/flatbox-rev4.dir/_deps/pico_sdk-src/src/rp2_common/pico_double/double_aeabi_rp2040.S.o
                0x1000400c                __wrap___aeabi_drsub
                0x10004012                __wrap___aeabi_dsub
                0x1000401c                __wrap___aeabi_dadd
                0x10004026                __wrap___aeabi_ddiv
                0x1000405a                __wrap___aeabi_dmul
 .text.__wrap___aeabi_i2d
                0x1000406c       0x38 CMakeFiles/flatbox-rev4.dir/_deps/pico_sdk-src/src/rp2_common/pico_double/double_aeabi_rp2040.S.o
                0x1000406c                __wrap___aeabi_ui2d
                0x1000406c                uint2double
                0x10004074                __wrap___aeabi_i2d
                0x10004074                int2double
 .text.__wrap___aeabi_d2iz
                0x100040a4       0x48 CMakeFiles/flatbox-rev4.dir/_deps/pico_sdk-src/src/rp2_common/pico_double/double_aeabi_rp2040.S.o
                0x100040a4                __wrap___aeabi_d2iz
                0x100040a4                double2int_z
 .text.__wrap___aeabi_d2uiz
                0x100040ec       0x10 CMakeFiles/flatbox-rev4.dir/_deps/pico_sdk-src/src/rp2_common/pico_double/double_aeabi_rp2040.S.o
                0x100040ec                double2uint_z
                0x100040ec                double2uint
                0x100040ec                __wrap___aeabi_d2uiz
 .text.fix642double
                0x100040fc       0x10 CMakeFiles/flatbox-rev4.dir/_deps/pico_sdk-src/src/rp2_common/pico_double/double_aeabi_rp2040.S.o
                0x100040fc                fix642double
 .text.__wrap_sincostan_remainder
                0x1000410c       0x14 CMakeFiles/flatbox-rev4.dir/_deps/pico_sdk-src/src/rp2_common/pico_double/double_aeabi_rp2040.S.o
                0x1000410c                sincostan_remainder
 .text.__wrap_cos
                0x10004120       0x24 CMakeFiles/flatbox-rev4.dir/_deps/pico_sdk-src/src/rp2_common/pico_double/double_aeabi_rp2040.S.o
                0x10004120                __wrap_cos
 .text.__wrap_sin
                0x10004144       0x24 CMakeFiles/flatbox-rev4.dir/_deps/pico_sdk-src/src/rp2_common/pico_double/double_aeabi_rp2040.S.o
                0x10004144                __wrap_sin
 .text.missing_double_func_shim
                0x10004168        0xc CMakeFiles/flatbox-rev4.dir/_deps/pico_sdk-src/src/rp2_common/pico_double/double_init_rom_rp2040.c.o
 .text.__aeabi_double_init
                0x10004174       0xa0 CMakeFiles/flatbox-rev4.dir/_deps/pico_sdk-src/src/rp2_common/pico_double/double_init_rom_rp2040.c.o
                0x10004174                __aeabi_double_init
 .text.__wrap_remquo
                0x10004214      0x27c CMakeFiles/flatbox-rev4.dir/_deps/pico_sdk-src/src/rp2_common/pico_double/double_math.c.o
                0x10004214                __wrap_remquo
 .text.__wrap_remainder
                0x10004490       0x10 CMakeFiles/flatbox-rev4.dir/_deps/pico_sdk-src/src/rp2_common/pico_double/double_math.c.o
                0x10004490                __wrap_remainder
 .text.double_table_shim_on_use_helper
                0x100044a0       0x2c CMakeFiles/flatbox-rev4.dir/_deps/pico_sdk-src/src/rp2_common/pico_double/double_v1_rom_shim_rp2040.S.o
                0x100044a0                double_table_shim_on_use_helper
 .text.__aeabi_lmul
                0x100044cc       0x32 CMakeFiles/flatbox-rev4.dir/_deps/pico_sdk-src/src/rp2_common/pico_int64_ops/pico_int64_ops_aeabi.S.o
                0x100044cc                __wrap___aeabi_lmul
 *fill*         0x100044fe        0x2 
 .text.__wrap___aeabi_farithmetic
                0x10004500       0x48 CMakeFiles/flatbox-rev4.dir/_deps/pico_sdk-src/src/rp2_common/pico_float/float_aeabi_rp2040.S.o
                0x10004500                __wrap___aeabi_frsub
                0x10004506                __wrap___aeabi_fsub
                0x1000450c                __wrap___aeabi_fadd
                0x10004512                __wrap___aeabi_fdiv
                0x1000453a                __wrap___aeabi_fmul
 .text.__wrap___aeabi_ui2f
                0x10004548        0xa CMakeFiles/flatbox-rev4.dir/_deps/pico_sdk-src/src/rp2_common/pico_float/float_aeabi_rp2040.S.o
                0x10004548                uint2float
                0x10004548                __wrap___aeabi_ui2f
 *fill*         0x10004552        0x2 
 .text.__wrap___aeabi_i2f
                0x10004554       0x44 CMakeFiles/flatbox-rev4.dir/_deps/pico_sdk-src/src/rp2_common/pico_float/float_aeabi_rp2040.S.o
                0x10004554                int2float
                0x10004554                __wrap___aeabi_i2f
 .text.__wrap___aeabi_f2uiz
                0x10004598        0xc CMakeFiles/flatbox-rev4.dir/_deps/pico_sdk-src/src/rp2_common/pico_float/float_aeabi_rp2040.S.o
                0x10004598                float2uint
                0x10004598                float2uint_z
                0x10004598                __wrap___aeabi_f2uiz
 .text.missing_float_func_shim
                0x100045a4        0xc CMakeFiles/flatbox-rev4.dir/_deps/pico_sdk-src/src/rp2_common/pico_float/float_init_rom_rp2040.c.o
 .text.__aeabi_float_init
                0x100045b0       0x5c CMakeFiles/flatbox-rev4.dir/_deps/pico_sdk-src/src/rp2_common/pico_float/float_init_rom_rp2040.c.o
                0x100045b0                __aeabi_float_init
 .text.__wrap_calloc
                0x1000460c       0x44 CMakeFiles/flatbox-rev4.dir/_deps/pico_sdk-src/src/rp2_common/pico_malloc/malloc.c.o
                0x1000460c                __wrap_calloc
 .text.__wrap_free
                0x10004650       0x20 CMakeFiles/flatbox-rev4.dir/_deps/pico_sdk-src/src/rp2_common/pico_malloc/malloc.c.o
                0x10004650                __wrap_free
 .text          0x10004670       0x10 CMakeFiles/flatbox-rev4.dir/_deps/pico_sdk-src/src/rp2_common/pico_mem_ops/mem_ops_aeabi.S.o
                0x10004670                __aeabi_mem_init
 .text.memset   0x10004680        0xc CMakeFiles/flatbox-rev4.dir/_deps/pico_sdk-src/src/rp2_common/pico_mem_ops/mem_ops_aeabi.S.o
                0x10004680                __wrap_memset
 .text.memcpy   0x1000468c        0xc CMakeFiles/flatbox-rev4.dir/_deps/pico_sdk-src/src/rp2_common/pico_mem_ops/mem_ops_aeabi.S.o
                0x1000468c                __wrap___aeabi_memcpy
                0x1000468c                __wrap_memcpy
 .text._out_char
                0x10004698       0x10 CMakeFiles/flatbox-rev4.dir/_deps/pico_sdk-src/src/rp2_common/pico_printf/printf.c.o
 .text.weak_raw_vprintf
                0x100046a8       0x30 CMakeFiles/flatbox-rev4.dir/_deps/pico_sdk-src/src/rp2_common/pico_printf/printf.c.o
                0x100046a8                weak_raw_vprintf
 .text._exit    0x100046d8        0x4 CMakeFiles/flatbox-rev4.dir/_deps/pico_sdk-src/src/rp2_common/pico_clib_interface/newlib_interface.c.o
                0x100046d8                _exit
 .text._sbrk    0x100046dc       0x34 CMakeFiles/flatbox-rev4.dir/_deps/pico_sdk-src/src/rp2_common/pico_clib_interface/newlib_interface.c.o
                0x100046dc                _sbrk
 .text.exit     0x10004710        0x8 CMakeFiles/flatbox-rev4.dir/_deps/pico_sdk-src/src/rp2_common/pico_clib_interface/newlib_interface.c.o
                0x10004710                exit
 .text.runtime_init
                0x10004718       0x2c CMakeFiles/flatbox-rev4.dir/_deps/pico_sdk-src/src/rp2_common/pico_clib_interface/newlib_interface.c.o
                0x10004718                runtime_init
 .text.stdio_out_chars_no_crlf
                0x10004744       0x10 CMakeFiles/flatbox-rev4.dir/_deps/pico_sdk-src/src/rp2_common/pico_stdio/stdio.c.o
 .text.stdio_out_chars_crlf
                0x10004754       0x94 CMakeFiles/flatbox-rev4.dir/_deps/pico_sdk-src/src/rp2_common/pico_stdio/stdio.c.o
 .text.stdio_put_string
                0x100047e8      0x100 CMakeFiles/flatbox-rev4.dir/_deps/pico_sdk-src/src/rp2_common/pico_stdio/stdio.c.o
                0x100047e8                stdio_put_string
 .text.__wrap_putchar
                0x100048e8       0x98 CMakeFiles/flatbox-rev4.dir/_deps/pico_sdk-src/src/rp2_common/pico_stdio/stdio.c.o
                0x100048e8                stdio_putchar
                0x100048e8                __wrap_putchar
 .text.__wrap_puts
                0x10004980       0x3c CMakeFiles/flatbox-rev4.dir/_deps/pico_sdk-src/src/rp2_common/pico_stdio/stdio.c.o
                0x10004980                __wrap_puts
                0x10004980                stdio_puts
 .text.dcd_init
                0x100049bc       0x90 CMakeFiles/flatbox-rev4.dir/_deps/pico_sdk-src/lib/tinyusb/src/portable/raspberrypi/rp2040/dcd_rp2040.c.o
                0x100049bc                dcd_init
 .text.dcd_int_enable
                0x10004a4c        0xc CMakeFiles/flatbox-rev4.dir/_deps/pico_sdk-src/lib/tinyusb/src/portable/raspberrypi/rp2040/dcd_rp2040.c.o
                0x10004a4c                dcd_int_enable
 .text.dcd_set_address
                0x10004a58       0x14 CMakeFiles/flatbox-rev4.dir/_deps/pico_sdk-src/lib/tinyusb/src/portable/raspberrypi/rp2040/dcd_rp2040.c.o
                0x10004a58                dcd_set_address
 .text.dcd_sof_enable
                0x10004a6c       0x1c CMakeFiles/flatbox-rev4.dir/_deps/pico_sdk-src/lib/tinyusb/src/portable/raspberrypi/rp2040/dcd_rp2040.c.o
                0x10004a6c                dcd_sof_enable
 .text.dcd_edpt0_status_complete
                0x10004a88       0x1c CMakeFiles/flatbox-rev4.dir/_deps/pico_sdk-src/lib/tinyusb/src/portable/raspberrypi/rp2040/dcd_rp2040.c.o
                0x10004a88                dcd_edpt0_status_complete
 .text.dcd_edpt_open
                0x10004aa4      0x114 CMakeFiles/flatbox-rev4.dir/_deps/pico_sdk-src/lib/tinyusb/src/portable/raspberrypi/rp2040/dcd_rp2040.c.o
                0x10004aa4                dcd_edpt_open
 .text.dcd_edpt_close_all
                0x10004bb8        0x8 CMakeFiles/flatbox-rev4.dir/_deps/pico_sdk-src/lib/tinyusb/src/portable/raspberrypi/rp2040/dcd_rp2040.c.o
                0x10004bb8                dcd_edpt_close_all
 .text.dcd_edpt_xfer
                0x10004bc0       0x24 CMakeFiles/flatbox-rev4.dir/_deps/pico_sdk-src/lib/tinyusb/src/portable/raspberrypi/rp2040/dcd_rp2040.c.o
                0x10004bc0                dcd_edpt_xfer
 .text.dcd_edpt_stall
                0x10004be4       0x34 CMakeFiles/flatbox-rev4.dir/_deps/pico_sdk-src/lib/tinyusb/src/portable/raspberrypi/rp2040/dcd_rp2040.c.o
                0x10004be4                dcd_edpt_stall
 .text.dcd_edpt_clear_stall
                0x10004c18       0x30 CMakeFiles/flatbox-rev4.dir/_deps/pico_sdk-src/lib/tinyusb/src/portable/raspberrypi/rp2040/dcd_rp2040.c.o
                0x10004c18                dcd_edpt_clear_stall
 .text.rp2040_usb_init
                0x10004c48       0x40 CMakeFiles/flatbox-rev4.dir/_deps/pico_sdk-src/lib/tinyusb/src/portable/raspberrypi/rp2040/rp2040_usb.c.o
                0x10004c48                rp2040_usb_init
 .text.hw_endpoint_xfer_start
                0x10004c88       0x40 CMakeFiles/flatbox-rev4.dir/_deps/pico_sdk-src/lib/tinyusb/src/portable/raspberrypi/rp2040/rp2040_usb.c.o
                0x10004c88                hw_endpoint_xfer_start
 .text.tud_vendor_control_xfer_cb
                0x10004cc8        0x4 CMakeFiles/flatbox-rev4.dir/_deps/pico_sdk-src/lib/tinyusb/src/device/usbd.c.o
                0x10004cc8                tud_vendor_control_xfer_cb
 .text.tud_event_hook_cb
                0x10004ccc        0x4 CMakeFiles/flatbox-rev4.dir/_deps/pico_sdk-src/lib/tinyusb/src/device/usbd.c.o
                0x10004ccc                tud_event_hook_cb
 .text.tud_sof_cb
                0x10004cd0        0x4 CMakeFiles/flatbox-rev4.dir/_deps/pico_sdk-src/lib/tinyusb/src/device/usbd.c.o
                0x10004cd0                tud_sof_cb
 .text.tud_descriptor_bos_cb
                0x10004cd4        0x4 CMakeFiles/flatbox-rev4.dir/_deps/pico_sdk-src/lib/tinyusb/src/device/usbd.c.o
                0x10004cd4                tud_descriptor_bos_cb
 .text.tud_descriptor_device_qualifier_cb
                0x10004cd8        0x4 CMakeFiles/flatbox-rev4.dir/_deps/pico_sdk-src/lib/tinyusb/src/device/usbd.c.o
                0x10004cd8                tud_descriptor_device_qualifier_cb
 .text.tud_descriptor_other_speed_configuration_cb
                0x10004cdc        0x4 CMakeFiles/flatbox-rev4.dir/_deps/pico_sdk-src/lib/tinyusb/src/device/usbd.c.o
                0x10004cdc                tud_descriptor_other_speed_configuration_cb
 .text.tud_mount_cb
                0x10004ce0        0x4 CMakeFiles/flatbox-rev4.dir/_deps/pico_sdk-src/lib/tinyusb/src/device/usbd.c.o
                0x10004ce0                tud_mount_cb
 .text.tud_umount_cb
                0x10004ce4        0x4 CMakeFiles/flatbox-rev4.dir/_deps/pico_sdk-src/lib/tinyusb/src/device/usbd.c.o
                0x10004ce4                tud_umount_cb
 .text.tud_suspend_cb
                0x10004ce8        0x4 CMakeFiles/flatbox-rev4.dir/_deps/pico_sdk-src/lib/tinyusb/src/device/usbd.c.o
                0x10004ce8                tud_suspend_cb
 .text.tud_resume_cb
                0x10004cec        0x4 CMakeFiles/flatbox-rev4.dir/_deps/pico_sdk-src/lib/tinyusb/src/device/usbd.c.o
                0x10004cec                tud_resume_cb
 .text.tud_mounted
                0x10004cf0       0x10 CMakeFiles/flatbox-rev4.dir/_deps/pico_sdk-src/lib/tinyusb/src/device/usbd.c.o
                0x10004cf0                tud_mounted
 .text.tud_suspended
                0x10004d00       0x10 CMakeFiles/flatbox-rev4.dir/_deps/pico_sdk-src/lib/tinyusb/src/device/usbd.c.o
                0x10004d00                tud_suspended
 .text.tud_rhport_init
                0x10004d10       0xf4 CMakeFiles/flatbox-rev4.dir/_deps/pico_sdk-src/lib/tinyusb/src/device/usbd.c.o
                0x10004d10                tud_rhport_init
 .text.tud_task_ext
                0x10004e04      0x7c0 CMakeFiles/flatbox-rev4.dir/_deps/pico_sdk-src/lib/tinyusb/src/device/usbd.c.o
                0x10004e04                tud_task_ext
 .text.usbd_open_edpt_pair
                0x100055c4       0x9c CMakeFiles/flatbox-rev4.dir/_deps/pico_sdk-src/lib/tinyusb/src/device/usbd.c.o
                0x100055c4                usbd_open_edpt_pair
 .text.usbd_edpt_claim
                0x10005660       0x28 CMakeFiles/flatbox-rev4.dir/_deps/pico_sdk-src/lib/tinyusb/src/device/usbd.c.o
                0x10005660                usbd_edpt_claim
 .text.usbd_edpt_xfer
                0x10005688       0x4c CMakeFiles/flatbox-rev4.dir/_deps/pico_sdk-src/lib/tinyusb/src/device/usbd.c.o
                0x10005688                usbd_edpt_xfer
 .text.usbd_edpt_busy
                0x100056d4       0x1c CMakeFiles/flatbox-rev4.dir/_deps/pico_sdk-src/lib/tinyusb/src/device/usbd.c.o
                0x100056d4                usbd_edpt_busy
 .text.tud_control_status
                0x100056f0       0x2c CMakeFiles/flatbox-rev4.dir/_deps/pico_sdk-src/lib/tinyusb/src/device/usbd_control.c.o
                0x100056f0                tud_control_status
 .text.tud_control_xfer
                0x1000571c       0xac CMakeFiles/flatbox-rev4.dir/_deps/pico_sdk-src/lib/tinyusb/src/device/usbd_control.c.o
                0x1000571c                tud_control_xfer
 .text.usbd_control_reset
                0x100057c8       0x14 CMakeFiles/flatbox-rev4.dir/_deps/pico_sdk-src/lib/tinyusb/src/device/usbd_control.c.o
                0x100057c8                usbd_control_reset
 .text.usbd_control_set_complete_callback
                0x100057dc        0xc CMakeFiles/flatbox-rev4.dir/_deps/pico_sdk-src/lib/tinyusb/src/device/usbd_control.c.o
                0x100057dc                usbd_control_set_complete_callback
 .text.usbd_control_set_request
                0x100057e8       0x1c CMakeFiles/flatbox-rev4.dir/_deps/pico_sdk-src/lib/tinyusb/src/device/usbd_control.c.o
                0x100057e8                usbd_control_set_request
 .text.usbd_control_xfer_cb
                0x10005804       0xec CMakeFiles/flatbox-rev4.dir/_deps/pico_sdk-src/lib/tinyusb/src/device/usbd_control.c.o
                0x10005804                usbd_control_xfer_cb
 .text.tud_hid_set_protocol_cb
                0x100058f0        0x4 CMakeFiles/flatbox-rev4.dir/_deps/pico_sdk-src/lib/tinyusb/src/class/hid/hid_device.c.o
                0x100058f0                tud_hid_set_protocol_cb
 .text.tud_hid_set_idle_cb
                0x100058f4        0x4 CMakeFiles/flatbox-rev4.dir/_deps/pico_sdk-src/lib/tinyusb/src/class/hid/hid_device.c.o
                0x100058f4                tud_hid_set_idle_cb
 .text.tud_hid_report_complete_cb
                0x100058f8        0x4 CMakeFiles/flatbox-rev4.dir/_deps/pico_sdk-src/lib/tinyusb/src/class/hid/hid_device.c.o
                0x100058f8                tud_hid_report_complete_cb
 .text.tud_hid_report_failed_cb
                0x100058fc        0x4 CMakeFiles/flatbox-rev4.dir/_deps/pico_sdk-src/lib/tinyusb/src/class/hid/hid_device.c.o
                0x100058fc                tud_hid_report_failed_cb
 .text.tud_hid_n_ready
                0x10005900       0x38 CMakeFiles/flatbox-rev4.dir/_deps/pico_sdk-src/lib/tinyusb/src/class/hid/hid_device.c.o
                0x10005900                tud_hid_n_ready
 .text.tud_hid_n_report
                0x10005938       0x78 CMakeFiles/flatbox-rev4.dir/_deps/pico_sdk-src/lib/tinyusb/src/class/hid/hid_device.c.o
                0x10005938                tud_hid_n_report
 .text.hidd_init
                0x100059b0       0x14 CMakeFiles/flatbox-rev4.dir/_deps/pico_sdk-src/lib/tinyusb/src/class/hid/hid_device.c.o
                0x100059b0                hidd_init
 .text.hidd_deinit
                0x100059c4        0x4 CMakeFiles/flatbox-rev4.dir/_deps/pico_sdk-src/lib/tinyusb/src/class/hid/hid_device.c.o
                0x100059c4                hidd_deinit
 .text.hidd_reset
                0x100059c8       0x14 CMakeFiles/flatbox-rev4.dir/_deps/pico_sdk-src/lib/tinyusb/src/class/hid/hid_device.c.o
                0x100059c8                hidd_reset
 .text.hidd_open
                0x100059dc       0x8c CMakeFiles/flatbox-rev4.dir/_deps/pico_sdk-src/lib/tinyusb/src/class/hid/hid_device.c.o
                0x100059dc                hidd_open
 .text.hidd_control_xfer_cb
                0x10005a68      0x1ac CMakeFiles/flatbox-rev4.dir/_deps/pico_sdk-src/lib/tinyusb/src/class/hid/hid_device.c.o
                0x10005a68                hidd_control_xfer_cb
 .text.hidd_xfer_cb
                0x10005c14       0x7c CMakeFiles/flatbox-rev4.dir/_deps/pico_sdk-src/lib/tinyusb/src/class/hid/hid_device.c.o
                0x10005c14                hidd_xfer_cb
 .text.tusb_rhport_init
                0x10005c90       0x48 CMakeFiles/flatbox-rev4.dir/_deps/pico_sdk-src/lib/tinyusb/src/tusb.c.o
                0x10005c90                tusb_rhport_init
 .text.tu_edpt_claim
                0x10005cd8       0x50 CMakeFiles/flatbox-rev4.dir/_deps/pico_sdk-src/lib/tinyusb/src/tusb.c.o
                0x10005cd8                tu_edpt_claim
 .text.tu_edpt_validate
                0x10005d28       0x7c CMakeFiles/flatbox-rev4.dir/_deps/pico_sdk-src/lib/tinyusb/src/tusb.c.o
                0x10005d28                tu_edpt_validate
 .text.tu_edpt_bind_driver
                0x10005da4       0x34 CMakeFiles/flatbox-rev4.dir/_deps/pico_sdk-src/lib/tinyusb/src/tusb.c.o
                0x10005da4                tu_edpt_bind_driver
 .text.tu_fifo_read
                0x10005dd8       0x9c CMakeFiles/flatbox-rev4.dir/_deps/pico_sdk-src/lib/tinyusb/src/common/tusb_fifo.c.o
                0x10005dd8                tu_fifo_read
 .text.tu_fifo_write
                0x10005e74       0xa8 CMakeFiles/flatbox-rev4.dir/_deps/pico_sdk-src/lib/tinyusb/src/common/tusb_fifo.c.o
                0x10005e74                tu_fifo_write
 .text.tu_fifo_clear
                0x10005f1c       0x40 CMakeFiles/flatbox-rev4.dir/_deps/pico_sdk-src/lib/tinyusb/src/common/tusb_fifo.c.o
                0x10005f1c                tu_fifo_clear
 .text.board_init
                0x10005f5c        0x4 CMakeFiles/flatbox-rev4.dir/_deps/pico_sdk-src/lib/tinyusb/hw/bsp/rp2040/family.c.o
                0x10005f5c                board_init
 .text.startup._retrieve_unique_id_on_boot
                0x10005f60       0x10 CMakeFiles/flatbox-rev4.dir/_deps/pico_sdk-src/src/rp2_common/pico_unique_id/unique_id.c.o
 .text.flash_get_unique_id
                0x10005f70       0x3c CMakeFiles/flatbox-rev4.dir/_deps/pico_sdk-src/src/rp2_common/hardware_flash/flash.c.o
                0x10005f70                flash_get_unique_id
 .text._ZN17Adafruit_NeoPixel5beginEv
                0x10005fac        0x4 CMakeFiles/flatbox-rev4.dir/lib/pico_neopixels/Adafruit_NeoPixel.cpp.o
                0x10005fac                Adafruit_NeoPixel::begin()
 .text._ZN17Adafruit_NeoPixel12updateLengthEt
                0x10005fb0       0x58 CMakeFiles/flatbox-rev4.dir/lib/pico_neopixels/Adafruit_NeoPixel.cpp.o
                0x10005fb0                Adafruit_NeoPixel::updateLength(unsigned short)
 .text._ZN17Adafruit_NeoPixelC2Ettt
                0x10006008      0x20c CMakeFiles/flatbox-rev4.dir/lib/pico_neopixels/Adafruit_NeoPixel.cpp.o
                0x10006008                Adafruit_NeoPixel::Adafruit_NeoPixel(unsigned short, unsigned short, unsigned short)
                0x10006008                Adafruit_NeoPixel::Adafruit_NeoPixel(unsigned short, unsigned short, unsigned short)
 .text._ZN17Adafruit_NeoPixel10rp2040InitEh
                0x10006214      0x220 CMakeFiles/flatbox-rev4.dir/lib/pico_neopixels/Adafruit_NeoPixel.cpp.o
                0x10006214                Adafruit_NeoPixel::rp2040Init(unsigned char)
 .text._ZN17Adafruit_NeoPixel4showEv
                0x10006434       0x50 CMakeFiles/flatbox-rev4.dir/lib/pico_neopixels/Adafruit_NeoPixel.cpp.o
                0x10006434                Adafruit_NeoPixel::show()
 .text._ZN17Adafruit_NeoPixel13setPixelColorEtm
                0x10006484       0xf4 CMakeFiles/flatbox-rev4.dir/lib/pico_neopixels/Adafruit_NeoPixel.cpp.o
                0x10006484                Adafruit_NeoPixel::setPixelColor(unsigned short, unsigned long)
 .text._ZN17Adafruit_NeoPixel13setBrightnessEh
                0x10006578       0x54 CMakeFiles/flatbox-rev4.dir/lib/pico_neopixels/Adafruit_NeoPixel.cpp.o
                0x10006578                Adafruit_NeoPixel::setBrightness(unsigned char)
 .text.pio_claim_unused_sm
                0x100065cc       0x38 CMakeFiles/flatbox-rev4.dir/_deps/pico_sdk-src/src/rp2_common/hardware_pio/pio.c.o
                0x100065cc                pio_claim_unused_sm
 .text.pio_can_add_program
                0x10006604       0x90 CMakeFiles/flatbox-rev4.dir/_deps/pico_sdk-src/src/rp2_common/hardware_pio/pio.c.o
                0x10006604                pio_can_add_program
 .text.pio_add_program
                0x10006694      0x104 CMakeFiles/flatbox-rev4.dir/_deps/pico_sdk-src/src/rp2_common/hardware_pio/pio.c.o
                0x10006694                pio_add_program
 .text.pio_sm_set_consecutive_pindirs
                0x10006798       0xb4 CMakeFiles/flatbox-rev4.dir/_deps/pico_sdk-src/src/rp2_common/hardware_pio/pio.c.o
                0x10006798                pio_sm_set_consecutive_pindirs
 .text.pio_sm_init
                0x1000684c       0x9c CMakeFiles/flatbox-rev4.dir/_deps/pico_sdk-src/src/rp2_common/hardware_pio/pio.c.o
                0x1000684c                pio_sm_init
 .text.core1_trampoline
                0x100068e8        0x4 CMakeFiles/flatbox-rev4.dir/_deps/pico_sdk-src/src/rp2_common/pico_multicore/multicore.c.o
 .text.core1_wrapper
                0x100068ec        0xc CMakeFiles/flatbox-rev4.dir/_deps/pico_sdk-src/src/rp2_common/pico_multicore/multicore.c.o
                0x100068ec                core1_wrapper
 .text.multicore_launch_core1_raw
                0x100068f8       0x84 CMakeFiles/flatbox-rev4.dir/_deps/pico_sdk-src/src/rp2_common/pico_multicore/multicore.c.o
                0x100068f8                multicore_launch_core1_raw
 .text.multicore_launch_core1
                0x1000697c       0x58 CMakeFiles/flatbox-rev4.dir/_deps/pico_sdk-src/src/rp2_common/pico_multicore/multicore.c.o
                0x1000697c                multicore_launch_core1
 .text.multicore_lockout_victim_init
                0x100069d4       0x4c CMakeFiles/flatbox-rev4.dir/_deps/pico_sdk-src/src/rp2_common/pico_multicore/multicore.c.o
                0x100069d4                multicore_lockout_victim_init
 .text          0x10006a20       0x18 /usr/lib/gcc/arm-none-eabi/13.2.1/../../../arm-none-eabi/lib/thumb/v6-m/nofp/libg.a(libc_a-calloc.o)
                0x10006a20                calloc
 .text          0x10006a38       0xa8 /usr/lib/gcc/arm-none-eabi/13.2.1/../../../arm-none-eabi/lib/thumb/v6-m/nofp/libg.a(libc_a-callocr.o)
                0x10006a38                _calloc_r
 .text          0x10006ae0      0x5b4 /usr/lib/gcc/arm-none-eabi/13.2.1/../../../arm-none-eabi/lib/thumb/v6-m/nofp/libg.a(libc_a-mallocr.o)
                0x10006ae0                _malloc_r
 .text          0x10007094      0x288 /usr/lib/gcc/arm-none-eabi/13.2.1/../../../arm-none-eabi/lib/thumb/v6-m/nofp/libg.a(libc_a-freer.o)
                0x10007094                _malloc_trim_r
                0x10007148                _free_r
 .text          0x1000731c       0x48 /usr/lib/gcc/arm-none-eabi/13.2.1/../../../arm-none-eabi/lib/thumb/v6-m/nofp/libg.a(libc_a-memcmp.o)
                0x1000731c                memcmp
 .text          0x10007364       0x28 /usr/lib/gcc/arm-none-eabi/13.2.1/../../../arm-none-eabi/lib/thumb/v6-m/nofp/libg.a(libc_a-malloc.o)
                0x10007364                malloc
                0x10007378                free
 .text          0x1000738c       0x1c /usr/lib/gcc/arm-none-eabi/13.2.1/../../../arm-none-eabi/lib/thumb/v6-m/nofp/libg.a(libc_a-sysconf.o)
                0x1000738c                sysconf
 .text          0x100073a8        0x8 /usr/lib/gcc/arm-none-eabi/13.2.1/../../../arm-none-eabi/lib/thumb/v6-m/nofp/libg.a(libc_a-mlock.o)
                0x100073a8                __malloc_lock
                0x100073ac                __malloc_unlock
 .text          0x100073b0       0x10 /usr/lib/gcc/arm-none-eabi/13.2.1/../../../arm-none-eabi/lib/thumb/v6-m/nofp/libg.a(libc_a-atexit.o)
                0x100073b0                atexit
 .text          0x100073c0       0x5c /usr/lib/gcc/arm-none-eabi/13.2.1/../../../arm-none-eabi/lib/thumb/v6-m/nofp/libg.a(libc_a-strlen-stub.o)
                0x100073c0                strlen
 .text          0x1000741c       0x24 /usr/lib/gcc/arm-none-eabi/13.2.1/../../../arm-none-eabi/lib/thumb/v6-m/nofp/libg.a(libc_a-sbrkr.o)
                0x1000741c                _sbrk_r
 .text          0x10007440       0x28 /usr/lib/gcc/arm-none-eabi/13.2.1/../../../arm-none-eabi/lib/thumb/v6-m/nofp/libg.a(libc_a-fini.o)
                0x10007440                __libc_fini_array
 .text          0x10007468        0xc /usr/lib/gcc/arm-none-eabi/13.2.1/../../../arm-none-eabi/lib/thumb/v6-m/nofp/libg.a(libc_a-errno.o)
                0x10007468                __errno
 .text          0x10007474       0x78 /usr/lib/gcc/arm-none-eabi/13.2.1/../../../arm-none-eabi/lib/thumb/v6-m/nofp/libg.a(libc_a-__atexit.o)
                0x10007474                __register_exitproc
 .text.startup  0x100074ec       0x18 /usr/lib/gcc/arm-none-eabi/13.2.1/../../../arm-none-eabi/lib/thumb/v6-m/nofp/libg.a(libc_a-__call_atexit.o)
 *(.fini)
 .fini          0x10007504        0x4 /usr/lib/gcc/arm-none-eabi/13.2.1/thumb/v6-m/nofp/crti.o
                0x10007504                _fini
 .fini.__stub   0x10007508       0xd0 linker stubs
 *crtbegin.o(.ctors)
 *crtbegin?.o(.ctors)
 *(EXCLUDE_FILE(*crtend.o *crtend?.o) .ctors)
 *(SORT_BY_NAME(.ctors.*))
 *(.ctors)
 *crtbegin.o(.dtors)
 *crtbegin?.o(.dtors)
 *(EXCLUDE_FILE(*crtend.o *crtend?.o) .dtors)
 *(SORT_BY_NAME(.dtors.*))
 *(.dtors)
                0x100075d8                        . = ALIGN (0x4)
                0x100075d8                        PROVIDE (__preinit_array_start = .)
 *(SORT_BY_NAME(.preinit_array.*))
 .preinit_array.00100
                0x100075d8        0x4 CMakeFiles/flatbox-rev4.dir/_deps/pico_sdk-src/src/rp2_common/pico_runtime_init/runtime_init.c.o
                0x100075d8                __pre_init_runtime_init_early_resets
 .preinit_array.00101
                0x100075dc        0x4 CMakeFiles/flatbox-rev4.dir/_deps/pico_sdk-src/src/rp2_common/pico_runtime_init/runtime_init.c.o
                0x100075dc                __pre_init_runtime_init_usb_power_down
 .preinit_array.00275
                0x100075e0        0x4 CMakeFiles/flatbox-rev4.dir/_deps/pico_sdk-src/src/rp2_common/pico_bit_ops/bit_ops_aeabi.S.o
 .preinit_array.00300
                0x100075e4        0x4 CMakeFiles/flatbox-rev4.dir/_deps/pico_sdk-src/src/rp2_common/pico_mem_ops/mem_ops_aeabi.S.o
 .preinit_array.00350
                0x100075e8        0x4 CMakeFiles/flatbox-rev4.dir/_deps/pico_sdk-src/src/rp2_common/pico_double/double_aeabi_rp2040.S.o
 .preinit_array.00350
                0x100075ec        0x4 CMakeFiles/flatbox-rev4.dir/_deps/pico_sdk-src/src/rp2_common/pico_float/float_aeabi_rp2040.S.o
 .preinit_array.00500
                0x100075f0        0x4 CMakeFiles/flatbox-rev4.dir/_deps/pico_sdk-src/src/rp2_common/pico_runtime_init/runtime_init.c.o
                0x100075f0                __pre_init_runtime_init_clocks
 .preinit_array.00600
                0x100075f4        0x4 CMakeFiles/flatbox-rev4.dir/_deps/pico_sdk-src/src/rp2_common/pico_runtime_init/runtime_init.c.o
                0x100075f4                __pre_init_runtime_init_post_clock_resets
 .preinit_array.00700
                0x100075f8        0x4 CMakeFiles/flatbox-rev4.dir/_deps/pico_sdk-src/src/rp2_common/pico_runtime_init/runtime_init.c.o
                0x100075f8                __pre_init_runtime_init_rp2040_gpio_ie_disable
 .preinit_array.01000
                0x100075fc        0x4 CMakeFiles/flatbox-rev4.dir/_deps/pico_sdk-src/src/rp2_common/pico_runtime_init/runtime_init.c.o
                0x100075fc                __pre_init_runtime_init_spin_locks_reset
 .preinit_array.01100
                0x10007600        0x4 CMakeFiles/flatbox-rev4.dir/_deps/pico_sdk-src/src/common/pico_sync/mutex.c.o
                0x10007600                __pre_init_runtime_init_mutex
 .preinit_array.10080
                0x10007604        0x4 CMakeFiles/flatbox-rev4.dir/_deps/pico_sdk-src/src/rp2_common/pico_runtime_init/runtime_init.c.o
                0x10007604                __pre_init_runtime_init_install_ram_vector_table
 .preinit_array.11000
                0x10007608        0x4 CMakeFiles/flatbox-rev4.dir/_deps/pico_sdk-src/src/common/pico_time/time.c.o
                0x10007608                __pre_init_runtime_init_default_alarm_pool
 .preinit_array.YYYYY
                0x1000760c        0x4 CMakeFiles/flatbox-rev4.dir/_deps/pico_sdk-src/src/rp2_common/pico_runtime/runtime.c.o
                0x1000760c                __pre_init_first_per_core_initializer
 .preinit_array.ZZZZZ.01200
                0x10007610        0x4 CMakeFiles/flatbox-rev4.dir/_deps/pico_sdk-src/src/rp2_common/hardware_irq/irq.c.o
                0x10007610                __pre_init_runtime_init_per_core_irq_priorities
 *(.preinit_array)
                0x10007614                        PROVIDE (__preinit_array_end = .)
                0x10007614                        . = ALIGN (0x4)
                0x10007614                        PROVIDE (__init_array_start = .)
 *(SORT_BY_NAME(.init_array.*))
 .init_array.00000
                0x10007614        0x4 /usr/lib/gcc/arm-none-eabi/13.2.1/../../../arm-none-eabi/lib/thumb/v6-m/nofp/libg.a(libc_a-__call_atexit.o)
 .init_array.01000
                0x10007618        0x4 CMakeFiles/flatbox-rev4.dir/_deps/pico_sdk-src/src/rp2_common/pico_unique_id/unique_id.c.o
 *(.init_array)
 .init_array    0x1000761c        0x4 /usr/lib/gcc/arm-none-eabi/13.2.1/thumb/v6-m/nofp/crtbegin.o
 .init_array    0x10007620        0x4 CMakeFiles/flatbox-rev4.dir/src/flatbox.cpp.o
                0x10007624                        PROVIDE (__init_array_end = .)
                0x10007624                        . = ALIGN (0x4)
                0x10007624                        PROVIDE (__fini_array_start = .)
 *(SORT_BY_NAME(.fini_array.*))
 *(.fini_array)
                0x10007624                        PROVIDE (__fini_array_end = .)
 *(.eh_frame*)
 .eh_frame      0x10007624        0x0 /usr/lib/gcc/arm-none-eabi/13.2.1/thumb/v6-m/nofp/crtbegin.o
                0x10007624                        . = ALIGN (0x4)

.glue_7         0x10007624        0x0
 .glue_7        0x10007624        0x0 linker stubs

.glue_7t        0x10007624        0x0
 .glue_7t       0x10007624        0x0 linker stubs

.vfp11_veneer   0x10007624        0x0
 .vfp11_veneer  0x10007624        0x0 linker stubs

.v4_bx          0x10007624        0x0
 .v4_bx         0x10007624        0x0 linker stubs

.iplt           0x10007624        0x0
 .iplt          0x10007624        0x0 /usr/lib/gcc/arm-none-eabi/13.2.1/thumb/v6-m/nofp/crtbegin.o

.rodata         0x10007624      0x438
 *(EXCLUDE_FILE(*libm.a: *libc.a:*lib_a-mem*.o *libgcc.a:) .rodata*)
 .rodata.._anon_165
                0x10007624        0x2 CMakeFiles/flatbox-rev4.dir/src/flatbox.cpp.o
 *fill*         0x10007626        0x2 
 .rodata.str1.4
                0x10007628      0x164 CMakeFiles/flatbox-rev4.dir/src/flatbox.cpp.o
                                 0x15 (size before relaxing)
 .rodata._ZL25switch_desc_configuration
                0x1000778c       0x22 CMakeFiles/flatbox-rev4.dir/src/flatbox.cpp.o
 *fill*         0x100077ae        0x2 
 .rodata._ZL22ps3_desc_configuration
                0x100077b0       0x22 CMakeFiles/flatbox-rev4.dir/src/flatbox.cpp.o
 *fill*         0x100077d2        0x2 
 .rodata._ZL22switch_desc_hid_report
                0x100077d4       0x56 CMakeFiles/flatbox-rev4.dir/src/flatbox.cpp.o
 *fill*         0x1000782a        0x2 
 .rodata._ZL19ps3_desc_hid_report
                0x1000782c       0x7d CMakeFiles/flatbox-rev4.dir/src/flatbox.cpp.o
 *fill*         0x100078a9        0x3 
 .rodata._ZZL21read_active_pins_maskvE12tracked_pins
                0x100078ac       0x50 CMakeFiles/flatbox-rev4.dir/src/flatbox.cpp.o
 .rodata.panic.str1.4
                0x100078fc       0x12 CMakeFiles/flatbox-rev4.dir/_deps/pico_sdk-src/src/rp2_common/pico_platform_panic/panic.c.o
 .rodata.spin_lock_claim_unused.str1.4
                0x100078fc       0x1b CMakeFiles/flatbox-rev4.dir/_deps/pico_sdk-src/src/rp2_common/hardware_sync/sync.c.o
 .rodata.timer_hardware_alarm_claim.str1.4
                0x100078fc       0x22 CMakeFiles/flatbox-rev4.dir/_deps/pico_sdk-src/src/rp2_common/hardware_timer/timer.c.o
 .rodata.hard_assertion_failure.str1.4
                0x100078fc        0xc CMakeFiles/flatbox-rev4.dir/_deps/pico_sdk-src/src/rp2_common/pico_runtime/runtime.c.o
 .rodata.missing_double_func_shim.str1.4
                0x100078fc       0x18 CMakeFiles/flatbox-rev4.dir/_deps/pico_sdk-src/src/rp2_common/pico_double/double_init_rom_rp2040.c.o
 .rodata.missing_float_func_shim.str1.4
                0x100078fc        0x1 CMakeFiles/flatbox-rev4.dir/_deps/pico_sdk-src/src/rp2_common/pico_float/float_init_rom_rp2040.c.o
 .rodata.__wrap_malloc.str1.4
                0x100078fc        0xe CMakeFiles/flatbox-rev4.dir/_deps/pico_sdk-src/src/rp2_common/pico_malloc/malloc.c.o
 .rodata.str1.4
                0x100078fc       0x44 CMakeFiles/flatbox-rev4.dir/_deps/pico_sdk-src/src/rp2_common/pico_standard_binary_info/standard_binary_info.c.o
 .rodata.__bi_84
                0x100078fc        0xc CMakeFiles/flatbox-rev4.dir/_deps/pico_sdk-src/src/rp2_common/pico_standard_binary_info/standard_binary_info.c.o
 .rodata.__bi_78
                0x10007908        0xc CMakeFiles/flatbox-rev4.dir/_deps/pico_sdk-src/src/rp2_common/pico_standard_binary_info/standard_binary_info.c.o
 .rodata.__bi_54
                0x10007914        0xc CMakeFiles/flatbox-rev4.dir/_deps/pico_sdk-src/src/rp2_common/pico_standard_binary_info/standard_binary_info.c.o
 .rodata.__bi_48
                0x10007920        0xc CMakeFiles/flatbox-rev4.dir/_deps/pico_sdk-src/src/rp2_common/pico_standard_binary_info/standard_binary_info.c.o
 .rodata.__bi_42
                0x1000792c        0xc CMakeFiles/flatbox-rev4.dir/_deps/pico_sdk-src/src/rp2_common/pico_standard_binary_info/standard_binary_info.c.o
 .rodata.__bi_34
                0x10007938        0xc CMakeFiles/flatbox-rev4.dir/_deps/pico_sdk-src/src/rp2_common/pico_standard_binary_info/standard_binary_info.c.o
 .rodata.__bi_26
                0x10007944        0xc CMakeFiles/flatbox-rev4.dir/_deps/pico_sdk-src/src/rp2_common/pico_standard_binary_info/standard_binary_info.c.o
 .rodata.crlf_str.0
                0x10007950        0x2 CMakeFiles/flatbox-rev4.dir/_deps/pico_sdk-src/src/rp2_common/pico_stdio/stdio.c.o
 .rodata.str1.4
                0x10007952       0x14 CMakeFiles/flatbox-rev4.dir/_deps/pico_sdk-src/lib/tinyusb/src/portable/raspberrypi/rp2040/dcd_rp2040.c.o
 .rodata.str1.4
                0x10007952       0x48 CMakeFiles/flatbox-rev4.dir/_deps/pico_sdk-src/lib/tinyusb/src/portable/raspberrypi/rp2040/rp2040_usb.c.o
 *fill*         0x10007952        0x2 
 .rodata.tud_task_ext
                0x10007954       0x8c CMakeFiles/flatbox-rev4.dir/_deps/pico_sdk-src/lib/tinyusb/src/device/usbd.c.o
 .rodata        0x100079e0       0x1c CMakeFiles/flatbox-rev4.dir/_deps/pico_sdk-src/lib/tinyusb/src/device/usbd.c.o
 .rodata._usbd_driver
                0x100079fc       0x20 CMakeFiles/flatbox-rev4.dir/_deps/pico_sdk-src/lib/tinyusb/src/device/usbd.c.o
 .rodata.hidd_control_xfer_cb
                0x10007a1c       0x30 CMakeFiles/flatbox-rev4.dir/_deps/pico_sdk-src/lib/tinyusb/src/class/hid/hid_device.c.o
 .rodata._ZL18ws2812byte_program
                0x10007a4c        0x8 CMakeFiles/flatbox-rev4.dir/lib/pico_neopixels/Adafruit_NeoPixel.cpp.o
 .rodata._ZL31ws2812byte_program_instructions
                0x10007a54        0x8 CMakeFiles/flatbox-rev4.dir/lib/pico_neopixels/Adafruit_NeoPixel.cpp.o
 .rodata.pio_claim_unused_sm.str1.4
                0x10007a5c       0x24 CMakeFiles/flatbox-rev4.dir/_deps/pico_sdk-src/src/rp2_common/hardware_pio/pio.c.o
                0x10007a80                        . = ALIGN (0x4)
 *(SORT_BY_ALIGNMENT(SORT_BY_NAME(.flashdata*)))
                0x10007a80                        . = ALIGN (0x4)

.ARM.extab
 *(.ARM.extab* .gnu.linkonce.armextab.*)
                0x10007a5c                        __exidx_start = .

.ARM.exidx
 *(.ARM.exidx* .gnu.linkonce.armexidx.*)
                0x10007a5c                        __exidx_end = .
                0x10007a80                        . = ALIGN (0x4)
                0x10007a5c                        __binary_info_start = .

.binary_info    0x10007a5c       0x1c
 *(.binary_info.keep.*)
 .binary_info.keep.__bi_ptr84
                0x10007a5c        0x4 CMakeFiles/flatbox-rev4.dir/_deps/pico_sdk-src/src/rp2_common/pico_standard_binary_info/standard_binary_info.c.o
 .binary_info.keep.__bi_ptr78
                0x10007a60        0x4 CMakeFiles/flatbox-rev4.dir/_deps/pico_sdk-src/src/rp2_common/pico_standard_binary_info/standard_binary_info.c.o
 .binary_info.keep.__bi_ptr54
                0x10007a64        0x4 CMakeFiles/flatbox-rev4.dir/_deps/pico_sdk-src/src/rp2_common/pico_standard_binary_info/standard_binary_info.c.o
 .binary_info.keep.__bi_ptr48
                0x10007a68        0x4 CMakeFiles/flatbox-rev4.dir/_deps/pico_sdk-src/src/rp2_common/pico_standard_binary_info/standard_binary_info.c.o
 .binary_info.keep.__bi_ptr42
                0x10007a6c        0x4 CMakeFiles/flatbox-rev4.dir/_deps/pico_sdk-src/src/rp2_common/pico_standard_binary_info/standard_binary_info.c.o
 .binary_info.keep.__bi_ptr34
                0x10007a70        0x4 CMakeFiles/flatbox-rev4.dir/_deps/pico_sdk-src/src/rp2_common/pico_standard_binary_info/standard_binary_info.c.o
 .binary_info.keep.__bi_ptr26
                0x10007a74        0x4 CMakeFiles/flatbox-rev4.dir/_deps/pico_sdk-src/src/rp2_common/pico_standard_binary_info/standard_binary_info.c.o
 *(.binary_info.*)
                0x10007a78                        __binary_info_end = .
                0x10007a78                        . = ALIGN (0x4)

.ram_vector_table
                0x20000000       0xc0
 *(.ram_vector_table)
 .ram_vector_table
                0x20000000       0xc0 CMakeFiles/flatbox-rev4.dir/_deps/pico_sdk-src/src/rp2_common/pico_runtime_init/runtime_init.c.o
                0x20000000                ram_vector_table

.uninitialized_data
                0x200000c0        0x0
                0x200000c0                        . = ALIGN (0x4)
 *(.uninitialized_data*)

.data           0x200000c0     0x16b8 load address 0x10007a78
                0x200000c0                        __data_start__ = .
 *(vtable)
 *(.time_critical*)
 .time_critical.mutex_enter_blocking
                0x200000c0       0x48 CMakeFiles/flatbox-rev4.dir/_deps/pico_sdk-src/src/common/pico_sync/mutex.c.o
                0x200000c0                mutex_enter_blocking
 .time_critical.mutex_try_enter_block_until
                0x20000108       0x9c CMakeFiles/flatbox-rev4.dir/_deps/pico_sdk-src/src/common/pico_sync/mutex.c.o
                0x20000108                mutex_try_enter_block_until
 .time_critical.mutex_enter_timeout_ms
                0x200001a4       0x90 CMakeFiles/flatbox-rev4.dir/_deps/pico_sdk-src/src/common/pico_sync/mutex.c.o
                0x200001a4                mutex_enter_timeout_ms
 .time_critical.mutex_exit
                0x20000234       0x28 CMakeFiles/flatbox-rev4.dir/_deps/pico_sdk-src/src/common/pico_sync/mutex.c.o
                0x20000234                mutex_exit
 .time_critical.reset_non_control_endpoints
                0x2000025c       0x68 CMakeFiles/flatbox-rev4.dir/_deps/pico_sdk-src/lib/tinyusb/src/portable/raspberrypi/rp2040/dcd_rp2040.c.o
 .time_critical.hw_handle_buff_status
                0x200002c4       0xa0 CMakeFiles/flatbox-rev4.dir/_deps/pico_sdk-src/lib/tinyusb/src/portable/raspberrypi/rp2040/dcd_rp2040.c.o
 .time_critical.dcd_rp2040_irq
                0x20000364      0x544 CMakeFiles/flatbox-rev4.dir/_deps/pico_sdk-src/lib/tinyusb/src/portable/raspberrypi/rp2040/dcd_rp2040.c.o
 .time_critical.prepare_ep_buffer
                0x200008a8       0xe0 CMakeFiles/flatbox-rev4.dir/_deps/pico_sdk-src/lib/tinyusb/src/portable/raspberrypi/rp2040/rp2040_usb.c.o
 .time_critical.sync_ep_buffer
                0x20000988       0xa8 CMakeFiles/flatbox-rev4.dir/_deps/pico_sdk-src/lib/tinyusb/src/portable/raspberrypi/rp2040/rp2040_usb.c.o
 .time_critical._hw_endpoint_xfer_sync
                0x20000a30       0x28 CMakeFiles/flatbox-rev4.dir/_deps/pico_sdk-src/lib/tinyusb/src/portable/raspberrypi/rp2040/rp2040_usb.c.o
 .time_critical.e15_is_bulkin_ep
                0x20000a58       0x28 CMakeFiles/flatbox-rev4.dir/_deps/pico_sdk-src/lib/tinyusb/src/portable/raspberrypi/rp2040/rp2040_usb.c.o
 .time_critical.e15_is_critical_frame_period
                0x20000a80       0x34 CMakeFiles/flatbox-rev4.dir/_deps/pico_sdk-src/lib/tinyusb/src/portable/raspberrypi/rp2040/rp2040_usb.c.o
 .time_critical.hw_endpoint_reset_transfer
                0x20000ab4        0xc CMakeFiles/flatbox-rev4.dir/_deps/pico_sdk-src/lib/tinyusb/src/portable/raspberrypi/rp2040/rp2040_usb.c.o
                0x20000ab4                hw_endpoint_reset_transfer
 .time_critical._hw_endpoint_buffer_control_update32
                0x20000ac0       0x50 CMakeFiles/flatbox-rev4.dir/_deps/pico_sdk-src/lib/tinyusb/src/portable/raspberrypi/rp2040/rp2040_usb.c.o
                0x20000ac0                _hw_endpoint_buffer_control_update32
 .time_critical.hw_endpoint_start_next_buffer
                0x20000b10       0x6c CMakeFiles/flatbox-rev4.dir/_deps/pico_sdk-src/lib/tinyusb/src/portable/raspberrypi/rp2040/rp2040_usb.c.o
                0x20000b10                hw_endpoint_start_next_buffer
 .time_critical.hw_endpoint_xfer_continue
                0x20000b7c       0x40 CMakeFiles/flatbox-rev4.dir/_deps/pico_sdk-src/lib/tinyusb/src/portable/raspberrypi/rp2040/rp2040_usb.c.o
                0x20000b7c                hw_endpoint_xfer_continue
 .time_critical.tinyusb
                0x20000bbc      0x1e0 CMakeFiles/flatbox-rev4.dir/_deps/pico_sdk-src/lib/tinyusb/src/device/usbd.c.o
                0x20000bbc                dcd_event_handler
 .time_critical.flash_init_boot2_copyout
                0x20000d9c       0x30 CMakeFiles/flatbox-rev4.dir/_deps/pico_sdk-src/src/rp2_common/hardware_flash/flash.c.o
 .time_critical.flash_enable_xip_via_boot2
                0x20000dcc        0xc CMakeFiles/flatbox-rev4.dir/_deps/pico_sdk-src/src/rp2_common/hardware_flash/flash.c.o
 .time_critical.flash_save_hardware_state
                0x20000dd8       0x20 CMakeFiles/flatbox-rev4.dir/_deps/pico_sdk-src/src/rp2_common/hardware_flash/flash.c.o
 .time_critical.flash_restore_hardware_state
                0x20000df8       0x20 CMakeFiles/flatbox-rev4.dir/_deps/pico_sdk-src/src/rp2_common/hardware_flash/flash.c.o
 .time_critical.flash_cs_force
                0x20000e18       0x38 CMakeFiles/flatbox-rev4.dir/_deps/pico_sdk-src/src/rp2_common/hardware_flash/flash.c.o
 .time_critical.flash_range_erase
                0x20000e50       0x90 CMakeFiles/flatbox-rev4.dir/_deps/pico_sdk-src/src/rp2_common/hardware_flash/flash.c.o
                0x20000e50                flash_range_erase
 .time_critical.flash_range_program
                0x20000ee0       0x90 CMakeFiles/flatbox-rev4.dir/_deps/pico_sdk-src/src/rp2_common/hardware_flash/flash.c.o
                0x20000ee0                flash_range_program
 .time_critical.flash_do_cmd
                0x20000f70       0xd0 CMakeFiles/flatbox-rev4.dir/_deps/pico_sdk-src/src/rp2_common/hardware_flash/flash.c.o
                0x20000f70                flash_do_cmd
 .time_critical.multicore_lockout_handler
                0x20001040       0x50 CMakeFiles/flatbox-rev4.dir/_deps/pico_sdk-src/src/rp2_common/pico_multicore/multicore.c.o
 *(.text*)
 .text          0x20001090        0x4 /usr/lib/gcc/arm-none-eabi/13.2.1/thumb/v6-m/nofp/libgcc.a(_dvmd_tls.o)
                0x20001090                __aeabi_ldiv0
                0x20001090                __aeabi_idiv0
 *fill*         0x20001094        0x4 
 .text.__stub   0x20001098       0x90 linker stubs
                0x20001128                        . = ALIGN (0x4)
 *(.rodata*)
                0x20001128                        . = ALIGN (0x4)
 *(.data*)
 .data.string_desc_arr
                0x20001128        0xc CMakeFiles/flatbox-rev4.dir/src/flatbox.cpp.o
                0x20001128                string_desc_arr
 .data.desc_device
                0x20001134       0x12 CMakeFiles/flatbox-rev4.dir/src/flatbox.cpp.o
                0x20001134                desc_device
 *fill*         0x20001146        0x2 
 .data.hold_timeY
                0x20001148        0x4 CMakeFiles/flatbox-rev4.dir/src/flatbox.cpp.o
                0x20001148                hold_timeY
 .data.hold_timeX
                0x2000114c        0x4 CMakeFiles/flatbox-rev4.dir/src/flatbox.cpp.o
                0x2000114c                hold_timeX
 *fill*         0x20001150        0x0 
 .data.tilt_abs_value
                0x20001150        0x8 CMakeFiles/flatbox-rev4.dir/src/flatbox.cpp.o
                0x20001150                tilt_abs_value
 .data.down_angle
                0x20001158        0x4 CMakeFiles/flatbox-rev4.dir/src/flatbox.cpp.o
                0x20001158                down_angle
 .data.up_angle
                0x2000115c        0x4 CMakeFiles/flatbox-rev4.dir/src/flatbox.cpp.o
                0x2000115c                up_angle
 .data.CT       0x20001160        0x4 CMakeFiles/flatbox-rev4.dir/src/flatbox.cpp.o
                0x20001160                CT
 .data.dpad_mode
                0x20001164        0x4 CMakeFiles/flatbox-rev4.dir/src/flatbox.cpp.o
                0x20001164                dpad_mode
 .data.pro_mode
                0x20001168        0x4 CMakeFiles/flatbox-rev4.dir/src/flatbox.cpp.o
                0x20001168                pro_mode
 .data.macro_mode
                0x2000116c        0x4 CMakeFiles/flatbox-rev4.dir/src/flatbox.cpp.o
                0x2000116c                macro_mode
 .data.striped_spin_lock_num
                0x20001170        0x1 CMakeFiles/flatbox-rev4.dir/_deps/pico_sdk-src/src/rp2_common/hardware_sync/sync.c.o
 *fill*         0x20001171        0x3 
 .data          0x20001174       0x48 CMakeFiles/flatbox-rev4.dir/_deps/pico_sdk-src/src/rp2_common/hardware_irq/irq_handler_chain.S.o
                0x20001174                irq_handler_chain_slots
                0x200011a4                irq_handler_chain_first_slot
                0x200011ae                irq_handler_chain_remove_tail
 .data.default_alarm_pool
                0x200011bc       0x18 CMakeFiles/flatbox-rev4.dir/_deps/pico_sdk-src/src/common/pico_time/time.c.o
 *fill*         0x200011d4        0xc 
 .data.aeabi_bits_funcs
                0x200011e0       0x10 CMakeFiles/flatbox-rev4.dir/_deps/pico_sdk-src/src/rp2_common/pico_bit_ops/bit_ops_aeabi.S.o
                0x200011e0                aeabi_bits_funcs
                0x200011f0                aeabi_bits_funcs_end
 .data.aeabi_mem_funcs
                0x200011f0       0x10 CMakeFiles/flatbox-rev4.dir/_deps/pico_sdk-src/src/rp2_common/pico_mem_ops/mem_ops_aeabi.S.o
                0x200011f0                aeabi_mem_funcs
                0x20001200                aeabi_mem_funcs_end
 .data._usbd_qdef
                0x20001200       0x1c CMakeFiles/flatbox-rev4.dir/_deps/pico_sdk-src/lib/tinyusb/src/device/usbd.c.o
                0x20001200                _usbd_qdef
 .data._usbd_rhport
                0x2000121c        0x1 CMakeFiles/flatbox-rev4.dir/_deps/pico_sdk-src/lib/tinyusb/src/device/usbd.c.o
 *fill*         0x2000121d        0x3 
 .data._ZL11pio1_offset
                0x20001220        0x4 CMakeFiles/flatbox-rev4.dir/lib/pico_neopixels/Adafruit_NeoPixel.cpp.o
 .data._ZL11pio0_offset
                0x20001224        0x4 CMakeFiles/flatbox-rev4.dir/lib/pico_neopixels/Adafruit_NeoPixel.cpp.o
 .data.lockout_request_id
                0x20001228        0x4 CMakeFiles/flatbox-rev4.dir/_deps/pico_sdk-src/src/rp2_common/pico_multicore/multicore.c.o
 *fill*         0x2000122c        0x4 
 .data          0x20001230      0x128 /usr/lib/gcc/arm-none-eabi/13.2.1/../../../arm-none-eabi/lib/thumb/v6-m/nofp/libg.a(libc_a-impure.o)
                0x20001230                _impure_ptr
                0x20001238                _impure_data
 .data          0x20001358      0x410 /usr/lib/gcc/arm-none-eabi/13.2.1/../../../arm-none-eabi/lib/thumb/v6-m/nofp/libg.a(libc_a-mallocr.o)
                0x20001358                __malloc_sbrk_base
                0x2000135c                __malloc_trim_threshold
                0x20001360                __malloc_av_
                0x20001768                        . = ALIGN (0x4)
 *(.after_data.*)
                0x20001768                        . = ALIGN (0x4)
                0x20001768                        PROVIDE (__mutex_array_start = .)
 *(SORT_BY_NAME(.mutex_array.*))
 *(.mutex_array)
 .mutex_array   0x20001768        0x8 CMakeFiles/flatbox-rev4.dir/_deps/pico_sdk-src/src/rp2_common/pico_malloc/malloc.c.o
 .mutex_array   0x20001770        0x8 CMakeFiles/flatbox-rev4.dir/_deps/pico_sdk-src/src/rp2_common/pico_stdio/stdio.c.o
                0x20001778                        PROVIDE (__mutex_array_end = .)
                0x20001778                        . = ALIGN (0x4)
 *(.jcr)
                0x20001778                        . = ALIGN (0x4)

.tm_clone_table
                0x20001778        0x0 load address 0x10009130
 .tm_clone_table
                0x20001778        0x0 /usr/lib/gcc/arm-none-eabi/13.2.1/thumb/v6-m/nofp/crtbegin.o
 .tm_clone_table
                0x20001778        0x0 /usr/lib/gcc/arm-none-eabi/13.2.1/thumb/v6-m/nofp/crtend.o

.igot.plt       0x20001778        0x0 load address 0x10009130
 .igot.plt      0x20001778        0x0 /usr/lib/gcc/arm-none-eabi/13.2.1/thumb/v6-m/nofp/crtbegin.o

.tdata          0x20001778        0x0 load address 0x10009130
                0x20001778                        . = ALIGN (0x4)
 *(.tdata .tdata.* .gnu.linkonce.td.*)
                0x20001778                        __tdata_end = .
                0x20001778                        PROVIDE (__data_end__ = .)
                0x10007a78                        __etext = LOADADDR (.data)

.tbss           0x20001778        0x0 load address 0x10009130
                0x20001778                        . = ALIGN (0x4)
                0x20001778                        __bss_start__ = .
                0x20001778                        __tls_base = .
 *(.tbss .tbss.* .gnu.linkonce.tb.*)
 *(.tcommon)
                0x20001778                        __tls_end = .

.bss            0x20001778      0xf7c load address 0x10009130
                0x20001778                        . = ALIGN (0x4)
                0x20001778                        __tbss_end = .
 *(SORT_BY_ALIGNMENT(SORT_BY_NAME(.bss*)))
 .bss.default_alarm_pool_entries
                0x20001778      0x180 CMakeFiles/flatbox-rev4.dir/_deps/pico_sdk-src/src/common/pico_time/time.c.o
 .bss.sd_table  0x200018f8      0x100 CMakeFiles/flatbox-rev4.dir/_deps/pico_sdk-src/src/rp2_common/pico_double/double_init_rom_rp2040.c.o
                0x200018f8                sd_table
 .bss.strip     0x200019f8       0x38 CMakeFiles/flatbox-rev4.dir/src/flatbox.cpp.o
                0x200019f8                strip
 .bss           0x20001a30       0x1c /usr/lib/gcc/arm-none-eabi/13.2.1/thumb/v6-m/nofp/crtbegin.o
 .bss           0x20001a4c       0x34 /usr/lib/gcc/arm-none-eabi/13.2.1/../../../arm-none-eabi/lib/thumb/v6-m/nofp/libg.a(libc_a-mallocr.o)
                0x20001a4c                __malloc_top_pad
                0x20001a50                __malloc_current_mallinfo
                0x20001a78                __malloc_max_sbrked_mem
                0x20001a7c                __malloc_max_total_mem
 .bss           0x20001a80      0x13c /usr/lib/gcc/arm-none-eabi/13.2.1/../../../arm-none-eabi/lib/thumb/v6-m/nofp/libg.a(libc_a-findfp.o)
                0x20001a80                __stdio_exit_handler
                0x20001a84                __sf
 .bss           0x20001bbc        0x4 /usr/lib/gcc/arm-none-eabi/13.2.1/../../../arm-none-eabi/lib/thumb/v6-m/nofp/libg.a(libc_a-reent.o)
                0x20001bbc                errno
 .bss           0x20001bc0      0x190 /usr/lib/gcc/arm-none-eabi/13.2.1/../../../arm-none-eabi/lib/thumb/v6-m/nofp/libg.a(libc_a-__atexit.o)
                0x20001bc0                __atexit0
 .bss           0x20001d50        0x4 /usr/lib/gcc/arm-none-eabi/13.2.1/../../../arm-none-eabi/lib/thumb/v6-m/nofp/libg.a(libc_a-__call_atexit.o)
                0x20001d50                __atexit
 .bss.Changetime
                0x20001d54        0x4 CMakeFiles/flatbox-rev4.dir/src/flatbox.cpp.o
                0x20001d54                Changetime
 .bss.Dragontime
                0x20001d58        0x4 CMakeFiles/flatbox-rev4.dir/src/flatbox.cpp.o
                0x20001d58                Dragontime
 .bss.NAtime    0x20001d5c        0x4 CMakeFiles/flatbox-rev4.dir/src/flatbox.cpp.o
                0x20001d5c                NAtime
 .bss.NBtime    0x20001d60        0x4 CMakeFiles/flatbox-rev4.dir/src/flatbox.cpp.o
                0x20001d60                NBtime
 .bss.NIL1time  0x20001d64        0x4 CMakeFiles/flatbox-rev4.dir/src/flatbox.cpp.o
                0x20001d64                NIL1time
 .bss.NIL2time  0x20001d68        0x4 CMakeFiles/flatbox-rev4.dir/src/flatbox.cpp.o
                0x20001d68                NIL2time
 .bss._ZL9_desc_str
                0x20001d6c       0x40 CMakeFiles/flatbox-rev4.dir/src/flatbox.cpp.o
 .bss._ZL9pio_no_sm
                0x20001dac        0x8 CMakeFiles/flatbox-rev4.dir/lib/pico_neopixels/Adafruit_NeoPixel.cpp.o
 .bss._app_driver
                0x20001db4        0x4 CMakeFiles/flatbox-rev4.dir/_deps/pico_sdk-src/lib/tinyusb/src/device/usbd.c.o
 .bss._ctrl_epbuf
                0x20001db8       0x40 CMakeFiles/flatbox-rev4.dir/_deps/pico_sdk-src/lib/tinyusb/src/device/usbd_control.c.o
 .bss._ctrl_xfer
                0x20001df8       0x14 CMakeFiles/flatbox-rev4.dir/_deps/pico_sdk-src/lib/tinyusb/src/device/usbd_control.c.o
 .bss._hidd_epbuf
                0x20001e0c       0xc0 CMakeFiles/flatbox-rev4.dir/_deps/pico_sdk-src/lib/tinyusb/src/class/hid/hid_device.c.o
 .bss._hidd_itf
                0x20001ecc        0xc CMakeFiles/flatbox-rev4.dir/_deps/pico_sdk-src/lib/tinyusb/src/class/hid/hid_device.c.o
 .bss._tusb_rhport_role
                0x20001ed8        0x2 CMakeFiles/flatbox-rev4.dir/_deps/pico_sdk-src/lib/tinyusb/src/tusb.c.o
                0x20001ed8                _tusb_rhport_role
 *fill*         0x20001eda        0x2 
 .bss._ubsd_mutexdef
                0x20001edc        0x8 CMakeFiles/flatbox-rev4.dir/_deps/pico_sdk-src/lib/tinyusb/src/device/usbd.c.o
 .bss._usbd_dev
                0x20001ee4       0x54 CMakeFiles/flatbox-rev4.dir/_deps/pico_sdk-src/lib/tinyusb/src/device/usbd.c.o
 .bss._usbd_mutex
                0x20001f38        0x4 CMakeFiles/flatbox-rev4.dir/_deps/pico_sdk-src/lib/tinyusb/src/device/usbd.c.o
 .bss._usbd_q   0x20001f3c        0x4 CMakeFiles/flatbox-rev4.dir/_deps/pico_sdk-src/lib/tinyusb/src/device/usbd.c.o
 .bss._usbd_qdef_buf
                0x20001f40       0xc0 CMakeFiles/flatbox-rev4.dir/_deps/pico_sdk-src/lib/tinyusb/src/device/usbd.c.o
                0x20001f40                _usbd_qdef_buf
 .bss._used_instruction_space
                0x20002000        0x8 CMakeFiles/flatbox-rev4.dir/_deps/pico_sdk-src/src/rp2_common/hardware_pio/pio.c.o
 .bss.boot2_copyout
                0x20002008      0x100 CMakeFiles/flatbox-rev4.dir/_deps/pico_sdk-src/src/rp2_common/hardware_flash/flash.c.o
 .bss.claimed   0x20002108        0x4 CMakeFiles/flatbox-rev4.dir/_deps/pico_sdk-src/src/rp2_common/hardware_sync/sync.c.o
 .bss.claimed   0x2000210c        0x1 CMakeFiles/flatbox-rev4.dir/_deps/pico_sdk-src/src/rp2_common/hardware_timer/timer.c.o
 *fill*         0x2000210d        0x3 
 .bss.claimed   0x20002110        0x1 CMakeFiles/flatbox-rev4.dir/_deps/pico_sdk-src/src/rp2_common/hardware_pio/pio.c.o
 *fill*         0x20002111        0x3 
 .bss.configured_freq
                0x20002114       0x28 CMakeFiles/flatbox-rev4.dir/_deps/pico_sdk-src/src/rp2_common/hardware_clocks/clocks.c.o
 .bss.cooltime  0x2000213c        0x4 CMakeFiles/flatbox-rev4.dir/src/flatbox.cpp.o
                0x2000213c                cooltime
 .bss.drivers   0x20002140        0x4 CMakeFiles/flatbox-rev4.dir/_deps/pico_sdk-src/src/rp2_common/pico_stdio/stdio.c.o
 .bss.e15_last_sof
                0x20002144        0x4 CMakeFiles/flatbox-rev4.dir/_deps/pico_sdk-src/lib/tinyusb/src/portable/raspberrypi/rp2040/rp2040_usb.c.o
                0x20002144                e15_last_sof
 .bss.filter    0x20002148        0x4 CMakeFiles/flatbox-rev4.dir/_deps/pico_sdk-src/src/rp2_common/pico_stdio/stdio.c.o
 .bss.g_read_data
                0x2000214c        0x4 CMakeFiles/flatbox-rev4.dir/src/flatbox.cpp.o
                0x2000214c                g_read_data
 .bss.heap_end.0
                0x20002150        0x4 CMakeFiles/flatbox-rev4.dir/_deps/pico_sdk-src/src/rp2_common/pico_clib_interface/newlib_interface.c.o
 .bss.hw_endpoints
                0x20002154      0x400 CMakeFiles/flatbox-rev4.dir/_deps/pico_sdk-src/lib/tinyusb/src/portable/raspberrypi/rp2040/dcd_rp2040.c.o
 .bss.input_mode
                0x20002554        0x4 CMakeFiles/flatbox-rev4.dir/src/flatbox.cpp.o
                0x20002554                input_mode
 .bss.lazy_vsnprintf
                0x20002558        0x4 CMakeFiles/flatbox-rev4.dir/_deps/pico_sdk-src/src/rp2_common/pico_printf/printf.c.o
 .bss.led_mode  0x2000255c        0x4 CMakeFiles/flatbox-rev4.dir/src/flatbox.cpp.o
                0x2000255c                led_mode
 .bss.lockout_mutex
                0x20002560        0x8 CMakeFiles/flatbox-rev4.dir/_deps/pico_sdk-src/src/rp2_common/pico_multicore/multicore.c.o
 .bss.lockout_victim_initialized
                0x20002568        0x2 CMakeFiles/flatbox-rev4.dir/_deps/pico_sdk-src/src/rp2_common/pico_multicore/multicore.c.o
 *fill*         0x2000256a        0x2 
 .bss.next_buffer_ptr
                0x2000256c        0x4 CMakeFiles/flatbox-rev4.dir/_deps/pico_sdk-src/lib/tinyusb/src/portable/raspberrypi/rp2040/dcd_rp2040.c.o
 .bss.pools     0x20002570       0x10 CMakeFiles/flatbox-rev4.dir/_deps/pico_sdk-src/src/common/pico_time/time.c.o
 .bss.prevReport
                0x20002580       0x1b CMakeFiles/flatbox-rev4.dir/src/flatbox.cpp.o
                0x20002580                prevReport
 *fill*         0x2000259b        0x1 
 .bss.prevSUM   0x2000259c        0x4 CMakeFiles/flatbox-rev4.dir/src/flatbox.cpp.o
                0x2000259c                prevSUM
 .bss.prevSwitchReport
                0x200025a0        0x8 CMakeFiles/flatbox-rev4.dir/src/flatbox.cpp.o
                0x200025a0                prevSwitchReport
 .bss.prev_x_value
                0x200025a8        0x4 CMakeFiles/flatbox-rev4.dir/src/flatbox.cpp.o
                0x200025a8                prev_x_value
 .bss.prev_y_value
                0x200025ac        0x4 CMakeFiles/flatbox-rev4.dir/src/flatbox.cpp.o
                0x200025ac                prev_y_value
 .bss.report    0x200025b0       0x1b CMakeFiles/flatbox-rev4.dir/src/flatbox.cpp.o
                0x200025b0                report
 *fill*         0x200025cb        0x1 
 .bss.retrieved_id
                0x200025cc        0x8 CMakeFiles/flatbox-rev4.dir/_deps/pico_sdk-src/src/rp2_common/pico_unique_id/unique_id.c.o
 .bss.sf_clz_func
                0x200025d4        0x4 CMakeFiles/flatbox-rev4.dir/_deps/pico_sdk-src/src/rp2_common/pico_double/double_init_rom_rp2040.c.o
                0x200025d4                sf_clz_func
 .bss.sf_table  0x200025d8      0x100 CMakeFiles/flatbox-rev4.dir/_deps/pico_sdk-src/src/rp2_common/pico_float/float_init_rom_rp2040.c.o
                0x200025d8                sf_table
 .bss.sleep_notifier
                0x200026d8        0x4 CMakeFiles/flatbox-rev4.dir/_deps/pico_sdk-src/src/common/pico_time/time.c.o
 .bss.x_i       0x200026dc        0x4 CMakeFiles/flatbox-rev4.dir/src/flatbox.cpp.o
                0x200026dc                x_i
 .bss.y_i       0x200026e0        0x4 CMakeFiles/flatbox-rev4.dir/src/flatbox.cpp.o
                0x200026e0                y_i
 .bss.Buffer1   0x200026e4        0x1 CMakeFiles/flatbox-rev4.dir/src/flatbox.cpp.o
                0x200026e4                Buffer1
 .bss.Buffer2   0x200026e5        0x1 CMakeFiles/flatbox-rev4.dir/src/flatbox.cpp.o
                0x200026e5                Buffer2
 .bss.EightBottuns
                0x200026e6        0x1 CMakeFiles/flatbox-rev4.dir/src/flatbox.cpp.o
                0x200026e6                EightBottuns
 .bss.Release1  0x200026e7        0x1 CMakeFiles/flatbox-rev4.dir/src/flatbox.cpp.o
                0x200026e7                Release1
 .bss.Release2  0x200026e8        0x1 CMakeFiles/flatbox-rev4.dir/src/flatbox.cpp.o
                0x200026e8                Release2
 .bss.SJ        0x200026e9        0x1 CMakeFiles/flatbox-rev4.dir/src/flatbox.cpp.o
                0x200026e9                SJ
 .bss.TILTE     0x200026ea        0x1 CMakeFiles/flatbox-rev4.dir/src/flatbox.cpp.o
                0x200026ea                TILTE
 .bss._app_driver_count
                0x200026eb        0x1 CMakeFiles/flatbox-rev4.dir/_deps/pico_sdk-src/lib/tinyusb/src/device/usbd.c.o
 .bss._sof_enable
                0x200026ec        0x1 CMakeFiles/flatbox-rev4.dir/_deps/pico_sdk-src/lib/tinyusb/src/portable/raspberrypi/rp2040/dcd_rp2040.c.o
 .bss._usbd_queued_setup
                0x200026ed        0x1 CMakeFiles/flatbox-rev4.dir/_deps/pico_sdk-src/lib/tinyusb/src/device/usbd.c.o
 .bss.boot2_copyout_valid
                0x200026ee        0x1 CMakeFiles/flatbox-rev4.dir/_deps/pico_sdk-src/src/rp2_common/hardware_flash/flash.c.o
 .bss.irq_handler_chain_free_slot_head
                0x200026ef        0x1 CMakeFiles/flatbox-rev4.dir/_deps/pico_sdk-src/src/rp2_common/hardware_irq/irq.c.o
 .bss.moving    0x200026f0        0x1 CMakeFiles/flatbox-rev4.dir/src/flatbox.cpp.o
                0x200026f0                moving
 .bss.moving2   0x200026f1        0x1 CMakeFiles/flatbox-rev4.dir/src/flatbox.cpp.o
                0x200026f1                moving2
 .bss.prevEight
                0x200026f2        0x1 CMakeFiles/flatbox-rev4.dir/src/flatbox.cpp.o
                0x200026f2                prevEight
 *(COMMON)
                0x200026f4                        . = ALIGN (0x4)
 *fill*         0x200026f3        0x1 
                0x200026f4                        __bss_end__ = .

.heap           0x200026f4      0x800 load address 0x10009130
                0x200026f4                        __end__ = .
                0x200026f4                        end = __end__
 *(.heap*)
 .heap          0x200026f4      0x800 CMakeFiles/flatbox-rev4.dir/_deps/pico_sdk-src/src/rp2_common/pico_crt0/crt0.S.o
                0x20040000                        __HeapLimit = (ORIGIN (RAM) + LENGTH (RAM))

.scratch_x      0x20040000        0x0 load address 0x10009130
                0x20040000                        __scratch_x_start__ = .
 *(.scratch_x.*)
                0x20040000                        . = ALIGN (0x4)
                0x20040000                        __scratch_x_end__ = .
                0x10009130                        __scratch_x_source__ = LOADADDR (.scratch_x)

.scratch_y      0x20041000        0x0 load address 0x10009130
                0x20041000                        __scratch_y_start__ = .
 *(.scratch_y.*)
                0x20041000                        . = ALIGN (0x4)
                0x20041000                        __scratch_y_end__ = .
                0x10009130                        __scratch_y_source__ = LOADADDR (.scratch_y)

.stack1_dummy   0x20040000      0x800
 *(.stack1*)
 .stack1        0x20040000      0x800 CMakeFiles/flatbox-rev4.dir/_deps/pico_sdk-src/src/rp2_common/pico_multicore/multicore.c.o

.stack_dummy    0x20041000      0x800
 *(.stack*)
 .stack         0x20041000      0x800 CMakeFiles/flatbox-rev4.dir/_deps/pico_sdk-src/src/rp2_common/pico_crt0/crt0.S.o

.rel.dyn        0x20041800        0x0
 .rel.iplt      0x20041800        0x0 /usr/lib/gcc/arm-none-eabi/13.2.1/thumb/v6-m/nofp/crtbegin.o

.flash_end      0x10009130        0x0
 *(.embedded_end_block*)
                0x10009130                        PROVIDE (__flash_binary_end = .)
                0x20040000                        __StackLimit = (ORIGIN (RAM) + LENGTH (RAM))
                0x20041000                        __StackOneTop = (ORIGIN (SCRATCH_X) + LENGTH (SCRATCH_X))
                0x20042000                        __StackTop = (ORIGIN (SCRATCH_Y) + LENGTH (SCRATCH_Y))
                0x20040800                        __StackOneBottom = (__StackOneTop - SIZEOF (.stack1_dummy))
                0x20041800                        __StackBottom = (__StackTop - SIZEOF (.stack_dummy))
                0x20042000                        PROVIDE (__stack = __StackTop)
                [!provide]                        PROVIDE (__heap_start = __end__)
                [!provide]                        PROVIDE (__heap_end = __HeapLimit)
                [!provide]                        PROVIDE (__tls_align = MAX (ALIGNOF (.tdata), ALIGNOF (.tbss)))
                [!provide]                        PROVIDE (__tls_size_align = (((__tls_size + __tls_align) - 0x1) & ~ ((__tls_align - 0x1))))
                [!provide]                        PROVIDE (__arm32_tls_tcb_offset = MAX (0x8, __tls_align))
                [!provide]                        PROVIDE (_end = __end__)
                [!provide]                        PROVIDE (__llvm_libc_heap_limit = __HeapLimit)
                0x00000001                        ASSERT ((__StackLimit >= __HeapLimit), region RAM overflowed)
                0x00000001                        ASSERT (((__binary_info_header_end - __logical_binary_start) <= 0x100), Binary info must be in first 256 bytes of the binary)
LOAD CMakeFiles/flatbox-rev4.dir/src/flatbox.cpp.o
LOAD CMakeFiles/flatbox-rev4.dir/_deps/pico_sdk-src/src/rp2_common/pico_stdlib/stdlib.c.o
LOAD CMakeFiles/flatbox-rev4.dir/_deps/pico_sdk-src/src/rp2_common/hardware_gpio/gpio.c.o
LOAD CMakeFiles/flatbox-rev4.dir/_deps/pico_sdk-src/src/rp2040/pico_platform/platform.c.o
LOAD CMakeFiles/flatbox-rev4.dir/_deps/pico_sdk-src/src/rp2_common/pico_platform_common/common.c.o
LOAD CMakeFiles/flatbox-rev4.dir/_deps/pico_sdk-src/src/rp2_common/pico_platform_panic/panic.c.o
LOAD CMakeFiles/flatbox-rev4.dir/_deps/pico_sdk-src/src/common/hardware_claim/claim.c.o
LOAD CMakeFiles/flatbox-rev4.dir/_deps/pico_sdk-src/src/rp2_common/hardware_sync/sync.c.o
LOAD CMakeFiles/flatbox-rev4.dir/_deps/pico_sdk-src/src/rp2_common/hardware_sync_spin_lock/sync_spin_lock.c.o
LOAD CMakeFiles/flatbox-rev4.dir/_deps/pico_sdk-src/src/rp2_common/hardware_irq/irq.c.o
LOAD CMakeFiles/flatbox-rev4.dir/_deps/pico_sdk-src/src/rp2_common/hardware_irq/irq_handler_chain.S.o
LOAD CMakeFiles/flatbox-rev4.dir/_deps/pico_sdk-src/src/common/pico_sync/sem.c.o
LOAD CMakeFiles/flatbox-rev4.dir/_deps/pico_sdk-src/src/common/pico_sync/lock_core.c.o
LOAD CMakeFiles/flatbox-rev4.dir/_deps/pico_sdk-src/src/common/pico_sync/mutex.c.o
LOAD CMakeFiles/flatbox-rev4.dir/_deps/pico_sdk-src/src/common/pico_sync/critical_section.c.o
LOAD CMakeFiles/flatbox-rev4.dir/_deps/pico_sdk-src/src/common/pico_time/time.c.o
LOAD CMakeFiles/flatbox-rev4.dir/_deps/pico_sdk-src/src/common/pico_time/timeout_helper.c.o
LOAD CMakeFiles/flatbox-rev4.dir/_deps/pico_sdk-src/src/rp2_common/hardware_timer/timer.c.o
LOAD CMakeFiles/flatbox-rev4.dir/_deps/pico_sdk-src/src/common/pico_util/datetime.c.o
LOAD CMakeFiles/flatbox-rev4.dir/_deps/pico_sdk-src/src/common/pico_util/pheap.c.o
LOAD CMakeFiles/flatbox-rev4.dir/_deps/pico_sdk-src/src/common/pico_util/queue.c.o
LOAD CMakeFiles/flatbox-rev4.dir/_deps/pico_sdk-src/src/rp2_common/hardware_uart/uart.c.o
LOAD CMakeFiles/flatbox-rev4.dir/_deps/pico_sdk-src/src/rp2_common/hardware_clocks/clocks.c.o
LOAD CMakeFiles/flatbox-rev4.dir/_deps/pico_sdk-src/src/rp2_common/hardware_pll/pll.c.o
LOAD CMakeFiles/flatbox-rev4.dir/_deps/pico_sdk-src/src/rp2_common/hardware_vreg/vreg.c.o
LOAD CMakeFiles/flatbox-rev4.dir/_deps/pico_sdk-src/src/rp2_common/hardware_watchdog/watchdog.c.o
LOAD CMakeFiles/flatbox-rev4.dir/_deps/pico_sdk-src/src/rp2_common/hardware_ticks/ticks.c.o
LOAD CMakeFiles/flatbox-rev4.dir/_deps/pico_sdk-src/src/rp2_common/pico_bootrom/bootrom.c.o
LOAD CMakeFiles/flatbox-rev4.dir/_deps/pico_sdk-src/src/rp2_common/pico_bootrom/bootrom_lock.c.o
LOAD CMakeFiles/flatbox-rev4.dir/_deps/pico_sdk-src/src/rp2_common/hardware_boot_lock/boot_lock.c.o
LOAD CMakeFiles/flatbox-rev4.dir/_deps/pico_sdk-src/src/rp2_common/pico_flash/flash.c.o
LOAD CMakeFiles/flatbox-rev4.dir/_deps/pico_sdk-src/src/rp2_common/hardware_xosc/xosc.c.o
LOAD CMakeFiles/flatbox-rev4.dir/_deps/pico_sdk-src/src/rp2_common/hardware_divider/divider.S.o
LOAD CMakeFiles/flatbox-rev4.dir/_deps/pico_sdk-src/src/rp2_common/pico_runtime/runtime.c.o
LOAD CMakeFiles/flatbox-rev4.dir/_deps/pico_sdk-src/src/rp2_common/pico_runtime_init/runtime_init.c.o
LOAD CMakeFiles/flatbox-rev4.dir/_deps/pico_sdk-src/src/rp2_common/pico_runtime_init/runtime_init_clocks.c.o
LOAD CMakeFiles/flatbox-rev4.dir/_deps/pico_sdk-src/src/rp2_common/pico_runtime_init/runtime_init_stack_guard.c.o
LOAD CMakeFiles/flatbox-rev4.dir/_deps/pico_sdk-src/src/rp2_common/pico_bit_ops/bit_ops_aeabi.S.o
LOAD CMakeFiles/flatbox-rev4.dir/_deps/pico_sdk-src/src/rp2_common/pico_divider/divider_hardware.S.o
LOAD CMakeFiles/flatbox-rev4.dir/_deps/pico_sdk-src/src/rp2_common/pico_double/double_aeabi_rp2040.S.o
LOAD CMakeFiles/flatbox-rev4.dir/_deps/pico_sdk-src/src/rp2_common/pico_double/double_init_rom_rp2040.c.o
LOAD CMakeFiles/flatbox-rev4.dir/_deps/pico_sdk-src/src/rp2_common/pico_double/double_math.c.o
LOAD CMakeFiles/flatbox-rev4.dir/_deps/pico_sdk-src/src/rp2_common/pico_double/double_v1_rom_shim_rp2040.S.o
LOAD CMakeFiles/flatbox-rev4.dir/_deps/pico_sdk-src/src/rp2_common/pico_int64_ops/pico_int64_ops_aeabi.S.o
LOAD CMakeFiles/flatbox-rev4.dir/_deps/pico_sdk-src/src/rp2_common/pico_float/float_aeabi_rp2040.S.o
LOAD CMakeFiles/flatbox-rev4.dir/_deps/pico_sdk-src/src/rp2_common/pico_float/float_init_rom_rp2040.c.o
LOAD CMakeFiles/flatbox-rev4.dir/_deps/pico_sdk-src/src/rp2_common/pico_float/float_math.c.o
LOAD CMakeFiles/flatbox-rev4.dir/_deps/pico_sdk-src/src/rp2_common/pico_float/float_v1_rom_shim_rp2040.S.o
LOAD CMakeFiles/flatbox-rev4.dir/_deps/pico_sdk-src/src/rp2_common/pico_malloc/malloc.c.o
LOAD CMakeFiles/flatbox-rev4.dir/_deps/pico_sdk-src/src/rp2_common/pico_mem_ops/mem_ops_aeabi.S.o
LOAD CMakeFiles/flatbox-rev4.dir/_deps/pico_sdk-src/src/rp2_common/pico_atomic/atomic.c.o
LOAD CMakeFiles/flatbox-rev4.dir/_deps/pico_sdk-src/src/rp2_common/pico_cxx_options/new_delete.cpp.o
LOAD CMakeFiles/flatbox-rev4.dir/_deps/pico_sdk-src/src/rp2_common/pico_standard_binary_info/standard_binary_info.c.o
LOAD CMakeFiles/flatbox-rev4.dir/_deps/pico_sdk-src/src/rp2_common/pico_printf/printf.c.o
LOAD CMakeFiles/flatbox-rev4.dir/_deps/pico_sdk-src/src/rp2_common/pico_crt0/crt0.S.o
LOAD CMakeFiles/flatbox-rev4.dir/_deps/pico_sdk-src/src/rp2_common/pico_clib_interface/newlib_interface.c.o
LOAD CMakeFiles/flatbox-rev4.dir/_deps/pico_sdk-src/src/rp2_common/pico_stdio/stdio.c.o
LOAD CMakeFiles/flatbox-rev4.dir/_deps/pico_sdk-src/src/rp2_common/pico_stdio_uart/stdio_uart.c.o
LOAD CMakeFiles/flatbox-rev4.dir/_deps/pico_sdk-src/lib/tinyusb/src/portable/raspberrypi/rp2040/dcd_rp2040.c.o
LOAD CMakeFiles/flatbox-rev4.dir/_deps/pico_sdk-src/lib/tinyusb/src/portable/raspberrypi/rp2040/rp2040_usb.c.o
LOAD CMakeFiles/flatbox-rev4.dir/_deps/pico_sdk-src/lib/tinyusb/src/device/usbd.c.o
LOAD CMakeFiles/flatbox-rev4.dir/_deps/pico_sdk-src/lib/tinyusb/src/device/usbd_control.c.o
LOAD CMakeFiles/flatbox-rev4.dir/_deps/pico_sdk-src/lib/tinyusb/src/class/audio/audio_device.c.o
LOAD CMakeFiles/flatbox-rev4.dir/_deps/pico_sdk-src/lib/tinyusb/src/class/cdc/cdc_device.c.o